09-26 18:18:33.721  2817  2817 D SystemServerTiming: StartNotificationManager took to complete: 86ms
09-26 18:18:33.721  2817  2817 I SystemServer: StartDeviceMonitor
09-26 18:18:33.722  2817  2817 I SystemServiceManager: Starting com.android.server.storage.DeviceStorageMonitorService
09-26 18:18:33.723  2817  2817 D SystemServerTiming: StartDeviceMonitor took to complete: 2ms
09-26 18:18:33.724  2817  2817 I SystemServer: StartLocationManagerService
09-26 18:18:33.727  2817  2817 D SystemServerTiming: StartLocationManagerService took to complete: 3ms
09-26 18:18:33.727  2817  2817 I SystemServer: StartCountryDetectorService
09-26 18:18:33.729  2817  2817 D SystemServerTiming: StartCountryDetectorService took to complete: 2ms
09-26 18:18:33.729  2817  2817 I SystemServer: StartSearchManagerService
09-26 18:18:33.729  2817  2817 I SystemServiceManager: Starting com.android.server.search.SearchManagerService$Lifecycle
09-26 18:18:33.732  2817  2817 D SystemServerTiming: StartSearchManagerService took to complete: 3ms
09-26 18:18:33.733  2817  2817 I SystemServer: StartWallpaperManagerService
09-26 18:18:33.733  2817  2817 I SystemServiceManager: Starting com.android.server.wallpaper.WallpaperManagerService$Lifecycle
09-26 18:18:33.736  2817  2817 I WallpaperManagerService: No static wallpaper imagery; defaults will be shown
09-26 18:18:33.739  2817  2817 D SystemServerTiming: StartWallpaperManagerService took to complete: 6ms
09-26 18:18:33.739  2817  2817 I SystemServer: StartAudioService
09-26 18:18:33.739  2817  2817 I SystemServiceManager: Starting com.android.server.audio.AudioService$Lifecycle
09-26 18:18:33.780  2817  2817 D SystemServerTiming: StartAudioService took to complete: 41ms
09-26 18:18:33.780  2817  2817 I SystemServer: StartDockObserver
09-26 18:18:33.780  2817  2817 I SystemServiceManager: Starting com.android.server.DockObserver
09-26 18:18:33.782  2817  2817 D SystemServerTiming: StartDockObserver took to complete: 2ms
09-26 18:18:33.783  2817  2817 I SystemServer: StartWiredAccessoryManager
09-26 18:18:33.784  2817  2817 W WiredAccessoryManager: This kernel does not have usb audio support
09-26 18:18:33.784  2817  2817 W WiredAccessoryManager: This kernel does not have HDMI audio support
09-26 18:18:33.784  2817  2817 D SystemServerTiming: StartWiredAccessoryManager took to complete: 1ms
09-26 18:18:33.784  2817  2817 I SystemServer: StartUsbService
09-26 18:18:33.784  2817  2817 I SystemServiceManager: Starting com.android.server.usb.UsbService$Lifecycle
09-26 18:18:33.797  2817  2908 I UsbPortManager: Usb hal service started android.hardware.usb@1.0::IUsb default
09-26 18:18:33.802  2817  2817 D SystemServerTiming: StartUsbService took to complete: 18ms
09-26 18:18:33.802  2817  2817 I SystemServer: StartSerialService
09-26 18:18:33.803  2817  2817 D SystemServerTiming: StartSerialService took to complete: 1ms
09-26 18:18:33.803  2817  2817 I SystemServer: StartHardwarePropertiesManagerService
09-26 18:18:33.805  2817  2817 D SystemServerTiming: StartHardwarePropertiesManagerService took to complete: 2ms
09-26 18:18:33.805  2817  2817 I SystemServer: StartTwilightService
09-26 18:18:33.806  2817  2817 I SystemServiceManager: Starting com.android.server.twilight.TwilightService
09-26 18:18:33.806  2817  2817 D SystemServerTiming: StartTwilightService took to complete: 1ms
09-26 18:18:33.806  2817  2817 I SystemServer: StartJobScheduler
09-26 18:18:33.806  2817  2817 I SystemServiceManager: Starting com.android.server.job.JobSchedulerService
09-26 18:18:33.813  2817  2817 D JobStore: Start tag: job-info
09-26 18:18:33.816  2817  2817 I JobStore: Read 4 jobs
09-26 18:18:33.819  2817  2817 D ConnectivityService: requestNetwork for uid/pid:1000/2817 NetworkRequest [ TRACK_DEFAULT id=3, [ Capabilities: INTERNET&NOT_RESTRICTED&TRUSTED&NOT_VPN] ]
09-26 18:18:33.824  2817  2817 D SystemServerTiming: StartJobScheduler took to complete: 18ms
09-26 18:18:33.824  2817  2817 I SystemServer: StartSoundTrigger
09-26 18:18:33.824  2817  2817 I SystemServiceManager: Starting com.android.server.soundtrigger.SoundTriggerService
09-26 18:18:33.826  2817  2817 D SystemServerTiming: StartSoundTrigger took to complete: 2ms
09-26 18:18:33.826  2817  2817 I SystemServer: StartTrustManager
09-26 18:18:33.826  2817  2817 I SystemServiceManager: Starting com.android.server.trust.TrustManagerService
09-26 18:18:33.829  2817  2817 D SystemServerTiming: StartTrustManager took to complete: 3ms
09-26 18:18:33.829  2817  2817 I SystemServer: StartBackupManager
09-26 18:18:33.830  2817  2817 I SystemServiceManager: Starting com.android.server.backup.BackupManagerService$Lifecycle
09-26 18:18:33.833  2817  2817 D SystemServerTiming: StartBackupManager took to complete: 4ms
09-26 18:18:33.833  2817  2817 I SystemServer: StartAppWidgerService
09-26 18:18:33.833  2817  2817 I SystemServiceManager: Starting com.android.server.appwidget.AppWidgetService
09-26 18:18:33.838  2817  2817 D SystemServerTiming: StartAppWidgerService took to complete: 5ms
09-26 18:18:33.838  2817  2817 I SystemServer: StartVoiceRecognitionManager
09-26 18:18:33.838  2817  2817 I SystemServiceManager: Starting com.android.server.voiceinteraction.VoiceInteractionManagerService
09-26 18:18:33.840  2817  2817 D SystemServerTiming: StartVoiceRecognitionManager took to complete: 2ms
09-26 18:18:33.841  2817  2817 I SystemServer: StartGestureLauncher
09-26 18:18:33.841  2817  2817 I SystemServiceManager: Starting com.android.server.GestureLauncherService
09-26 18:18:33.841  2817  2817 D SystemServerTiming: StartGestureLauncher took to complete: 0ms
09-26 18:18:33.841  2817  2817 I SystemServer: StartSensorNotification
09-26 18:18:33.841  2817  2817 I SystemServiceManager: Starting com.android.server.SensorNotificationService
09-26 18:18:33.841  2817  2817 D SystemServerTiming: StartSensorNotification took to complete: 1ms
09-26 18:18:33.842  2817  2817 I SystemServer: StartContextHubSystemService
09-26 18:18:33.842  2817  2817 I SystemServiceManager: Starting com.android.server.ContextHubSystemService
09-26 18:18:33.842  2817  2817 D SystemServerTiming: StartContextHubSystemService took to complete: 0ms
09-26 18:18:33.842  2817  2830 D SystemServerInitThreadPool: Started executing Init ContextHubSystemService
09-26 18:18:33.842  2817  2817 I SystemServer: StartDiskStatsService
09-26 18:18:33.844  2817  2817 D SystemServerTiming: StartDiskStatsService took to complete: 2ms
09-26 18:18:33.844  2817  2817 I SystemServer: StartNetworkTimeUpdateService
09-26 18:18:33.846  2817  2817 D SystemServerTiming: StartNetworkTimeUpdateService took to complete: 2ms
09-26 18:18:33.846  2817  2817 I SystemServer: StartCommonTimeManagementService
09-26 18:18:33.848  2817  2817 D SystemServerTiming: StartCommonTimeManagementService took to complete: 2ms
09-26 18:18:33.848  2817  2817 I SystemServer: CertBlacklister
09-26 18:18:33.849  2817  2830 D SystemServerInitThreadPool: Finished executing Init ContextHubSystemService
09-26 18:18:33.849  2817  2817 D SystemServerTiming: CertBlacklister took to complete: 1ms
09-26 18:18:33.849  2817  2817 I SystemServer: StartEmergencyAffordanceService
09-26 18:18:33.850  2817  2817 I SystemServiceManager: Starting com.android.server.emergency.EmergencyAffordanceService
09-26 18:18:33.850  2817  2817 D SystemServerTiming: StartEmergencyAffordanceService took to complete: 1ms
09-26 18:18:33.850  2817  2817 I SystemServer: StartDreamManager
09-26 18:18:33.850  2817  2817 I SystemServiceManager: Starting com.android.server.dreams.DreamManagerService
09-26 18:18:33.853  2817  2817 D SystemServerTiming: StartDreamManager took to complete: 3ms
09-26 18:18:33.853  2817  2817 I SystemServer: AddGraphicsStatsService
09-26 18:18:33.855  2817  2817 D SystemServerTiming: AddGraphicsStatsService took to complete: 2ms
09-26 18:18:33.855  2817  2867 D SystemServerInitThreadPool: Finished executing Init OverlayManagerService
09-26 18:18:33.856  2817  2817 I SystemServer: StartPrintManager
09-26 18:18:33.857  2817  2817 I SystemServiceManager: Starting com.android.server.print.PrintManagerService
09-26 18:18:33.860  2817  2817 D SystemServerTiming: StartPrintManager took to complete: 3ms
09-26 18:18:33.860  2817  2817 I SystemServer: StartCompanionDeviceManager
09-26 18:18:33.861  2817  2817 I SystemServiceManager: Starting com.android.server.companion.CompanionDeviceManagerService
09-26 18:18:33.863  2817  2817 D SystemServerTiming: StartCompanionDeviceManager took to complete: 3ms
09-26 18:18:33.864  2817  2817 I SystemServer: StartRestrictionManager
09-26 18:18:33.864  2817  2817 I SystemServiceManager: Starting com.android.server.restrictions.RestrictionsManagerService
09-26 18:18:33.865  2817  2817 D SystemServerTiming: StartRestrictionManager took to complete: 2ms
09-26 18:18:33.869  2817  2817 I SystemServer: StartMediaSessionService
09-26 18:18:33.871  2817  2817 I SystemServiceManager: Starting com.android.server.media.MediaSessionService
09-26 18:18:33.876  2817  2817 D SystemServerTiming: StartMediaSessionService took to complete: 7ms
09-26 18:18:33.876  2817  2817 I SystemServer: StartMediaResourceMonitor
09-26 18:18:33.876  2817  2817 I SystemServiceManager: Starting com.android.server.media.MediaResourceMonitorService
09-26 18:18:33.877  2817  2817 D SystemServerTiming: StartMediaResourceMonitor took to complete: 1ms
09-26 18:18:33.877  2817  2817 I SystemServer: StartMediaRouterService
09-26 18:18:33.879  2817  2817 D SystemServerTiming: StartMediaRouterService took to complete: 2ms
09-26 18:18:33.879  2817  2817 I SystemServer: StartFingerprintSensor
09-26 18:18:33.880  2817  2817 I SystemServiceManager: Starting com.android.server.fingerprint.FingerprintService
09-26 18:18:33.883  2817  2868 D SystemServerInitThreadPool: Started executing FingerprintService.onStart
09-26 18:18:33.883  2817  2868 V FingerprintService: mDeamon was null, reconnect to fingerprint
09-26 18:18:33.883  2817  2817 D SystemServerTiming: StartFingerprintSensor took to complete: 4ms
09-26 18:18:33.884  2817  2817 I SystemServer: StartBackgroundDexOptService
09-26 18:18:33.885  2817  2817 D SystemServerTiming: StartBackgroundDexOptService took to complete: 1ms
09-26 18:18:33.885  2817  2817 I SystemServer: StartPruneInstantAppsJobService
09-26 18:18:33.885  2817  2817 D SystemServerTiming: StartPruneInstantAppsJobService took to complete: 0ms
09-26 18:18:33.886  2817  2817 I SystemServer: StartShortcutServiceLifecycle
09-26 18:18:33.886  2817  2817 I SystemServiceManager: Starting com.android.server.pm.ShortcutService$Lifecycle
09-26 18:18:33.886  2817  2868 V FingerprintService: Fingerprint HAL id: 4136185984
09-26 18:18:33.891  2817  2817 D SystemServerTiming: StartShortcutServiceLifecycle took to complete: 5ms
09-26 18:18:33.892  2817  2817 I SystemServer: StartLauncherAppsService
09-26 18:18:33.892  2817  2817 I SystemServiceManager: Starting com.android.server.pm.LauncherAppsService
09-26 18:18:33.894  2817  2817 D SystemServerTiming: StartLauncherAppsService took to complete: 2ms
09-26 18:18:33.894  2817  2817 I SystemServer: StartMediaProjectionManager
09-26 18:18:33.895  2817  2817 I SystemServiceManager: Starting com.android.server.media.projection.MediaProjectionManagerService
09-26 18:18:33.905  2817  2817 D SystemServerTiming: StartMediaProjectionManager took to complete: 11ms
09-26 18:18:33.905  2817  2817 I SystemServer: StartCameraServiceProxy
09-26 18:18:33.905  2817  2817 I SystemServiceManager: Starting com.android.server.camera.CameraServiceProxy
09-26 18:18:33.908  2817  2946 I ServiceThread: Enabled StrictMode logging for CameraService_proxy looper.
09-26 18:18:33.911  2817  2817 D SystemServerTiming: StartCameraServiceProxy took to complete: 6ms
09-26 18:18:33.985  2817  2909 I ActivityManager: Config changes=8 {1.0 ?mcc?mnc [ru_RU] ldltr sw392dp w392dp h674dp 440dpi nrml long port finger -keyb/h/h -nav/h appBounds=Rect(0, 0 - 1080, 1920) s.5}
09-26 18:18:33.991  2817  2909 I ActivityManager: Override config changes=8 {1.0 ?mcc?mnc [ru_RU] ldltr sw392dp w392dp h674dp 440dpi nrml long port finger -keyb/h/h -nav/h appBounds=Rect(0, 0 - 1080, 1920) s.5} for displayId=0
09-26 18:18:34.006  2817  2817 I SystemServer: StartJitCompilation
09-26 18:18:34.006  2817  2817 D SystemServerTiming: StartJitCompilation took to complete: 0ms
09-26 18:18:34.006  2817  2817 I SystemServer: StartMmsService
09-26 18:18:34.006  2817  2817 I SystemServiceManager: Starting com.android.server.MmsServiceBroker
09-26 18:18:34.009  2817  2817 D SystemServerTiming: StartMmsService took to complete: 3ms
09-26 18:18:34.009  2817  2817 I SystemServer: StartAutoFillService
09-26 18:18:34.009  2817  2817 I SystemServiceManager: Starting com.android.server.autofill.AutofillManagerService
09-26 18:18:34.010  2817  2817 I AutofillManagerService: Setting debug to true
09-26 18:18:34.013  2817  2817 D SystemServerTiming: StartAutoFillService took to complete: 4ms
09-26 18:18:34.014  2817  2817 I LineageSystemServer: Attempting to start service org.lineageos.platform.internal.ProfileManagerService
09-26 18:18:34.021  2817  2817 I LineageSystemServer: Starting service org.lineageos.platform.internal.ProfileManagerService
09-26 18:18:34.021  2817  2817 I SystemServiceManager: Starting org.lineageos.platform.internal.ProfileManagerService
09-26 18:18:34.036  2817  2817 I LineageSystemServer: Attempting to start service org.lineageos.platform.internal.LineageHardwareService
09-26 18:18:34.046  2817  2817 I LineageSystemServer: Starting service org.lineageos.platform.internal.LineageHardwareService
09-26 18:18:34.046  2817  2817 I SystemServiceManager: Starting org.lineageos.platform.internal.LineageHardwareService
09-26 18:18:34.047  2817  2817 I LineageSystemServer: Attempting to start service org.lineageos.platform.internal.PerformanceManagerService
09-26 18:18:34.051  2817  2947 I ServiceThread: Enabled StrictMode logging for PerformanceManager looper.
09-26 18:18:34.051  2817  2817 I LineageSystemServer: Starting service org.lineageos.platform.internal.PerformanceManagerService
09-26 18:18:34.051  2817  2817 I SystemServiceManager: Starting org.lineageos.platform.internal.PerformanceManagerService
09-26 18:18:34.052  2817  2948 I ServiceThread: Enabled StrictMode logging for PerformanceManager looper.
09-26 18:18:34.053  2817  2817 I LineageSystemServer: Attempting to start service org.lineageos.platform.internal.LineageWeatherManagerService
09-26 18:18:34.058  2817  2817 I LineageSystemServer: Starting service org.lineageos.platform.internal.LineageWeatherManagerService
09-26 18:18:34.058  2817  2817 I SystemServiceManager: Starting org.lineageos.platform.internal.LineageWeatherManagerService
09-26 18:18:34.060  2817  2817 I LineageSystemServer: Attempting to start service org.lineageos.platform.internal.display.LiveDisplayService
09-26 18:18:34.066  2817  2949 I ServiceThread: Enabled StrictMode logging for LiveDisplay looper.
09-26 18:18:34.067  2817  2817 I LineageSystemServer: Starting service org.lineageos.platform.internal.display.LiveDisplayService
09-26 18:18:34.067  2817  2817 I SystemServiceManager: Starting org.lineageos.platform.internal.display.LiveDisplayService
09-26 18:18:34.069  2817  2950 I ServiceThread: Enabled StrictMode logging for LiveDisplay looper.
09-26 18:18:34.070  2817  2817 I LineageSystemServer: Attempting to start service org.lineageos.platform.internal.LineageAudioService
09-26 18:18:34.072  2817  2817 I LineageSystemServer: Starting service org.lineageos.platform.internal.LineageAudioService
09-26 18:18:34.072  2817  2817 I SystemServiceManager: Starting org.lineageos.platform.internal.LineageAudioService
09-26 18:18:34.078  2817  2817 I LineageSystemServer: Attempting to start service org.lineageos.platform.internal.StyleInterfaceService
09-26 18:18:34.081  2817  2817 I LineageSystemServer: Starting service org.lineageos.platform.internal.StyleInterfaceService
09-26 18:18:34.082  2817  2817 I SystemServiceManager: Starting org.lineageos.platform.internal.StyleInterfaceService
09-26 18:18:34.082  2817  2817 I LineageSystemServer: Attempting to start service org.lineageos.platform.internal.TrustInterfaceService
09-26 18:18:34.087  2817  2817 I LineageSystemServer: Starting service org.lineageos.platform.internal.TrustInterfaceService
09-26 18:18:34.087  2817  2817 I SystemServiceManager: Starting org.lineageos.platform.internal.TrustInterfaceService
09-26 18:18:34.093  2817  2817 I LineageSystemServer: Attempting to start service org.lineageos.platform.internal.LineageSettingsService
09-26 18:18:34.094  2817  2817 I LineageSystemServer: Starting service org.lineageos.platform.internal.LineageSettingsService
09-26 18:18:34.094  2817  2817 I SystemServiceManager: Starting org.lineageos.platform.internal.LineageSettingsService
09-26 18:18:34.094  2817  2817 I SystemServer: MakeVibratorServiceReady
09-26 18:18:34.096  2817  2817 D SystemServerTiming: MakeVibratorServiceReady took to complete: 2ms
09-26 18:18:34.096  2817  2817 I SystemServer: MakeLockSettingsServiceReady
09-26 18:18:34.104  2817  2868 D SystemServerInitThreadPool: Finished executing FingerprintService.onStart
09-26 18:18:34.115  2817  2817 I SyntheticPasswordManager: Device does not support weaver
09-26 18:18:34.117  2817  2817 E LockSettingsStorage: Cannot read file java.io.FileNotFoundException: /data/system/gatekeeper.password.key: open failed: ENOENT (No such file or directory)
09-26 18:18:34.117  2817  2817 E LockSettingsStorage: Cannot read file java.io.FileNotFoundException: /data/system/password.key: open failed: ENOENT (No such file or directory)
09-26 18:18:34.117  2817  2817 E LockSettingsStorage: Cannot read file java.io.FileNotFoundException: /data/system/gatekeeper.pattern.key: open failed: ENOENT (No such file or directory)
09-26 18:18:34.118  2817  2817 E LockSettingsStorage: Cannot read file java.io.FileNotFoundException: /data/system/gatekeeper.gesture.key: open failed: ENOENT (No such file or directory)
09-26 18:18:34.118  2817  2817 E LockSettingsStorage: Cannot read file java.io.FileNotFoundException: /data/system/gesture.key: open failed: ENOENT (No such file or directory)
09-26 18:18:34.119  2817  2817 D SystemServerTiming: MakeLockSettingsServiceReady took to complete: 23ms
09-26 18:18:34.119  2817  2817 I SystemServer: StartBootPhaseLockSettingsReady
09-26 18:18:34.119  2817  2817 I SystemServiceManager: Starting phase 480
09-26 18:18:34.121  2817  2817 W DevicePolicyManager: Failed loading admin com.google.android.gms/com.google.android.gms.mdm.receivers.MdmDeviceAdminReceiver
09-26 18:18:34.121  2817  2817 W DevicePolicyManager: java.lang.IllegalArgumentException: Unknown admin: ComponentInfo{com.google.android.gms/com.google.android.gms.mdm.receivers.MdmDeviceAdminReceiver}
09-26 18:18:34.121  2817  2817 W DevicePolicyManager: 	at com.android.server.devicepolicy.DevicePolicyManagerService.findAdmin(DevicePolicyManagerService.java:2476)
09-26 18:18:34.121  2817  2817 W DevicePolicyManager: 	at com.android.server.devicepolicy.DevicePolicyManagerService.loadSettingsLocked(DevicePolicyManagerService.java:2800)
09-26 18:18:34.121  2817  2817 W DevicePolicyManager: 	at com.android.server.devicepolicy.DevicePolicyManagerService.getUserData(DevicePolicyManagerService.java:1889)
09-26 18:18:34.121  2817  2817 W DevicePolicyManager: 	at com.android.server.devicepolicy.DevicePolicyManagerService.onLockSettingsReady(DevicePolicyManagerService.java:2997)
09-26 18:18:34.121  2817  2817 W DevicePolicyManager: 	at com.android.server.devicepolicy.DevicePolicyManagerService.systemReady(DevicePolicyManagerService.java:2988)
09-26 18:18:34.121  2817  2817 W DevicePolicyManager: 	at com.android.server.devicepolicy.DevicePolicyManagerService$Lifecycle.onBootPhase(DevicePolicyManagerService.java:465)
09-26 18:18:34.121  2817  2817 W DevicePolicyManager: 	at com.android.server.SystemServiceManager.startBootPhase(SystemServiceManager.java:153)
09-26 18:18:34.121  2817  2817 W DevicePolicyManager: 	at com.android.server.SystemServer.startOtherServices(SystemServer.java:1639)
09-26 18:18:34.121  2817  2817 W DevicePolicyManager: 	at com.android.server.SystemServer.run(SystemServer.java:411)
09-26 18:18:34.121  2817  2817 W DevicePolicyManager: 	at com.android.server.SystemServer.main(SystemServer.java:274)
09-26 18:18:34.121  2817  2817 W DevicePolicyManager: 	at java.lang.reflect.Method.invoke(Native Method)
09-26 18:18:34.121  2817  2817 W DevicePolicyManager: 	at com.android.internal.os.RuntimeInit$MethodAndArgsCaller.run(RuntimeInit.java:440)
09-26 18:18:34.121  2817  2817 W DevicePolicyManager: 	at com.android.internal.os.ZygoteInit.main(ZygoteInit.java:787)
09-26 18:18:34.122  2817  2817 W DevicePolicyManager: Unknown tag: policies
09-26 18:18:34.122  2817  2817 W DevicePolicyManager: Unknown tag: strong-auth-unlock-timeout
09-26 18:18:34.124  2817  2817 I DevicePolicyManager: Set ro.device_owner property to false
09-26 18:18:34.127  2817  2817 D SystemServerTiming: StartBootPhaseLockSettingsReady took to complete: 8ms
09-26 18:18:34.127  2817  2817 I SystemServer: StartBootPhaseSystemServicesReady
09-26 18:18:34.127  2817  2817 I SystemServiceManager: Starting phase 500
09-26 18:18:34.129  2817  2817 W UsageStatsService: Missing procfs interface: /proc/uid_procstat/set
09-26 18:18:34.137  2817  2817 I VrManagerService: No default vr listener service found.
09-26 18:18:34.143  2817  2817 I WifiService: WifiService starting up with Wi-Fi enabled
09-26 18:18:34.154  2817  2817 D WifiService: setWifiEnabled: true pid=2817, uid=1000, package=android
09-26 18:18:34.161  2817  2929 D ConnectivityService: Got NetworkFactory Messenger for Ethernet
09-26 18:18:34.165  2817  2817 D ZenLog  : config: cleanUpZenRules,ZenModeConfig[user=0,allowCalls=true,allowRepeatCallers=false,allowMessages=false,allowCallsFrom=contacts,allowMessagesFrom=contacts,allowReminders=true,allowEvents=true,allowWhenScreenOff=true,allowWhenScreenOn=true,automaticRules={EVENTS_DEFAULT_RULE=ZenRule[enabled=false,snoozing=false,name=Event,zenMode=ZEN_MODE_ALARMS,conditionId=condition://android/event?userId=-10000&calendar=&reply=1,condition=Condition[id=condition://android/event?userId=-10000&calendar=&reply=1,summary=...,line1=...,line2=...,icon=0,state=STATE_FALSE,flags=2],component=ComponentInfo{android/com.android.server.notification.EventConditionProvider},id=EVENTS_DEFAULT_RULE,creationTime=1591885584315,enabler=null], SCHEDULED_DEFAULT_RULE_1=ZenRule[enabled=false,snoozing=false,name=Weeknight,zenMode=ZEN_MODE_ALARMS,conditionId=condition://android/schedule?days=1.2.3.4.5&start=22.0&end=7.0&exitAtAlarm=false,condition=Condition[id=condition://android/schedule?days=1.2.3.4.5&start=22.0&end=7.0&exitAtAlarm=false,summary=...,line1=...,line2=...,icon=0,state=STATE_FALSE,flags=2],component=ComponentInfo{android/com.android.server.notification.ScheduleConditionProvider},id=SCHEDULED_DEFAULT_RULE_1,creationTime=1591885584314,enabler=null], SCHEDULED_DEFAULT_RULE_2=ZenRule[enabled=false,snoozing=false,name=Weekend,zenMode=ZEN_MODE_ALARMS,conditionId=condition://android/schedule?days=6.7&start=23.30&end=10.0&exitAtAlarm=false,condition=Condition[id=condition://android/schedule?days=6.7&start=23.30&end=10.0&exitAtAlarm=false,summary=...,line1=...,line2=...,icon=0,state=STATE_FALSE,flags=2],component=ComponentInfo{android/com.android.server.notification.ScheduleConditionProvider},id=SCHEDULED_DEFAULT_RULE_2,creationTime=1591885584314,enabler=null]},manualRule=null],Diff[]
09-26 18:18:34.165  2817  2817 D ZenLog  : set_zen_mode: off,onSystemReady
09-26 18:18:34.171  2817  2817 W SoundTriggerHelper: listModules status=0, # of modules=0
09-26 18:18:34.174  2817  2817 D SystemServerTiming: StartBootPhaseSystemServicesReady took to complete: 47ms
09-26 18:18:34.174  2817  2817 I SystemServer: MakeWindowManagerServiceReady
09-26 18:18:34.204  2817  2817 I ActivityManager: Config changes=20 {1.0 ?mcc?mnc [ru_RU] ldltr sw392dp w392dp h674dp 440dpi nrml long port finger -keyb/v/h -nav/h appBounds=Rect(0, 0 - 1080, 1920) s.6}
09-26 18:18:34.213  2817  2817 I ActivityManager: Override config changes=20 {1.0 ?mcc?mnc [ru_RU] ldltr sw392dp w392dp h674dp 440dpi nrml long port finger -keyb/v/h -nav/h appBounds=Rect(0, 0 - 1080, 1920) s.6} for displayId=0
09-26 18:18:34.224  2817  2817 D SystemServerTiming: MakeWindowManagerServiceReady took to complete: 50ms
09-26 18:18:34.226  2817  2817 I SystemServer: MakePowerManagerServiceReady
09-26 18:18:34.246  2817  2817 D SystemServerTiming: MakePowerManagerServiceReady took to complete: 20ms
09-26 18:18:34.246  2817  2817 I SystemServer: MakePackageManagerServiceReady
09-26 18:18:34.248  2817  2841 W KeyguardServiceDelegate: onScreenTurningOn(): no keyguard service!
09-26 18:18:34.256  2817  2817 V UserDataPreparer: Found /data/user_de/0 with serial number -1
09-26 18:18:34.256  2817  2817 D UserDataPreparer: Serial number missing on /data/user_de/0; assuming current is valid
09-26 18:18:34.257  2817  2817 V UserDataPreparer: Found /data/user/0 with serial number -1
09-26 18:18:34.257  2817  2817 D UserDataPreparer: Serial number missing on /data/user/0; assuming current is valid
09-26 18:18:34.257  2817  2817 V UserDataPreparer: Found /data/system_de/0 with serial number -1
09-26 18:18:34.257  2817  2817 D UserDataPreparer: Serial number missing on /data/system_de/0; assuming current is valid
09-26 18:18:34.257  2817  2817 V UserDataPreparer: Found /data/system_ce/0 with serial number -1
09-26 18:18:34.257  2817  2817 D UserDataPreparer: Serial number missing on /data/system_ce/0; assuming current is valid
09-26 18:18:34.258  2817  2817 V UserDataPreparer: Found /data/misc_ce/0 with serial number -1
09-26 18:18:34.258  2817  2817 D UserDataPreparer: Serial number missing on /data/misc_ce/0; assuming current is valid
09-26 18:18:34.259  2817  2817 W PackageManager: Destroying orphaned/data/app/me.twrp.twrpapp-1
09-26 18:18:34.267  2817  2817 D SystemServerTiming: MakePackageManagerServiceReady took to complete: 21ms
09-26 18:18:34.267  2817  2817 I SystemServer: MakeDisplayManagerServiceReady
09-26 18:18:34.267  2817  2817 D SystemServerTiming: MakeDisplayManagerServiceReady took to complete: 0ms
09-26 18:18:34.271  2817  2817 I ActivityManager: System now ready
09-26 18:18:34.273  2817  2817 I ActivityManager: Config changes=100 {1.0 ?mcc?mnc [ru_RU] ldltr sw392dp w392dp h674dp 440dpi nrml long port finger -keyb/v/h -nav/h appBounds=Rect(0, 0 - 1080, 1920) s.7}
09-26 18:18:34.282  2817  2817 I ActivityManager: Override config changes=100 {1.0 ?mcc?mnc [ru_RU] ldltr sw392dp w392dp h674dp 440dpi nrml long port finger -keyb/v/h -nav/h appBounds=Rect(0, 0 - 1080, 1920) s.7} for displayId=0
09-26 18:18:34.286  2817  2817 I SystemServer: Making services ready
09-26 18:18:34.286  2817  2817 I SystemServer: StartActivityManagerReadyPhase
09-26 18:18:34.286  2817  2817 I SystemServiceManager: Starting phase 550
09-26 18:18:34.288  2817  2839 I ActivityManager: Config changes=100 {1.0 ?mcc?mnc [ru_RU] ldltr sw392dp w392dp h674dp 440dpi nrml long port finger -keyb/v/h -nav/h appBounds=Rect(0, 0 - 1080, 1920) s.8}
09-26 18:18:34.298  2817  2839 I ActivityManager: Override config changes=100 {1.0 ?mcc?mnc [ru_RU] ldltr sw392dp w392dp h674dp 440dpi nrml long port finger -keyb/v/h -nav/h appBounds=Rect(0, 0 - 1080, 1920) s.8} for displayId=0
09-26 18:18:34.302  2817  2817 D BluetoothManagerService: Bluetooth boot completed
09-26 18:18:34.351  2817  2817 I ActivityManager: Start proc 2969:com.android.inputmethod.latin/u0a47 for service com.android.inputmethod.latin/.LatinIME
09-26 18:18:34.353  2817  2912 D StorageManagerService: Thinking about init, mSystemReady=true, mDaemonConnected=true
09-26 18:18:34.353  2817  2912 D StorageManagerService: Setting up emulation state, initlocked=false
09-26 18:18:34.353  2817  2912 D CryptdConnector: SND -> {2 cryptfs unlock_user_key 0 0 ! !}
09-26 18:18:34.354  2519  2524 D vold    : e4crypt_unlock_user_key 0 serial=0 token_present=0
09-26 18:18:34.354  2817  2914 D CryptdConnector: RCV <- {200 2 Command succeeded}
09-26 18:18:34.355  2817  2912 D StorageManagerService: Thinking about reset, mSystemReady=true, mDaemonConnected=true
09-26 18:18:34.356  2817  2912 D VoldConnector: SND -> {4 volume reset}
09-26 18:18:34.356  2817  2817 W WallpaperManagerService: Invalid wallpaper data
09-26 18:18:34.356  2817  2817 E WallpaperManagerService: Unable to apply new wallpaper
09-26 18:18:34.356  2817  2832 I ActivityManager: Force stopping com.android.providers.media appid=10002 user=-1: vold reset
09-26 18:18:34.356  2817  2817 V WallpaperManagerService: bindWallpaperComponentLocked: componentName=null
09-26 18:18:34.356  2817  2817 V WallpaperManagerService: No default component; using image wallpaper
09-26 18:18:34.357  2519  2523 V vold    : /system/bin/sgdisk
09-26 18:18:34.357  2519  2523 V vold    :     --android-dump
09-26 18:18:34.358  2519  2523 V vold    :     /dev/block/vold/disk:179_32
09-26 18:18:34.358  2817  2913 D VoldConnector: RCV <- {651 emulated 7}
09-26 18:18:34.359  2817  2913 D VoldConnector: RCV <- {659 emulated}
09-26 18:18:34.359  2817  2913 D VoldConnector: RCV <- {650 emulated 2 "" ""}
09-26 18:18:34.360  2817  2913 D VoldConnector: RCV <- {654 emulated emulated}
09-26 18:18:34.361  2817  2913 D VoldConnector: RCV <- {651 emulated 0}
09-26 18:18:34.361  2817  2913 D VoldConnector: RCV <- {651 public:179_33 7}
09-26 18:18:34.361  2817  2837 V StorageManagerService: Found primary storage at VolumeInfo{emulated}:
09-26 18:18:34.361  2817  2837 V StorageManagerService:     type=EMULATED diskId=null partGuid=null mountFlags=0 mountUserId=-1 
09-26 18:18:34.361  2817  2837 V StorageManagerService:     state=UNMOUNTED 
09-26 18:18:34.361  2817  2837 V StorageManagerService:     fsType=null fsUuid=null fsLabel=null 
09-26 18:18:34.361  2817  2837 V StorageManagerService:     path=null internalPath=null 
09-26 18:18:34.361  2817  2913 D VoldConnector: RCV <- {659 public:179_33}
09-26 18:18:34.362  2817  2913 D VoldConnector: RCV <- {649 disk:179_32}
09-26 18:18:34.362  2817  2913 D VoldConnector: RCV <- {640 disk:179_32 5}
09-26 18:18:34.363  2817  2913 D VoldConnector: RCV <- {641 disk:179_32 64021856256}
09-26 18:18:34.363  2817  2913 D VoldConnector: RCV <- {642 disk:179_32 Samsung}
09-26 18:18:34.364  2817  2913 D VoldConnector: RCV <- {644 disk:179_32 /sys//devices/13560000.dwmmc2/mmc_host/mmc2/mmc2:0001/block/mmcblk1}
09-26 18:18:34.370  2817  2817 I ActivityManager: Start proc 2984:com.android.systemui/u0a19 for service com.android.systemui/.ImageWallpaper
09-26 18:18:34.377  2817  2817 D UsbAlsaManager: Adding ALSA device AlsaDevice: [card: 0, device: 10, type: 1]
09-26 18:18:34.377  2817  2817 D UsbAlsaManager: Adding ALSA device AlsaDevice: [card: 0, device: 5, type: 2]
09-26 18:18:34.377  2817  2817 D UsbAlsaManager: Adding ALSA device AlsaDevice: [card: 0, device: 9, type: 1]
09-26 18:18:34.377  2817  2817 D UsbAlsaManager: Adding ALSA device AlsaDevice: [card: 0, device: 3, type: 1]
09-26 18:18:34.377  2817  2817 D UsbAlsaManager: Adding ALSA device AlsaDevice: [card: 0, device: 6, type: 2]
09-26 18:18:34.377  2817  2817 D UsbAlsaManager: Adding ALSA device AlsaDevice: [card: 0, device: 8, type: 1]
09-26 18:18:34.377  2817  2817 D UsbAlsaManager: Adding ALSA device AlsaDevice: [card: 0, device: 4, type: 1]
09-26 18:18:34.377  2817  2817 D UsbAlsaManager: Adding ALSA device AlsaDevice: [card: 0, device: 0, type: 1]
09-26 18:18:34.377  2817  2817 D UsbAlsaManager: Adding ALSA device AlsaDevice: [card: 0, device: 7, type: 1]
09-26 18:18:34.377  2817  2817 D UsbAlsaManager: Adding ALSA device AlsaDevice: [card: 0, device: 6, type: 1]
09-26 18:18:34.377  2817  2817 D UsbAlsaManager: Adding ALSA device AlsaDevice: [card: 0, device: 2, type: 1]
09-26 18:18:34.377  2817  2817 D UsbAlsaManager: Adding ALSA device AlsaDevice: [card: 0, device: 0, type: 2]
09-26 18:18:34.377  2817  2817 D UsbAlsaManager: Adding ALSA device AlsaDevice: [card: 0, device: 5, type: 1]
09-26 18:18:34.377  2817  2817 D UsbAlsaManager: Adding ALSA device AlsaDevice: [card: 0, device: 3, type: 2]
09-26 18:18:34.377  2817  2817 D UsbAlsaManager: Adding ALSA device AlsaDevice: [card: 0, device: 1, type: 1]
09-26 18:18:34.377  2817  2817 D UsbAlsaManager: Adding ALSA device AlsaDevice: [card: 0, device: 2, type: 2]
09-26 18:18:34.378  2817  2939 D BluetoothManagerService: Trying to bind to profile: 1, while Bluetooth was disabled
09-26 18:18:34.380  2817  2908 E UsbPortManager: port status enquiry failed
09-26 18:18:34.382  2817  2817 D SystemServerTiming: StartActivityManagerReadyPhase took to complete: 96ms
09-26 18:18:34.382  2817  2817 I SystemServer: StartObservingNativeCrashes
09-26 18:18:34.382  2817  2817 D SystemServerTiming: StartObservingNativeCrashes took to complete: 1ms
09-26 18:18:34.383  2817  2817 I SystemServer: StartSystemUI
09-26 18:18:34.383  2817  2830 D SystemServerInitThreadPool: Started executing WebViewFactoryPreparation
09-26 18:18:34.383  2817  2830 I SystemServer: WebViewFactoryPreparation
09-26 18:18:34.386  2817  2817 D SystemServerTiming: StartSystemUI took to complete: 3ms
09-26 18:18:34.386  2817  2817 I SystemServer: MakeNetworkScoreReady
09-26 18:18:34.387  2817  2817 D SystemServerTiming: MakeNetworkScoreReady took to complete: 0ms
09-26 18:18:34.387  2817  2817 I SystemServer: MakeNetworkManagementServiceReady
09-26 18:18:34.388  2817  2817 D NetworkManagement: enabling bandwidth control
09-26 18:18:34.390  2519  2523 V vold    : DISK mbr
09-26 18:18:34.390  2519  2523 V vold    : 
09-26 18:18:34.390  2519  2523 V vold    : PART 1 7
09-26 18:18:34.390  2519  2523 V vold    : 
09-26 18:18:34.391  2817  2913 D VoldConnector: RCV <- {650 public:179_33 0 "disk:179_32" ""}
09-26 18:18:34.392  2817  2913 D VoldConnector: RCV <- {654 public:179_33 extsd}
09-26 18:18:34.393  2817  2913 D VoldConnector: RCV <- {651 public:179_33 0}
09-26 18:18:34.393  2817  2913 D VoldConnector: RCV <- {643 disk:179_32}
09-26 18:18:34.393  2817  2913 D VoldConnector: RCV <- {200 4 Command succeeded}
09-26 18:18:34.394  2817  2912 D VoldConnector: SND -> {5 volume user_added 0 0}
09-26 18:18:34.395  2817  2913 D VoldConnector: RCV <- {200 5 Command succeeded}
09-26 18:18:34.397  2817  2912 D VoldConnector: SND -> {6 volume mount emulated 3 -1}
09-26 18:18:34.398  2817  2864 D SystemServerTimingAsync: AppDataPrepare took to complete: 1697ms
09-26 18:18:34.398  2817  2913 D VoldConnector: RCV <- {651 emulated 1}
09-26 18:18:34.398  2817  2864 I PackageManager: Deferred reconcileAppsData finished 107 packages
09-26 18:18:34.398  2817  2864 D SystemServerInitThreadPool: Finished executing prepareAppData
09-26 18:18:34.398  2817  2913 D VoldConnector: RCV <- {656 emulated /data/media}
09-26 18:18:34.399  2817  2913 D VoldConnector: RCV <- {655 emulated /storage/emulated}
09-26 18:18:34.399  2519  2523 V vold    : Waiting for FUSE to spin up...
09-26 18:18:34.430  2817  2830 I ActivityManager: Start proc 3013:WebViewLoader-armeabi-v7a/1037 [android.webkit.WebViewLibraryLoader$RelroFileCreator] for 
09-26 18:18:34.431  2817  2817 D SystemServerTiming: MakeNetworkManagementServiceReady took to complete: 45ms
09-26 18:18:34.432  2817  2817 I SystemServer: MakeNetworkStatsServiceReady
09-26 18:18:34.434  2817  2830 D SystemServerTimingAsync: WebViewFactoryPreparation took to complete: 51ms
09-26 18:18:34.434  2817  2830 D SystemServerInitThreadPool: Finished executing WebViewFactoryPreparation
09-26 18:18:34.435  2817  2835 E BatteryExternalStatsWorker: no controller energy info supplied for wifi
09-26 18:18:34.435  2817  2835 E BatteryExternalStatsWorker: no controller energy info supplied for telephony
09-26 18:18:34.446  2817  2920 D NetworkPolicy: setRestrictBackgroundUL(): false
09-26 18:18:34.450  2817  2913 D VoldConnector: RCV <- {651 emulated 2}
09-26 18:18:34.450  2817  2913 D VoldConnector: RCV <- {200 6 Command succeeded}
09-26 18:18:34.451  2817  2912 D VoldConnector: SND -> {7 volume mount public:179_33 2 0}
09-26 18:18:34.452  2817  2913 D VoldConnector: RCV <- {651 public:179_33 1}
09-26 18:18:34.452  2519  2523 V vold    : /system/bin/blkid
09-26 18:18:34.452  2519  2523 V vold    :     -c
09-26 18:18:34.452  2519  2523 V vold    :     /dev/null
09-26 18:18:34.452  2519  2523 V vold    :     -s
09-26 18:18:34.452  2519  2523 V vold    :     TYPE
09-26 18:18:34.452  2519  2523 V vold    :     -s
09-26 18:18:34.452  2519  2523 V vold    :     UUID
09-26 18:18:34.452  2519  2523 V vold    :     -s
09-26 18:18:34.452  2519  2523 V vold    :     LABEL
09-26 18:18:34.452  2519  2523 V vold    :     /dev/block/vold/public:179_33
09-26 18:18:34.462  2817  2817 D SystemServerTiming: MakeNetworkStatsServiceReady took to complete: 30ms
09-26 18:18:34.462  2817  2817 I SystemServer: MakeConnectivityServiceReady
09-26 18:18:34.495  2817  2817 D SystemServerTiming: MakeConnectivityServiceReady took to complete: 33ms
09-26 18:18:34.495  2817  2817 I SystemServer: MakeNetworkPolicyServiceReady
09-26 18:18:34.507  2519  2523 V vold    : /dev/block/vold/public:179_33: LABEL="disk" UUID="0000-0000" TYPE="exfat" 
09-26 18:18:34.507  2519  2523 V vold    : 
09-26 18:18:34.508  2817  2913 D VoldConnector: RCV <- {652 public:179_33 exfat}
09-26 18:18:34.509  2817  2913 D VoldConnector: RCV <- {653 public:179_33 0000-0000}
09-26 18:18:34.509  2519  2523 V vold    : /system/bin/fsck.exfat
09-26 18:18:34.509  2519  2523 V vold    :     /dev/block/vold/public:179_33
09-26 18:18:34.510  2817  2913 D VoldConnector: RCV <- {654 public:179_33 disk}
09-26 18:18:34.510  2817  2913 D VoldConnector: RCV <- {656 public:179_33 /mnt/media_rw/0000-0000}
09-26 18:18:34.511  2817  2913 D VoldConnector: RCV <- {655 public:179_33 /storage/0000-0000}
09-26 18:18:34.533  2984  2984 D SystemUIBootTiming: StartServicesDependency took to complete: 4ms
09-26 18:18:34.550  2984  2984 D SystemUIBootTiming: StartServicesNotificationChannels took to complete: 17ms
09-26 18:18:34.571  2984  2984 D SystemUIBootTiming: StartServicesCommandQueueStart took to complete: 20ms
09-26 18:18:34.605  2817  2817 D SystemServerTiming: MakeNetworkPolicyServiceReady took to complete: 110ms
09-26 18:18:34.605  2817  2817 I SystemServer: StartWatchdog
09-26 18:18:34.606  2817  2817 D SystemServerTiming: StartWatchdog took to complete: 1ms
09-26 18:18:34.606  2817  2817 I SystemServer: PhaseThirdPartyAppsCanStart
09-26 18:18:34.606  2817  2817 I SystemServiceManager: Starting phase 600
09-26 18:18:34.610  2817  2817 V WallpaperManagerService: bindWallpaperComponentLocked: componentName=ComponentInfo{com.android.systemui/com.android.systemui.ImageWallpaper}
09-26 18:18:34.638  2817  2817 D SystemServerTiming: PhaseThirdPartyAppsCanStart took to complete: 32ms
09-26 18:18:34.638  2817  2817 I SystemServer: MakeLocationServiceReady
09-26 18:18:34.643  2969  3077 E ActivityThread: Failed to find provider info for user_dictionary
09-26 18:18:34.664  2616  2616 I android.hardware.wifi@1.0-service: Wifi HAL started
09-26 18:18:34.690  2984  2984 D SystemUIBootTiming: StartServicesKeyguardViewMediator took to complete: 119ms
09-26 18:18:34.709  2817  2817 W LocationManagerService: no network location provider found
09-26 18:18:34.718  2817  2817 E LocationManagerService: no geocoder provider found
09-26 18:18:34.720  2817  2817 D LocationManagerService: FLP HAL not supported
09-26 18:18:34.724  2817  2817 D LocationManagerService: Unable to bind FLP Geofence proxy.
09-26 18:18:34.725  2817  2817 D LocationManagerService: Hardware Activity-Recognition not supported.
09-26 18:18:34.728  2817  2817 D LocationManagerService: Unable to bind ActivityRecognitionProxy.
09-26 18:18:34.732  2817  2817 D SystemServerTiming: MakeLocationServiceReady took to complete: 94ms
09-26 18:18:34.732  2817  2817 I SystemServer: MakeCountryDetectionServiceReady
09-26 18:18:34.732  2817  2817 D SystemServerTiming: MakeCountryDetectionServiceReady took to complete: 0ms
09-26 18:18:34.732  2817  2817 I SystemServer: MakeNetworkTimeUpdateReady
09-26 18:18:34.734  2817  2817 D ConnectivityService: requestNetwork for uid/pid:1000/2817 NetworkRequest [ TRACK_DEFAULT id=6, [ Capabilities: INTERNET&NOT_RESTRICTED&TRUSTED&NOT_VPN] ]
09-26 18:18:34.735  2817  2817 D SystemServerTiming: MakeNetworkTimeUpdateReady took to complete: 3ms
09-26 18:18:34.735  2817  2817 I SystemServer: MakeCommonTimeManagementServiceReady
09-26 18:18:34.736  2817  2817 D SystemServerTiming: MakeCommonTimeManagementServiceReady took to complete: 1ms
09-26 18:18:34.736  2817  2817 I SystemServer: MakeInputManagerServiceReady
09-26 18:18:34.737  2817  2817 D SystemServerTiming: MakeInputManagerServiceReady took to complete: 1ms
09-26 18:18:34.737  2817  2817 I SystemServer: MakeTelephonyRegistryReady
09-26 18:18:34.737  2817  2817 D SystemServerTiming: MakeTelephonyRegistryReady took to complete: 0ms
09-26 18:18:34.737  2817  2817 I SystemServer: MakeMediaRouterServiceReady
09-26 18:18:34.738  2817  2817 D SystemServerTiming: MakeMediaRouterServiceReady took to complete: 0ms
09-26 18:18:34.738  2817  2817 I SystemServer: MakeMmsServiceReady
09-26 18:18:34.738  2817  2817 I MmsServiceBroker: Delay connecting to MmsService until an API is called
09-26 18:18:34.739  2817  2817 D SystemServerTiming: MakeMmsServiceReady took to complete: 0ms
09-26 18:18:34.739  2817  2817 I SystemServer: MakeNetworkScoreServiceReady
09-26 18:18:34.739  2817  2817 D SystemServerTiming: MakeNetworkScoreServiceReady took to complete: 0ms
09-26 18:18:34.739  2817  2817 I SystemServer: IncidentDaemonReady
09-26 18:18:34.740  2817  2817 D SystemServerTiming: IncidentDaemonReady took to complete: 1ms
09-26 18:18:34.740  2817  2817 I SystemServiceManager: Calling onStartUser u0
09-26 18:18:34.742  2817  2817 W VoiceInteractionManagerService: no available voice interaction services found for user 0
09-26 18:18:34.742  2817  2817 W VoiceInteractionManagerService: no available voice recognition services found for user 0
09-26 18:18:34.755  2817  2817 I ActivityManager: Start proc 3112:com.android.phone/1001 for added application com.android.phone
09-26 18:18:34.758  2817  2817 I ActivityManager: START u0 {act=android.intent.action.MAIN cat=[android.intent.category.HOME] flg=0x10000100 cmp=com.android.settings/.FallbackHome} from uid 0
09-26 18:18:34.782  2817  2817 I ActivityManager: Loaded persisted task ids for user 0
09-26 18:18:34.801  2817  2817 I ActivityManager: Start proc 3133:com.android.settings/1000 for activity com.android.settings/.FallbackHome
09-26 18:18:34.803  2817  2817 D SystemServerTiming: ActivityManagerStartApps took to complete: 63ms
09-26 18:18:34.803  2817  2817 D SystemServerTiming: PhaseActivityManagerReady took to complete: 536ms
09-26 18:18:34.804  2817  2817 D SystemServerInitThreadPool: Shutdown successful
09-26 18:18:34.804  2817  2817 D SystemServerTiming: StartServices took to complete: 4059ms
09-26 18:18:34.806  2817  2817 I SystemServer: Enabled StrictMode for system server main thread.
09-26 18:18:34.869  2817  2817 D ConditionProviders.SCP: onConnected
09-26 18:18:34.869  2817  2817 D ZenLog  : set_zen_mode: off,readXml
09-26 18:18:34.879  2817  2817 D ConditionProviders: Subscribing to condition://android/event?userId=-10000&calendar=&reply=1 with ComponentInfo{android/com.android.server.notification.EventConditionProvider}
09-26 18:18:34.879  2817  2817 D ZenLog  : subscribe: condition://android/event?userId=-10000&calendar=&reply=1,ok
09-26 18:18:34.879  2817  2817 D ConditionProviders: Subscribing to condition://android/schedule?days=1.2.3.4.5&start=22.0&end=7.0&exitAtAlarm=false with ComponentInfo{android/com.android.server.notification.ScheduleConditionProvider}
09-26 18:18:34.879  2817  2817 D ZenLog  : subscribe: condition://android/schedule?days=1.2.3.4.5&start=22.0&end=7.0&exitAtAlarm=false,ok
09-26 18:18:34.879  2817  2817 D ConditionProviders: Subscribing to condition://android/schedule?days=6.7&start=23.30&end=10.0&exitAtAlarm=false with ComponentInfo{android/com.android.server.notification.ScheduleConditionProvider}
09-26 18:18:34.879  2817  2817 D ZenLog  : subscribe: condition://android/schedule?days=6.7&start=23.30&end=10.0&exitAtAlarm=false,ok
09-26 18:18:34.921  2817  2817 W ContextImpl: Calling a method in the system process without a qualified user: android.app.ContextImpl.startService:1476 com.android.server.content.SyncManager$13.run:722 android.os.Handler.handleCallback:790 android.os.Handler.dispatchMessage:99 android.os.Looper.loop:164 
09-26 18:18:34.928  2817  2817 D ZenLog  : set_zen_mode: off,cleanUpZenRules
09-26 18:18:34.928  2984  2984 D SystemUIBootTiming: StartServicesRecents took to complete: 238ms
09-26 18:18:34.993  2817  2817 D BluetoothManagerService: Trying to bind to profile: 1, while Bluetooth was disabled
09-26 18:18:35.006  2817  3189 I Telecom : BluetoothRouteManager: getBluetoothAudioConnectedDevice: no headset service available.
09-26 18:18:35.011  2817  2817 I Telecom : SystemStateProvider: Registering car mode receiver: android.content.IntentFilter@bbe0e7d: TS.init@AAA
09-26 18:18:35.024  2817  3204 I Telecom : Logging.Events: Non-call EVENT: AUDIO_ROUTE, Entering state QuiescentEarpieceRoute
09-26 18:18:35.033  2817  3208 I Telecom : CallAudioModeStateMachine: Message received: null.: TS.init->CAMSM.pM_1@AAA
09-26 18:18:35.062  2817  2817 I Telecom : MissedCallNotifierImpl: Boot not yet complete -- call log db may not be available. Deferring loading until boot complete.: TS.init@AAA
09-26 18:18:35.066  2817  2817 D BluetoothManagerService: Trying to bind to profile: 1, while Bluetooth was disabled
09-26 18:18:35.068  2817  2866 W LocalDisplayAdapter: Unable to find color mode 0, ignoring request.
09-26 18:18:35.071  2817  2832 W KeyguardServiceDelegate: onScreenTurningOn(): no keyguard service!
09-26 18:18:35.076  2817  2817 I Telecom : Class: TelecomSystem.INSTANCE being set
09-26 18:18:35.077  2817  2817 W ContextImpl: Calling a method in the system process without a qualified user: android.app.ContextImpl.startService:1476 android.content.ContextWrapper.startService:650 com.android.server.telecom.components.TelecomService.initializeTelecomSystem:180 com.android.server.telecom.components.TelecomService.onBind:64 android.app.ActivityThread.handleBindService:3366 
09-26 18:18:35.112  2817  3067 W LocalDisplayAdapter: Unable to find color mode 0, ignoring request.
09-26 18:18:35.137  2817  2828 W LocalDisplayAdapter: Unable to find color mode 0, ignoring request.
09-26 18:18:35.143  2817  2866 W LocalDisplayAdapter: Unable to find color mode 0, ignoring request.
09-26 18:18:35.148  2817  2817 V WiredAccessoryManager: init()
09-26 18:18:35.159  2817  2817 W DevicePolicyManager: Failed loading admin com.google.android.gms/com.google.android.gms.mdm.receivers.MdmDeviceAdminReceiver
09-26 18:18:35.159  2817  2817 W DevicePolicyManager: java.lang.IllegalArgumentException: Unknown admin: ComponentInfo{com.google.android.gms/com.google.android.gms.mdm.receivers.MdmDeviceAdminReceiver}
09-26 18:18:35.159  2817  2817 W DevicePolicyManager: 	at com.android.server.devicepolicy.DevicePolicyManagerService.findAdmin(DevicePolicyManagerService.java:2476)
09-26 18:18:35.159  2817  2817 W DevicePolicyManager: 	at com.android.server.devicepolicy.DevicePolicyManagerService.loadSettingsLocked(DevicePolicyManagerService.java:2800)
09-26 18:18:35.159  2817  2817 W DevicePolicyManager: 	at com.android.server.devicepolicy.DevicePolicyManagerService.getUserData(DevicePolicyManagerService.java:1889)
09-26 18:18:35.159  2817  2817 W DevicePolicyManager: 	at com.android.server.devicepolicy.DevicePolicyManagerService.sendAdminEnabledBroadcastLocked(DevicePolicyManagerService.java:8149)
09-26 18:18:35.159  2817  2817 W DevicePolicyManager: 	at com.android.server.devicepolicy.DevicePolicyManagerService.-wrap18(Unknown Source:0)
09-26 18:18:35.159  2817  2817 W DevicePolicyManager: 	at com.android.server.devicepolicy.DevicePolicyManagerService$4.onReceive(DevicePolicyManagerService.java:621)
09-26 18:18:35.159  2817  2817 W DevicePolicyManager: 	at android.app.LoadedApk$ReceiverDispatcher$Args.lambda$-android_app_LoadedApk$ReceiverDispatcher$Args_52511(LoadedApk.java:1313)
09-26 18:18:35.159  2817  2817 W DevicePolicyManager: 	at android.app.-$Lambda$aS31cHIhRx41653CMnd4gZqshIQ.$m$7(Unknown Source:4)
09-26 18:18:35.159  2817  2817 W DevicePolicyManager: 	at android.app.-$Lambda$aS31cHIhRx41653CMnd4gZqshIQ.run(Unknown Source:39)
09-26 18:18:35.159  2817  2817 W DevicePolicyManager: 	at android.os.Handler.handleCallback(Handler.java:790)
09-26 18:18:35.159  2817  2817 W DevicePolicyManager: 	at android.os.Handler.dispatchMessage(Handler.java:99)
09-26 18:18:35.159  2817  2817 W DevicePolicyManager: 	at android.os.Looper.loop(Looper.java:164)
09-26 18:18:35.159  2817  2817 W DevicePolicyManager: 	at com.android.server.SystemServer.run(SystemServer.java:436)
09-26 18:18:35.159  2817  2817 W DevicePolicyManager: 	at com.android.server.SystemServer.main(SystemServer.java:274)
09-26 18:18:35.159  2817  2817 W DevicePolicyManager: 	at java.lang.reflect.Method.invoke(Native Method)
09-26 18:18:35.159  2817  2817 W DevicePolicyManager: 	at com.android.internal.os.RuntimeInit$MethodAndArgsCaller.run(RuntimeInit.java:440)
09-26 18:18:35.159  2817  2817 W DevicePolicyManager: 	at com.android.internal.os.ZygoteInit.main(ZygoteInit.java:787)
09-26 18:18:35.159  2817  2817 W DevicePolicyManager: Unknown tag: policies
09-26 18:18:35.159  2817  2817 W DevicePolicyManager: Unknown tag: strong-auth-unlock-timeout
09-26 18:18:35.216  2616  2616 E android.hardware.wifi@1.0-service: Failed to set DFS flag; DFS channels may be unavailable.
09-26 18:18:35.220  2817  2817 V NotificationListeners: enabling notification listener for 0: ComponentInfo{org.lineageos.trebuchet/com.android.launcher3.notification.NotificationListener}
