09-26 18:18:35.220  2817  2817 V NotificationListeners: binding: Intent { act=android.service.notification.NotificationListenerService cmp=org.lineageos.trebuchet/com.android.launcher3.notification.NotificationListener (has extras) }
09-26 18:18:35.221  2817  2817 W ActivityManager: Unable to start service Intent { act=android.service.notification.NotificationListenerService cmp=org.lineageos.trebuchet/com.android.launcher3.notification.NotificationListener } U=0: not found
09-26 18:18:35.221  2817  2817 W NotificationListeners: Unable to bind notification listener service: Intent { act=android.service.notification.NotificationListenerService cmp=org.lineageos.trebuchet/com.android.launcher3.notification.NotificationListener (has extras) }
09-26 18:18:35.229  2657  2657 I wificond: create scanner for interface with index: 14
09-26 18:18:35.229  2657  2657 I wificond: subscribe scan result for interface with index: 14
09-26 18:18:35.232  2657  2657 E wificond: No Offload Service available
09-26 18:18:35.232  2657  2657 I wificond: Offload HAL not supported 
09-26 18:18:35.250  2817  2817 D ConditionProviders.SCP: onSubscribe condition://android/schedule?days=1.2.3.4.5&start=22.0&end=7.0&exitAtAlarm=false
09-26 18:18:35.252  2817  2817 D ConditionProviders.SCP: setRegistered true
09-26 18:18:35.252  2817  2817 D ConditionProviders.SCP: notifyCondition condition://android/schedule?days=1.2.3.4.5&start=22.0&end=7.0&exitAtAlarm=false STATE_FALSE reason=!meetsSchedule
09-26 18:18:35.260  2817  2817 D ConditionProviders.SCP: Scheduling evaluate for Sat Sep 26 22:00:00 GMT+03:00 2020 (1601146800000), in +3h41m24s749ms, now=Sat Sep 26 18:18:35 GMT+03:00 2020 (1601133515251)
09-26 18:18:35.263  2817  2817 D ConditionProviders.SCP: onSubscribe condition://android/schedule?days=6.7&start=23.30&end=10.0&exitAtAlarm=false
09-26 18:18:35.264  2817  2817 D ConditionProviders.SCP: notifyCondition condition://android/schedule?days=6.7&start=23.30&end=10.0&exitAtAlarm=false STATE_FALSE reason=!meetsSchedule
09-26 18:18:35.264  2817  2817 D ConditionProviders.SCP: notifyCondition condition://android/schedule?days=1.2.3.4.5&start=22.0&end=7.0&exitAtAlarm=false STATE_FALSE reason=!meetsSchedule
09-26 18:18:35.264  2817  2936 E ActivityThread: Failed to find provider info for com.android.calendar
09-26 18:18:35.265  2817  2936 E ActivityThread: Failed to find provider info for com.android.calendar
09-26 18:18:35.265  2817  2817 D ConditionProviders.SCP: Scheduling evaluate for Sat Sep 26 22:00:00 GMT+03:00 2020 (1601146800000), in +3h41m24s737ms, now=Sat Sep 26 18:18:35 GMT+03:00 2020 (1601133515263)
09-26 18:18:35.267  2817  2831 I SyncManager: Got SyncJobService instance.
09-26 18:18:35.297  2817  2817 I Telecom : WiredHeadsetManager: ACTION_HEADSET_PLUG event, plugged in: false, : WHC.oADA@AAE
09-26 18:18:35.307  2817  2817 D AutofillManagerService: Autofill restriction did not change for user 0: null
09-26 18:18:35.328  2984  2984 D SystemUIBootTiming: StartServicesVolumeUI took to complete: 399ms
09-26 18:18:35.362  2984  2984 D SystemUIBootTiming: StartServicesDivider took to complete: 34ms
09-26 18:18:35.459  2817  2828 W WallpaperManagerService: Cannot extract colors because wallpaper could not be read.
09-26 18:18:35.460  2817  2828 W WallpaperManagerService: Cannot extract colors because wallpaper could not be read.
09-26 18:18:35.473  2817  2828 I StatusBarManagerService: registerStatusBar bar=com.android.internal.statusbar.IStatusBar$Stub$Proxy@11c6cc9
09-26 18:18:35.496  2817  2929 D ConnectivityService: Got NetworkFactory Messenger for PhoneSwitcherNetworkRequstListener
09-26 18:18:35.504  2817  2929 D ConnectivityService: Got NetworkFactory Messenger for TelephonyNetworkFactory[0]
09-26 18:18:35.505  2817  2929 D ConnectivityService: Got NetworkFactory Messenger for TelephonyNetworkFactory[1]
09-26 18:18:35.516  3112  3311 E ActivityThread: Failed to find provider info for com.android.contacts
09-26 18:18:35.526  2616  2616 E android.hardware.wifi@1.0-service: Failed to get driver version: SUCCESS
09-26 18:18:35.527  2817  3067 D BluetoothManagerService: Trying to bind to profile: 1, while Bluetooth was disabled
09-26 18:18:35.527  2616  2616 E android.hardware.wifi@1.0-service: Failed to get driver version: SUCCESS
09-26 18:18:35.543  3112  3112 I TelecomFramework: TtyManager: updateUiTtyMode -1 -> 0
09-26 18:18:35.548  3112  3112 I TelecomFramework: TtyManager: updateUiTtyMode -1 -> 0
09-26 18:18:35.649  2984  2984 I StatusBar: isKeyguardShowing() called before startKeyguard(), returning true
09-26 18:18:35.650  2984  2984 W StatusBar: isKeyguardSecure() called before startKeyguard(), returning false
09-26 18:18:35.650  2984  2984 W StatusBar: java.lang.Throwable
09-26 18:18:35.650  2984  2984 W StatusBar: 	at com.android.systemui.statusbar.phone.StatusBar.isKeyguardSecure(StatusBar.java:7877)
09-26 18:18:35.650  2984  2984 W StatusBar: 	at com.android.systemui.statusbar.phone.StatusBar.isCameraAllowedByAdmin(StatusBar.java:5751)
09-26 18:18:35.650  2984  2984 W StatusBar: 	at com.android.systemui.statusbar.phone.KeyguardBottomAreaView$DefaultRightButton.getIcon(KeyguardBottomAreaView.java:856)
09-26 18:18:35.650  2984  2984 W StatusBar: 	at com.android.systemui.statusbar.phone.KeyguardBottomAreaView.updateCameraVisibility(KeyguardBottomAreaView.java:382)
09-26 18:18:35.650  2984  2984 W StatusBar: 	at com.android.systemui.statusbar.phone.KeyguardBottomAreaView.setStatusBar(KeyguardBottomAreaView.java:351)
09-26 18:18:35.650  2984  2984 W StatusBar: 	at com.android.systemui.statusbar.phone.NotificationPanelView.setStatusBar(NotificationPanelView.java:278)
09-26 18:18:35.650  2984  2984 W StatusBar: 	at com.android.systemui.statusbar.phone.StatusBar.makeStatusBarView(StatusBar.java:1140)
09-26 18:18:35.650  2984  2984 W StatusBar: 	at com.android.systemui.statusbar.phone.StatusBar.addStatusBarWindow(StatusBar.java:3931)
09-26 18:18:35.650  2984  2984 W StatusBar: 	at com.android.systemui.statusbar.phone.StatusBar.createAndAddWindows(StatusBar.java:3927)
09-26 18:18:35.650  2984  2984 W StatusBar: 	at com.android.systemui.statusbar.phone.StatusBar.start(StatusBar.java:987)
09-26 18:18:35.650  2984  2984 W StatusBar: 	at com.android.systemui.SystemBars.createStatusBarFromConfig(SystemBars.java:71)
09-26 18:18:35.650  2984  2984 W StatusBar: 	at com.android.systemui.SystemBars.start(SystemBars.java:42)
09-26 18:18:35.650  2984  2984 W StatusBar: 	at com.android.systemui.SystemUIApplication.startServicesIfNeeded(SystemUIApplication.java:215)
09-26 18:18:35.650  2984  2984 W StatusBar: 	at com.android.systemui.SystemUIApplication.startServicesIfNeeded(SystemUIApplication.java:164)
09-26 18:18:35.650  2984  2984 W StatusBar: 	at com.android.systemui.keyguard.KeyguardService.onCreate(KeyguardService.java:48)
09-26 18:18:35.650  2984  2984 W StatusBar: 	at android.app.ActivityThread.handleCreateService(ActivityThread.java:3339)
09-26 18:18:35.650  2984  2984 W StatusBar: 	at android.app.ActivityThread.-wrap4(Unknown Source:0)
09-26 18:18:35.650  2984  2984 W StatusBar: 	at android.app.ActivityThread$H.handleMessage(ActivityThread.java:1677)
09-26 18:18:35.650  2984  2984 W StatusBar: 	at android.os.Handler.dispatchMessage(Handler.java:106)
09-26 18:18:35.650  2984  2984 W StatusBar: 	at android.os.Looper.loop(Looper.java:164)
09-26 18:18:35.650  2984  2984 W StatusBar: 	at android.app.ActivityThread.main(ActivityThread.java:6494)
09-26 18:18:35.650  2984  2984 W StatusBar: 	at java.lang.reflect.Method.invoke(Native Method)
09-26 18:18:35.650  2984  2984 W StatusBar: 	at com.android.internal.os.RuntimeInit$MethodAndArgsCaller.run(RuntimeInit.java:440)
09-26 18:18:35.650  2984  2984 W StatusBar: 	at com.android.internal.os.ZygoteInit.main(ZygoteInit.java:807)
09-26 18:18:35.722  2984  2984 I StatusBar: isKeyguardShowing() called before startKeyguard(), returning true
09-26 18:18:35.722  2984  2984 W StatusBar: isKeyguardSecure() called before startKeyguard(), returning false
09-26 18:18:35.722  2984  2984 W StatusBar: java.lang.Throwable
09-26 18:18:35.722  2984  2984 W StatusBar: 	at com.android.systemui.statusbar.phone.StatusBar.isKeyguardSecure(StatusBar.java:7877)
09-26 18:18:35.722  2984  2984 W StatusBar: 	at com.android.systemui.statusbar.phone.StatusBar.isCameraAllowedByAdmin(StatusBar.java:5751)
09-26 18:18:35.722  2984  2984 W StatusBar: 	at com.android.systemui.statusbar.phone.KeyguardBottomAreaView$DefaultRightButton.getIcon(KeyguardBottomAreaView.java:856)
09-26 18:18:35.722  2984  2984 W StatusBar: 	at com.android.systemui.statusbar.phone.KeyguardBottomAreaView.updateCameraVisibility(KeyguardBottomAreaView.java:382)
09-26 18:18:35.722  2984  2984 W StatusBar: 	at com.android.systemui.statusbar.phone.KeyguardBottomAreaView.setUserSetupComplete(KeyguardBottomAreaView.java:360)
09-26 18:18:35.722  2984  2984 W StatusBar: 	at com.android.systemui.statusbar.phone.NotificationPanelView.setUserSetupComplete(NotificationPanelView.java:2706)
09-26 18:18:35.722  2984  2984 W StatusBar: 	at com.android.systemui.statusbar.phone.StatusBar.makeStatusBarView(StatusBar.java:1284)
09-26 18:18:35.722  2984  2984 W StatusBar: 	at com.android.systemui.statusbar.phone.StatusBar.addStatusBarWindow(StatusBar.java:3931)
09-26 18:18:35.722  2984  2984 W StatusBar: 	at com.android.systemui.statusbar.phone.StatusBar.createAndAddWindows(StatusBar.java:3927)
09-26 18:18:35.722  2984  2984 W StatusBar: 	at com.android.systemui.statusbar.phone.StatusBar.start(StatusBar.java:987)
09-26 18:18:35.722  2984  2984 W StatusBar: 	at com.android.systemui.SystemBars.createStatusBarFromConfig(SystemBars.java:71)
09-26 18:18:35.722  2984  2984 W StatusBar: 	at com.android.systemui.SystemBars.start(SystemBars.java:42)
09-26 18:18:35.722  2984  2984 W StatusBar: 	at com.android.systemui.SystemUIApplication.startServicesIfNeeded(SystemUIApplication.java:215)
09-26 18:18:35.722  2984  2984 W StatusBar: 	at com.android.systemui.SystemUIApplication.startServicesIfNeeded(SystemUIApplication.java:164)
09-26 18:18:35.722  2984  2984 W StatusBar: 	at com.android.systemui.keyguard.KeyguardService.onCreate(KeyguardService.java:48)
09-26 18:18:35.722  2984  2984 W StatusBar: 	at android.app.ActivityThread.handleCreateService(ActivityThread.java:3339)
09-26 18:18:35.722  2984  2984 W StatusBar: 	at android.app.ActivityThread.-wrap4(Unknown Source:0)
09-26 18:18:35.722  2984  2984 W StatusBar: 	at android.app.ActivityThread$H.handleMessage(ActivityThread.java:1677)
09-26 18:18:35.722  2984  2984 W StatusBar: 	at android.os.Handler.dispatchMessage(Handler.java:106)
09-26 18:18:35.722  2984  2984 W StatusBar: 	at android.os.Looper.loop(Looper.java:164)
09-26 18:18:35.722  2984  2984 W StatusBar: 	at android.app.ActivityThread.main(ActivityThread.java:6494)
09-26 18:18:35.722  2984  2984 W StatusBar: 	at java.lang.reflect.Method.invoke(Native Method)
09-26 18:18:35.722  2984  2984 W StatusBar: 	at com.android.internal.os.RuntimeInit$MethodAndArgsCaller.run(RuntimeInit.java:440)
09-26 18:18:35.722  2984  2984 W StatusBar: 	at com.android.internal.os.ZygoteInit.main(ZygoteInit.java:807)
09-26 18:18:35.786  2817  3067 I Telecom : PhoneAccountRegistrar: Modify account: [ComponentInfo{com.android.phone/com.android.services.telephony.TelephonyConnectionService}, [e0184adedf913b076626646d3f52c3b49c39ad6d], UserHandle{0}]: TSI.rPA@AAY
09-26 18:18:35.788  2984  2984 I StatusBar: isKeyguardShowing() called before startKeyguard(), returning true
09-26 18:18:35.789  2984  2984 W StatusBar: isKeyguardSecure() called before startKeyguard(), returning false
09-26 18:18:35.789  2984  2984 W StatusBar: java.lang.Throwable
09-26 18:18:35.789  2984  2984 W StatusBar: 	at com.android.systemui.statusbar.phone.StatusBar.isKeyguardSecure(StatusBar.java:7877)
09-26 18:18:35.789  2984  2984 W StatusBar: 	at com.android.systemui.statusbar.phone.StatusBar.isCameraAllowedByAdmin(StatusBar.java:5751)
09-26 18:18:35.789  2984  2984 W StatusBar: 	at com.android.systemui.statusbar.phone.KeyguardBottomAreaView$DefaultRightButton.getIcon(KeyguardBottomAreaView.java:856)
09-26 18:18:35.789  2984  2984 W StatusBar: 	at com.android.systemui.statusbar.phone.KeyguardBottomAreaView.updateCameraVisibility(KeyguardBottomAreaView.java:382)
09-26 18:18:35.789  2984  2984 W StatusBar: 	at com.android.systemui.statusbar.phone.KeyguardBottomAreaView.setUserSetupComplete(KeyguardBottomAreaView.java:360)
09-26 18:18:35.789  2984  2984 W StatusBar: 	at com.android.systemui.statusbar.phone.NotificationPanelView.setUserSetupComplete(NotificationPanelView.java:2706)
09-26 18:18:35.789  2984  2984 W StatusBar: 	at com.android.systemui.statusbar.phone.StatusBar$2.onUserSetupChanged(StatusBar.java:610)
09-26 18:18:35.789  2984  2984 W StatusBar: 	at com.android.systemui.statusbar.policy.DeviceProvisionedControllerImpl.addCallback(DeviceProvisionedControllerImpl.java:69)
09-26 18:18:35.789  2984  2984 W StatusBar: 	at com.android.systemui.statusbar.policy.DeviceProvisionedControllerImpl.addCallback(DeviceProvisionedControllerImpl.java:63)
09-26 18:18:35.789  2984  2984 W StatusBar: 	at com.android.systemui.statusbar.phone.StatusBar.makeStatusBarView(StatusBar.java:1375)
09-26 18:18:35.789  2984  2984 W StatusBar: 	at com.android.systemui.statusbar.phone.StatusBar.addStatusBarWindow(StatusBar.java:3931)
09-26 18:18:35.789  2984  2984 W StatusBar: 	at com.android.systemui.statusbar.phone.StatusBar.createAndAddWindows(StatusBar.java:3927)
09-26 18:18:35.789  2984  2984 W StatusBar: 	at com.android.systemui.statusbar.phone.StatusBar.start(StatusBar.java:987)
09-26 18:18:35.789  2984  2984 W StatusBar: 	at com.android.systemui.SystemBars.createStatusBarFromConfig(SystemBars.java:71)
09-26 18:18:35.789  2984  2984 W StatusBar: 	at com.android.systemui.SystemBars.start(SystemBars.java:42)
09-26 18:18:35.789  2984  2984 W StatusBar: 	at com.android.systemui.SystemUIApplication.startServicesIfNeeded(SystemUIApplication.java:215)
09-26 18:18:35.789  2984  2984 W StatusBar: 	at com.android.systemui.SystemUIApplication.startServicesIfNeeded(SystemUIApplication.java:164)
09-26 18:18:35.789  2984  2984 W StatusBar: 	at com.android.systemui.keyguard.KeyguardService.onCreate(KeyguardService.java:48)
09-26 18:18:35.789  2984  2984 W StatusBar: 	at android.app.ActivityThread.handleCreateService(ActivityThread.java:3339)
09-26 18:18:35.789  2984  2984 W StatusBar: 	at android.app.ActivityThread.-wrap4(Unknown Source:0)
09-26 18:18:35.789  2984  2984 W StatusBar: 	at android.app.ActivityThread$H.handleMessage(ActivityThread.java:1677)
09-26 18:18:35.789  2984  2984 W StatusBar: 	at android.os.Handler.dispatchMessage(Handler.java:106)
09-26 18:18:35.789  2984  2984 W StatusBar: 	at android.os.Looper.loop(Looper.java:164)
09-26 18:18:35.789  2984  2984 W StatusBar: 	at android.app.ActivityThread.main(ActivityThread.java:6494)
09-26 18:18:35.789  2984  2984 W StatusBar: 	at java.lang.reflect.Method.invoke(Native Method)
09-26 18:18:35.789  2984  2984 W StatusBar: 	at com.android.internal.os.RuntimeInit$MethodAndArgsCaller.run(RuntimeInit.java:440)
09-26 18:18:35.789  2984  2984 W StatusBar: 	at com.android.internal.os.ZygoteInit.main(ZygoteInit.java:807)
09-26 18:18:35.792  3112  3112 I TelecomFramework: AccountEntry: Registered phoneAccount: [[ ] PhoneAccount: ComponentInfo{com.android.phone/com.android.services.telephony.TelephonyConnectionService}, [e0184adedf913b076626646d3f52c3b49c39ad6d], UserHandle{0} Capabilities: CallProvider MultiUser PlaceEmerg SimSub  Audio Routes: BESW Schemes: tel voicemail  Extras: Bundle[{android.telecom.extra.SUPPORTS_VIDEO_CALLING_FALLBACK=false}] GroupId: [da39a3ee5e6b4b0d3255bfef95601890afd80709]] with handle: ComponentInfo{com.android.phone/com.android.services.telephony.TelephonyConnectionService}, [e0184adedf913b076626646d3f52c3b49c39ad6d], UserHandle{0}
09-26 18:18:35.792  3112  3112 I TelecomFramework: PstnIncomingCallNotifier: Registering: Handler (com.android.internal.telephony.GsmCdmaPhone) {4787b4e}
09-26 18:18:35.804  3112  3112 I TelecomFramework: PstnIncomingCallNotifier: Unregistering: Handler (com.android.internal.telephony.GsmCdmaPhone) {4787b4e}
09-26 18:18:35.811  2817  3067 I Telecom : PhoneAccountRegistrar: Modify account: [ComponentInfo{com.android.phone/com.android.services.telephony.TelephonyConnectionService}, [e0184adedf913b076626646d3f52c3b49c39ad6d], UserHandle{0}]: TSI.rPA@AAk
09-26 18:18:35.815  3112  3112 I TelecomFramework: AccountEntry: Registered phoneAccount: [[ ] PhoneAccount: ComponentInfo{com.android.phone/com.android.services.telephony.TelephonyConnectionService}, [e0184adedf913b076626646d3f52c3b49c39ad6d], UserHandle{0} Capabilities: CallProvider MultiUser PlaceEmerg SimSub  Audio Routes: BESW Schemes: tel voicemail  Extras: Bundle[{android.telecom.extra.SUPPORTS_VIDEO_CALLING_FALLBACK=false}] GroupId: [da39a3ee5e6b4b0d3255bfef95601890afd80709]] with handle: ComponentInfo{com.android.phone/com.android.services.telephony.TelephonyConnectionService}, [e0184adedf913b076626646d3f52c3b49c39ad6d], UserHandle{0}
09-26 18:18:35.815  3112  3112 I TelecomFramework: PstnIncomingCallNotifier: Registering: Handler (com.android.internal.telephony.GsmCdmaPhone) {4787b4e}
09-26 18:18:35.827  3112  3112 I TelecomFramework: PstnPhoneCapabilitiesNotifier: handleVideoCapabilitesChanged. Video capability - false
09-26 18:18:35.828  3112  3112 I TelecomFramework: PstnPhoneCapabilitiesNotifier: handleVideoCapabilitesChanged. Video capability - false
09-26 18:18:35.835  2817  3067 I Telecom : PhoneAccountRegistrar: Modify account: [ComponentInfo{com.android.phone/com.android.services.telephony.TelephonyConnectionService}, [e0184adedf913b076626646d3f52c3b49c39ad6d], UserHandle{0}]: TSI.rPA@AAw
09-26 18:18:35.863  2984  3301 E ActivityThread: Failed to find provider info for com.android.contacts
09-26 18:18:35.870  2984  2984 D SystemUIBootTiming: StartServicesSystemBars took to complete: 509ms
09-26 18:18:35.885  2984  2984 D SystemUIBootTiming: StartServicesStorageNotification took to complete: 14ms
09-26 18:18:35.898  2984  2984 D SystemUIBootTiming: StartServicesPowerUI took to complete: 12ms
09-26 18:18:35.900  2984  2984 D SystemUIBootTiming: StartServicesRingtonePlayer took to complete: 2ms
09-26 18:18:35.901  2984  2984 D SystemUIBootTiming: StartServicesKeyboardUI took to complete: 1ms
09-26 18:18:35.915  2984  2984 D SystemUIBootTiming: StartServicesPipUI took to complete: 14ms
09-26 18:18:35.917  2984  2984 D SystemUIBootTiming: StartServicesShortcutKeyDispatcher took to complete: 2ms
09-26 18:18:35.917  2984  2984 D SystemUIBootTiming: StartServicesVendorServices took to complete: 0ms
09-26 18:18:35.918  2984  2984 D SystemUIBootTiming: StartServicesService took to complete: 1ms
09-26 18:18:35.919  2984  2984 D SystemUIBootTiming: StartServicesLatencyTester took to complete: 1ms
09-26 18:18:35.921  2984  2984 D SystemUIBootTiming: StartServicesGlobalActionsComponent took to complete: 2ms
09-26 18:18:35.921  2984  2984 D SystemUIBootTiming: StartServicesRoundedCorners took to complete: 0ms
09-26 18:18:35.921  2984  2984 D SystemUIBootTiming: StartServices took to complete: 1392ms
09-26 18:18:35.926  2984  3314 E ActivityThread: Failed to find provider info for com.android.contacts
09-26 18:18:35.930  2817  2891 D CryptdConnector: SND -> {3 cryptfs getpw}
09-26 18:18:35.930  2519  2524 D VoldCryptCmdListener: cryptfs getpw
09-26 18:18:35.930  2817  2914 D CryptdConnector: RCV <- {200 3 -1}
09-26 18:18:35.931  2817  2891 D CryptdConnector: SND -> {4 cryptfs clearpw}
09-26 18:18:35.932  2519  2524 D VoldCryptCmdListener: cryptfs clearpw
09-26 18:18:35.932  2817  2914 D CryptdConnector: RCV <- {200 4 0}
09-26 18:18:35.949  2817  2866 W LocalDisplayAdapter: Unable to find color mode 0, ignoring request.
09-26 18:18:36.069  2984  3303 E ActivityThread: Failed to find provider info for com.android.contacts
09-26 18:18:36.096  2984  3301 E ActivityThread: Failed to find provider info for com.android.contacts
09-26 18:18:36.172  2817  2922 D WifiService: New client listening to asynchronous messages
09-26 18:18:36.877  2817  2839 W WindowManager: App freeze timeout expired.
09-26 18:18:37.008  2519  2917 I vold    : Trimmed 2393219072 bytes on /data in 3641ms
09-26 18:18:37.008  2519  2917 D vold    : Starting trim of /efs
09-26 18:18:37.008  2817  2913 D VoldConnector: RCV <- {662 /data 2393219072 3641958612}
09-26 18:18:37.010  2519  2917 I vold    : Trimmed 13631488 bytes on /efs in 2ms
09-26 18:18:37.011  2817  2913 D VoldConnector: RCV <- {662 /efs 13631488 2067769}
09-26 18:18:37.652  2817  2839 I WindowManager: ******* TELLING SURFACE FLINGER WE ARE BOOTED!
09-26 18:18:37.659  2817  2839 I SystemServiceManager: Starting phase 1000
09-26 18:18:37.682  2817  2950 E LiveDisplay: Color temperature out of range: 0
09-26 18:18:37.695  2817  2839 D ActivityManager: Finishing user boot 0
09-26 18:18:37.696  2817  2839 I ActivityManager: User 0 state changed from BOOTING to RUNNING_LOCKED
09-26 18:18:37.697  2817  2839 D StorageManagerService: Setting property: sys.user.0.ce_available=true
09-26 18:18:37.698  2817  2839 I ActivityManager: User 0 state changed from RUNNING_LOCKED to RUNNING_UNLOCKING
09-26 18:18:37.698  2817  2839 D CryptdConnector: SND -> {5 cryptfs prepare_user_storage ! 0 0 2}
09-26 18:18:37.699  2519  2524 D vold    : e4crypt_prepare_user_storage for volume null, user 0, serial 0, flags 2
09-26 18:18:37.699  2519  2524 D vold    : Preparing: /data/system_ce/0
09-26 18:18:37.699  2519  2524 D vold    : Preparing: /data/misc_ce/0
09-26 18:18:37.699  2519  2524 D vold    : Preparing: /data/media/0
09-26 18:18:37.699  2519  2524 D vold    : Preparing: /data/data
09-26 18:18:37.699  2817  2914 D CryptdConnector: RCV <- {200 5 Command succeeded}
09-26 18:18:37.700  2817  2839 V UserDataPreparer: Found /data/user/0 with serial number 0
09-26 18:18:37.701  2817  2839 V UserDataPreparer: Found /data/system_ce/0 with serial number 0
09-26 18:18:37.701  2817  2839 V PackageManager: reconcileAppsData for null u0 0x2 migrateAppData=false
09-26 18:18:37.854  2817  2839 V PackageManager: reconcileAppsData finished 127 packages
09-26 18:18:37.871  2817  2832 I SystemServiceManager: Calling onUnlockUser u0
09-26 18:18:37.874  2817  2832 D BluetoothManagerService: User 0 unlocked
09-26 18:18:37.874  2817  2832 D StorageManagerService: onUnlockUser 0
09-26 18:18:37.874  2817  2838 D BluetoothManagerService: MESSAGE_USER_UNLOCKED
09-26 18:18:37.874  2817  2832 D VoldConnector: SND -> {8 volume user_started 0}
09-26 18:18:37.883  2817  2817 I ActivityManager: Start proc 3381:com.android.deskclock/u0a64 for broadcast com.android.deskclock/.AlarmInitReceiver
09-26 18:18:37.886  2817  2929 D ConnectivityService: Got NetworkFactory Messenger for WIFI
09-26 18:18:37.886  2817  2929 D ConnectivityService: Got NetworkFactory Messenger for WIFI_UT
09-26 18:18:37.932  2817  2828 I ActivityManager: Start proc 3409:android.process.acore/u0a13 for content provider com.android.providers.userdictionary/.UserDictionaryProvider
09-26 18:18:39.815  2519  2523 V vold    : Waiting for FUSE to spin up...
09-26 18:18:39.865  2817  2913 D VoldConnector: RCV <- {651 public:179_33 2}
09-26 18:18:39.866  2817  2913 D VoldConnector: RCV <- {200 7 Command succeeded}
09-26 18:18:39.866  2519  2523 D vold    : Linking /storage/emulated/0 to /mnt/user/0/primary
09-26 18:18:39.867  2817  2913 D VoldConnector: RCV <- {200 8 Command succeeded}
09-26 18:18:39.867  2817  2912 E VoldConnector: NDC Command {7 volume mount public:179_33 2 0} took too long (5416ms)
09-26 18:18:39.868  2817  2832 E VoldConnector: NDC Command {8 volume user_started 0} took too long (1994ms)
09-26 18:18:39.871  2817  2912 D StorageManagerService: Volume public:179_33 broadcasting mounted to UserHandle{0}
09-26 18:18:39.872  2817  2912 D StorageManagerService: Volume emulated broadcasting mounted to UserHandle{0}
09-26 18:18:39.873  2817  2832 W SystemServiceManager: Service com.android.server.StorageManagerService$Lifecycle took 1999 ms in onUnlockUser 
09-26 18:18:39.883  2817  2832 I BackupManagerService: Instantiating BackupManagerService
09-26 18:18:39.894  2817  2817 I ActivityManager: Start proc 3492:com.google.android.setupwizard/u0a79 for service com.google.android.setupwizard/.deviceorigin.provider.DeviceOriginWipeOutJobService
09-26 18:18:39.908  2817  2832 V BackupManagerService: No ancestral data
09-26 18:18:39.926  2817  2832 V BackupManagerService: Starting with transport com.google.android.gms/.backup.BackupTransportService
09-26 18:18:39.927  2817  2832 D BackupTransportManager: Binding to transport: android/com.android.internal.backup.LocalTransportService
09-26 18:18:39.930  2817  2832 I BackupManagerService: Backup enabled => false
09-26 18:18:39.938  2817  2832 W SystemServiceManager: Service com.android.server.backup.BackupManagerService$Lifecycle took 60 ms in onUnlockUser 
09-26 18:18:39.938  2817  3491 V KeyValueBackupJob: Scheduling k/v pass in 248 minutes
09-26 18:18:39.938  2817  2832 W VoiceInteractionManagerService: no available voice interaction services found for user 0
09-26 18:18:39.938  2817  2832 W VoiceInteractionManagerService: no available voice recognition services found for user 0
09-26 18:18:39.941  2817  2832 D AutofillManagerServiceImpl: Reset component for user 0
09-26 18:18:39.941  2817  2832 D AutofillManagerServiceImpl: Reset component for user 0
09-26 18:18:39.941  2817  2832 I ActivityManager: Loading recents for user 0 into memory.
09-26 18:18:39.941  2817  2833 D AutofillUI: destroySaveUiUiThread(): already destroyed
09-26 18:18:39.942  2817  2817 D BackupTransportManager: Bound to transport: android/com.android.internal.backup.LocalTransportService
09-26 18:18:39.983  2817  3491 I BackupManagerService: Found stale backup journal, scheduling
09-26 18:18:39.984  2817  2831 I ActivityManager: Start proc 3516:com.android.printspooler/u0a33 for service com.android.printspooler/.model.PrintSpoolerService
09-26 18:18:39.984  2817  2832 I ActivityManager: User 0 state changed from RUNNING_UNLOCKING to RUNNING_UNLOCKED
09-26 18:18:39.985  2817  2832 I ActivityManager: Sending BOOT_COMPLETE user #0
09-26 18:18:39.988  2817  2837 I AppWidgetServiceImpl: Async processing of onUserUnlocked u0 took 50 ms
09-26 18:18:40.005  2817  2832 I ActivityManager: Start proc 3543:com.android.externalstorage/u0a26 for broadcast com.android.externalstorage/.MountReceiver
09-26 18:18:40.005  2817  2828 W ActivityManager: Unable to start service Intent { act=com.google.android.gms.auth.frp.FRP_BIND cat=[android.intent.category.DEFAULT] pkg=com.google.android.gms } U=0: not found
09-26 18:18:40.012  2817  2817 V NotificationListeners: enabling notification listener for 0: ComponentInfo{org.lineageos.trebuchet/com.android.launcher3.notification.NotificationListener}
09-26 18:18:40.012  2817  2817 V NotificationListeners: binding: Intent { act=android.service.notification.NotificationListenerService cmp=org.lineageos.trebuchet/com.android.launcher3.notification.NotificationListener (has extras) }
09-26 18:18:40.028  2817  2817 I ActivityManager: Start proc 3566:org.lineageos.trebuchet/u0a7 for service org.lineageos.trebuchet/com.android.launcher3.notification.NotificationListener
09-26 18:18:40.048  2817  3067 I ActivityManager: Start proc 3578:com.android.smspush/u0a71 for service com.android.smspush/.WapPushManager
09-26 18:18:40.060  2817  2828 I ActivityManager: START u0 {act=android.intent.action.MAIN cat=[android.intent.category.HOME] flg=0x10000100 cmp=org.lineageos.trebuchet/com.android.launcher3.searchlauncher.SearchLauncher} from uid 0
09-26 18:18:40.062  2817  3590 D PackageManager: Ignoring attempt to set enabled state of disabled component com.google.android.setupwizard/com.google.android.setupwizard.time.DateTimeCheck
09-26 18:18:40.125  2817  3163 I ActivityManager: Start proc 3616:android.process.media/u0a2 for broadcast com.android.providers.downloads/.DownloadReceiver
09-26 18:18:40.137  2817  3557 I ActivityManager: Start proc 3628:com.google.process.gservices/u0a77 for content provider com.google.android.gsf/.gservices.GservicesProvider
09-26 18:18:40.148  2817  2831 I ActivityManager: Start proc 3648:com.android.keychain/1000 for service com.android.keychain/.KeyChainService
09-26 18:18:40.178  2817  3560 W WallpaperManagerService: Cannot extract colors because wallpaper could not be read.
09-26 18:18:40.200  2817  2831 I SyncManager: Loaded persisted syncs: 0 periodic syncs, 0 oneshot syncs, 8 total system server jobs, JobStats: FirstLoad: 4/1/0 LastSave: -1/-1/-1
09-26 18:18:40.228  2817  3587 W ActivityManager: Unable to start service Intent { act=com.android.vending.setup.IPlaySetupServiceV2.BIND pkg=com.android.vending } U=0: not found
09-26 18:18:40.230  2817  3587 W ActivityManager: Unable to start service Intent { act=com.android.vending.setup.IPlaySetupServiceV2.BIND pkg=com.android.vending } U=0: not found
09-26 18:18:40.460  2817  3163 I ActivityManager: Start proc 3686:org.lineageos.lineageparts/1000 for broadcast org.lineageos.lineageparts/.BootReceiver
09-26 18:18:40.468  2817  3557 W ActivityManager: Unable to start service Intent { act=com.android.launcher3.WINDOW_OVERLAY dat=app://org.lineageos.trebuchet:10007?v=7&cv=9 pkg=com.google.android.googlequicksearchbox } U=0: not found
09-26 18:18:40.482  2817  3587 W ActivityManager: Unable to start service Intent { act=com.android.launcher3.WINDOW_OVERLAY dat=app://org.lineageos.trebuchet:10007?v=7&cv=9 pkg=com.google.android.googlequicksearchbox } U=0: not found
09-26 18:18:40.531  2817  3557 D AutofillManagerServiceImpl: Reset component for user 0
09-26 18:18:40.562  2817  3557 I ActivityManager: Start proc 3705:stericson.busybox.donate/u0a82 for broadcast stericson.busybox.donate/.receivers.OnBootReciever
09-26 18:18:40.617  2657  2657 W wificond: Scan is not started. Ignore abort request
09-26 18:18:40.716  2817  2817 I ActivityManager: Start proc 3769:com.android.dialer/u0a27 for broadcast com.android.dialer/.app.calllog.CallLogReceiver
09-26 18:18:40.817  2817  2923 D ConnectivityService: registerNetworkAgent NetworkAgentInfo{ ni{[type: WIFI[], state: CONNECTING/CONNECTING, reason: (unspecified), extra: "Daisy", failover: false, available: true, roaming: false]}  network{100}  nethandle{429513165534}  lp{{LinkAddresses: []  Routes: [] DnsAddresses: [] Domains: null MTU: 0}}  nc{[ Transports: WIFI Capabilities: NOT_METERED&INTERNET&NOT_RESTRICTED&TRUSTED&NOT_VPN LinkUpBandwidth>=1048576Kbps LinkDnBandwidth>=1048576Kbps]}  Score{20}  everValidated{false}  lastValidated{false}  created{false} lingering{false} explicitlySelected{false} acceptUnvalidated{false} everCaptivePortalDetected{false} lastCaptivePortalDetected{false} clat{null} }
09-26 18:18:40.817  2817  2929 D ConnectivityService: NetworkAgentInfo [WIFI () - 100] EVENT_NETWORK_INFO_CHANGED, going from null to CONNECTING
09-26 18:18:40.976  2817  3765 I BootReceiver: Copying /proc/last_kmsg to DropBox (SYSTEM_LAST_KMSG)
09-26 18:18:41.029  2817  3765 I BootReceiver: Copying audit failures to DropBox
09-26 18:18:41.039  2817  3765 I BootReceiver: Copied 0 worth of audits to DropBox
09-26 18:18:41.043  2817  2817 I Telecom : DefaultDialerCache: Refreshing default dialer for user 0: now com.android.dialer: DDC.oR@ABg
09-26 18:18:41.060  2817  3765 W BootReceiver: boot_fs_shutdown, string not found
09-26 18:18:41.060  2817  3765 I BootReceiver: Checking for fsck errors
09-26 18:18:41.061  2817  3765 I BootReceiver: fs_stat, partition:EFS stat:0x1
09-26 18:18:41.061  2817  3765 I BootReceiver: fs_stat, partition:CACHE stat:0x1
09-26 18:18:41.062  2817  3765 I BootReceiver: fs_stat, partition:USERDATA stat:0x1
09-26 18:18:41.080  2817  3560 I ActivityManager: Start proc 3854:com.offsec.nethunter/u0a94 for broadcast com.offsec.nethunter/.receiver.BootCompletedReceiver
09-26 18:18:41.162  2817  2929 D ConnectivityService: NetworkAgentInfo [WIFI () - 100] EVENT_NETWORK_INFO_CHANGED, going from CONNECTING to CONNECTED
09-26 18:18:41.164  2817  2929 D ConnectivityService: Adding iface wlan0 to network 100
09-26 18:18:41.181  2817  2929 D ConnectivityService: Setting DNS servers for network 100 to [/192.168.1.1]
09-26 18:18:41.187  2817  3557 W BroadcastQueue: Permission Denial: receiving Intent { act=android.intent.action.BOOT_COMPLETED flg=0x9000010 (has extras) } to co.paranoidandroid.camera/com.android.camera.DisableCameraReceiver requires android.permission.RECEIVE_BOOT_COMPLETED due to sender null (uid 1000)
09-26 18:18:41.209  2817  2832 I ActivityManager: Start proc 3876:com.android.calendar/u0a34 for broadcast com.android.calendar/.alerts.AlertReceiver
09-26 18:18:41.234  2817  3560 W ActivityManager: Unable to start service Intent { act=com.android.vending.setup.IPlaySetupServiceV2.BIND pkg=com.android.vending } U=0: not found
09-26 18:18:41.237  2817  2929 D ConnectivityService: Switching to new default network: NetworkAgentInfo{ ni{[type: WIFI[], state: CONNECTED/CONNECTED, reason: (unspecified), extra: "Daisy", failover: false, available: true, roaming: false]}  network{100}  nethandle{429513165534}  lp{{InterfaceName: wlan0 LinkAddresses: [fe80::824e:70ff:fe53:3d14/64,192.168.1.104/24,]  Routes: [fe80::/64 -> :: wlan0,192.168.1.0/24 -> 0.0.0.0 wlan0,0.0.0.0/0 -> 192.168.1.1 wlan0,] DnsAddresses: [192.168.1.1,] Domains: null MTU: 0 TcpBufferSizes: 524288,1048576,2097152,262144,524288,1048576}}  nc{[ Transports: WIFI Capabilities: NOT_METERED&INTERNET&NOT_RESTRICTED&TRUSTED&NOT_VPN&FOREGROUND LinkUpBandwidth>=1048576Kbps LinkDnBandwidth>=1048576Kbps SignalStrength: -48]}  Score{20}  everValidated{false}  lastValidated{false}  created{true} lingering{false} explicitlySelected{false} acceptUnvalidated{false} everCaptivePortalDetected{false} lastCaptivePortalDetected{false} clat{null} }
09-26 18:18:41.277  2817  2929 D ConnectivityService: Sending CONNECTED broadcast for type 1 NetworkAgentInfo [WIFI () - 100] isDefaultNetwork=true
09-26 18:18:41.328  2817  3557 I ActivityManager: Start proc 3919:com.android.cellbroadcastreceiver/u0a23 for broadcast com.android.cellbroadcastreceiver/.CellBroadcastReceiver
09-26 18:18:41.375  2817  3587 I ActivityManager: Start proc 3941:com.android.providers.calendar/u0a8 for content provider com.android.providers.calendar/.CalendarProvider2
09-26 18:17:26.598  2817  2817 D ConditionProviders.SCP: onReceive android.intent.action.TIME_SET
09-26 18:17:26.599  2817  2817 D ConditionProviders.SCP: notifyCondition condition://android/schedule?days=6.7&start=23.30&end=10.0&exitAtAlarm=false STATE_FALSE reason=!meetsSchedule
09-26 18:17:26.599  2817  2817 D ConditionProviders.SCP: notifyCondition condition://android/schedule?days=1.2.3.4.5&start=22.0&end=7.0&exitAtAlarm=false STATE_FALSE reason=!meetsSchedule
09-26 18:17:26.600  2817  2817 D ConditionProviders.SCP: Scheduling evaluate for Sat Sep 26 22:00:00 GMT+03:00 2020 (1601146800000), in +3h42m33s402ms, now=Sat Sep 26 18:17:26 GMT+03:00 2020 (1601133446598)
09-26 18:17:26.667  2817  2831 I UsageStatsService: Time changed in UsageStats by -74 seconds
09-26 18:17:26.667  2817  2831 I UsageStatsService: User[0] Flushing usage stats to disk
09-26 18:17:26.691  2817  3560 I ActivityManager: Start proc 3977:com.android.contacts/u0a12 for broadcast com.android.contacts/.interactions.OnBootOrUpgradeReceiver
09-26 18:17:26.712  2817  2831 I UsageStatsDatabase: Time changed by -1m14s798ms. files deleted: 0 files moved: 5
09-26 18:17:26.726  2817  2831 I UsageStatsService: User[0] Rollover scheduled @ 2020-09-27 18:17:26(1601219846667)
09-26 18:17:26.741  2817  2929 D ConnectivityService: NetworkAgentInfo [WIFI () - 100] validation passed
09-26 18:17:26.900  2817  3560 I ActivityManager: Start proc 4022:com.android.email/u0a73 for broadcast com.android.email/.service.EmailBroadcastReceiver
09-26 18:17:26.935  2817  3560 I ActivityManager: Start proc 4041:com.topjohnwu.magisk/u0a74 for content provider com.topjohnwu.magisk/a.p
09-26 18:17:26.999  2817  3557 W ActivityManager: Unable to start service Intent { act=com.android.email.EXCHANGE_INTENT pkg=com.android.exchange } U=0: not found
09-26 18:17:27.004  4022  4062 D ActivityThread: Loading provider com.android.email.provider;com.android.email.notifier: com.android.email.provider.EmailProvider
09-26 18:17:27.006  4022  4063 D ActivityThread: Loading provider com.android.email.provider;com.android.email.notifier: com.android.email.provider.EmailProvider
09-26 18:17:27.006  2817  3557 W ActivityManager: Unable to start service Intent { act=com.android.email.EXCHANGE_INTENT pkg=com.android.exchange } U=0: not found
09-26 18:17:27.007  2817  3557 W ActivityManager: Unable to start service Intent { act=com.android.email.EXCHANGE_INTENT pkg=com.android.exchange } U=0: not found
09-26 18:17:27.009  4022  4066 D ActivityThread: Loading provider com.android.email.provider;com.android.email.notifier: com.android.email.provider.EmailProvider
09-26 18:17:27.011  2817  3587 W ActivityManager: Unable to start service Intent { act=com.android.email.EXCHANGE_INTENT pkg=com.android.exchange } U=0: not found
09-26 18:17:27.054  2817  3587 W ActivityManager: Unable to start service Intent { cmp=com.android.email/.service.AttachmentService } U=0: not found
09-26 18:17:27.055  2817  3163 W ActivityManager: Unable to start service Intent { act=com.android.email.EXCHANGE_INTENT pkg=com.android.exchange } U=0: not found
09-26 18:17:27.058  2817  3163 W ActivityManager: Unable to start service Intent { cmp=com.android.email/.service.AttachmentService } U=0: not found
09-26 18:17:27.062  2817  3067 W ActivityManager: Unable to start service Intent { cmp=com.android.email/.service.AttachmentService } U=0: not found
09-26 18:17:27.063  2817  3587 W ActivityManager: Unable to start service Intent { cmp=com.android.email/.service.AttachmentService } U=0: not found
09-26 18:17:27.097  2817  3163 I ActivityManager: Start proc 4081:com.android.managedprovisioning/u0a5 for broadcast com.android.managedprovisioning/.preprovisioning.BootReminder
09-26 18:17:27.097  2817  3557 W ActivityManager: Unable to start service Intent { act=com.android.email.EXCHANGE_INTENT pkg=com.android.exchange } U=0: not found
09-26 18:17:27.110  2817  3579 W ActivityManager: Unable to start service Intent { act=com.android.email.EXCHANGE_INTENT pkg=com.android.exchange } U=0: not found
09-26 18:17:27.114  2817  3590 W ActivityManager: Unable to start service Intent { act=com.android.email.EXCHANGE_INTENT pkg=com.android.exchange } U=0: not found
09-26 18:17:27.123  2817  3579 W ActivityManager: Unable to start service Intent { act=com.android.email.EXCHANGE_INTENT pkg=com.android.exchange } U=0: not found
09-26 18:17:27.139  2817  3163 W ActivityManager: Unable to start service Intent { act=com.android.email.EXCHANGE_INTENT pkg=com.android.exchange } U=0: not found
09-26 18:17:27.143  4022  4022 E ActivityThread: Service com.android.email.service.EmailBroadcastProcessorService has leaked ServiceConnection com.android.emailcommon.service.ServiceProxy$ProxyConnection@a490afb that was originally bound here
09-26 18:17:27.143  4022  4022 E ActivityThread: android.app.ServiceConnectionLeaked: Service com.android.email.service.EmailBroadcastProcessorService has leaked ServiceConnection com.android.emailcommon.service.ServiceProxy$ProxyConnection@a490afb that was originally bound here
09-26 18:17:27.143  4022  4022 E ActivityThread: 	at android.app.LoadedApk$ServiceDispatcher.<init>(LoadedApk.java:1532)
09-26 18:17:27.143  4022  4022 E ActivityThread: 	at android.app.LoadedApk.getServiceDispatcher(LoadedApk.java:1424)
09-26 18:17:27.143  4022  4022 E ActivityThread: 	at android.app.ContextImpl.bindServiceCommon(ContextImpl.java:1605)
09-26 18:17:27.143  4022  4022 E ActivityThread: 	at android.app.ContextImpl.bindService(ContextImpl.java:1557)
09-26 18:17:27.143  4022  4022 E ActivityThread: 	at android.content.ContextWrapper.bindService(ContextWrapper.java:684)
09-26 18:17:27.143  4022  4022 E ActivityThread: 	at com.android.emailcommon.service.ServiceProxy.setTask(ServiceProxy.java:189)
09-26 18:17:27.143  4022  4022 E ActivityThread: 	at com.android.emailcommon.service.ServiceProxy.test(ServiceProxy.java:234)
09-26 18:17:27.143  4022  4022 E ActivityThread: 	at com.android.email.service.EmailServiceUtils.isServiceAvailable(EmailServiceUtils.java:160)
09-26 18:17:27.143  4022  4022 E ActivityThread: 	at com.android.email.provider.AccountReconciler.reconcileAccountsInternal(AccountReconciler.java:171)
09-26 18:17:27.143  4022  4022 E ActivityThread: 	at com.android.email.provider.AccountReconciler.reconcileAccounts(AccountReconciler.java:115)
09-26 18:17:27.143  4022  4022 E ActivityThread: 	at com.android.email.service.EmailBroadcastProcessorService.reconcileAndStartServices(EmailBroadcastProcessorService.java:309)
09-26 18:17:27.143  4022  4022 E ActivityThread: 	at com.android.email.service.EmailBroadcastProcessorService.onBootCompleted(EmailBroadcastProcessorService.java:295)
09-26 18:17:27.143  4022  4022 E ActivityThread: 	at com.android.email.service.EmailBroadcastProcessorService.onHandleIntent(EmailBroadcastProcessorService.java:130)
09-26 18:17:27.143  4022  4022 E ActivityThread: 	at android.app.IntentService$ServiceHandler.handleMessage(IntentService.java:76)
09-26 18:17:27.143  4022  4022 E ActivityThread: 	at android.os.Handler.dispatchMessage(Handler.java:106)
09-26 18:17:27.143  4022  4022 E ActivityThread: 	at android.os.Looper.loop(Looper.java:164)
09-26 18:17:27.143  4022  4022 E ActivityThread: 	at android.os.HandlerThread.run(HandlerThread.java:65)
09-26 18:17:27.144  2817  3590 W ActivityManager: Unbind failed: could not find connection for android.os.BinderProxy@b47b937
09-26 18:17:27.172  2817  3590 I ActivityManager: Start proc 4112:com.android.messaging/u0a38 for broadcast com.android.messaging/.receiver.BootAndPackageReplacedReceiver
09-26 18:17:27.305  2817  3579 I ActivityManager: Start proc 4157:com.android.onetimeinitializer/u0a30 for broadcast com.android.onetimeinitializer/.OneTimeInitializerReceiver
09-26 18:17:27.368  2817  3579 I ActivityManager: Start proc 4179:com.android.packageinstaller/u0a3 for broadcast com.android.packageinstaller/.TemporaryFileManager
09-26 18:17:27.438  2817  3163 W ActivityManager: Unable to start service Intent { act=com.android.vending.setup.IPlaySetupServiceV2.BIND pkg=com.android.vending } U=0: not found
09-26 18:17:27.504  2817  3579 I ActivityManager: Start proc 4213:com.google.android.configupdater/u0a76 for broadcast com.google.android.configupdater/.MainReceiver
09-26 18:17:27.669  2817  3579 I ActivityManager: Start proc 4263:com.google.android.onetimeinitializer/u0a80 for broadcast com.google.android.onetimeinitializer/.OneTimeInitializerReceiver
09-26 18:17:27.813  2817  3579 I ActivityManager: Start proc 4286:com.google.android.partnersetup/u0a78 for broadcast com.google.android.partnersetup/.GooglePartnerSetup
09-26 18:17:27.878  2817  3579 I ActivityManager: Start proc 4310:com.google.process.gapps/u0a77 for content provider com.google.android.gsf/.settings.GoogleSettingsProvider
09-26 18:17:28.214  2817  3163 W BroadcastQueue: Permission Denial: receiving Intent { act=android.intent.action.BOOT_COMPLETED flg=0x9000010 (has extras) } to com.google.android.syncadapters.calendar/com.google.android.libraries.internal.growth.growthkit.inject.GrowthKitBootCompletedBroadcastReceiver requires android.permission.RECEIVE_BOOT_COMPLETED due to sender null (uid 1000)
09-26 18:17:28.226  2817  2832 I ActivityManager: Start proc 4354:com.google.process.gapps/u0a87 for broadcast com.google.android.syncadapters.contacts/.ContactsSyncAdapterBroadcastReceiver
09-26 18:17:28.327  2817  3163 I ActivityManager: Start proc 4378:com.offsec.nethunter.store/u0a92 for broadcast com.offsec.nethunter.store/org.fdroid.fdroid.receiver.StartupReceiver
09-26 18:17:28.363  2817  3163 I ActivityManager: Killing 3543:com.android.externalstorage/u0a26 (adj 906): empty #17
09-26 18:17:28.772  2817  3163 D VoldConnector: SND -> {9 volume mkdirs /storage/emulated/0/Android/data/com.offsec.nethunter.store/files/}
09-26 18:17:28.775  2817  2913 D VoldConnector: RCV <- {200 9 Command succeeded}
09-26 18:17:28.810  2817  3163 I ActivityManager: Start proc 4445:org.lineageos.lockclock/u0a36 for broadcast org.lineageos.lockclock/.ClockWidgetProvider
09-26 18:17:28.898  2817  3163 I ActivityManager: Start proc 4476:org.lineageos.updater/u0a18 for broadcast org.lineageos.updater/.UpdaterReceiver
09-26 18:17:28.899  2817  3163 I ActivityManager: Killing 3648:com.android.keychain/1000 (adj 906): empty #17
09-26 18:17:29.017  2817  3579 I ActivityManager: Killing 3705:stericson.busybox.donate/u0a82 (adj 906): empty #17
09-26 18:17:29.043  2817  3579 I ActivityManager: Start proc 4506:ru.fourpda.client/u0a91 for broadcast ru.fourpda.client/.BootReceiver
09-26 18:17:29.128  2817  2817 W WindowManager: removeWindowToken: Attempted to remove non-existing token: android.os.Binder@7723299
09-26 18:17:29.129  2817  2817 I ActivityManager: Killing 3133:com.android.settings/1000 (adj 906): empty #17
09-26 18:17:29.181  2817  2839 W ActivityManager: setHasOverlayUi called on unknown pid: 3133
09-26 18:17:29.314  2817  3579 I ActivityManager: Finished processing BOOT_COMPLETED for u0
09-26 18:17:29.327  2817  3579 I ActivityManager: Start proc 4551:org.lineageos.eleven/u0a9 for broadcast org.lineageos.eleven/.appwidgets.AppWidgetLarge
09-26 18:17:29.328  2817  3579 I ActivityManager: Killing 3919:com.android.cellbroadcastreceiver/u0a23 (adj 906): empty #17
09-26 18:17:29.971  2817  3579 I ActivityManager: Killing 3977:com.android.contacts/u0a12 (adj 906): empty #17
09-26 18:17:30.330  2817  3163 I ActivityManager: Killing 3769:com.android.dialer/u0a27 (adj 906): empty #17
09-26 18:17:32.594  2817  3163 I ActivityManager: Killing 4081:com.android.managedprovisioning/u0a5 (adj 906): empty #17
09-26 18:17:41.546  2817  2832 I ActivityManager: Waited long enough for: ServiceRecord{b59c57c u0 com.android.calendar/.alerts.InitAlarmsService}
09-26 18:17:42.118  2817  2832 I ActivityManager: Waited long enough for: ServiceRecord{1d6e12 u0 com.android.email/.service.LegacyImapSyncAdapterService}
09-26 18:17:43.905  2817  3152 I ActivityManager: START u0 {act=android.intent.action.MAIN cat=[android.intent.category.LAUNCHER] flg=0x10200000 cmp=ru.fourpda.client/.MainActivity bnds=[32,209][235,508]} from uid 10007
09-26 18:17:44.407  2817  2832 I ActivityManager: Waited long enough for: ServiceRecord{c405d83 u0 org.lineageos.lockclock/.weather.WeatherSourceListenerService}
09-26 18:17:44.410  2817  2832 I ActivityManager: Waited long enough for: ServiceRecord{a37eb00 u0 org.lineageos.lockclock/.DeviceStatusService}
09-26 18:17:48.479  2817  2838 I ActivityManager: Start proc 5089:com.google.android.ext.services/u0a85 for service com.google.android.ext.services/android.ext.services.storage.CacheQuotaServiceImpl
09-26 18:17:48.492  2817  3565 I ActivityManager: Killing 4157:com.android.onetimeinitializer/u0a30 (adj 906): empty #17
09-26 18:17:48.492  2817  3565 I ActivityManager: Killing 3409:android.process.acore/u0a13 (adj 906): empty #18
09-26 18:17:48.555  2817  4535 I ActivityManager: Killing 4179:com.android.packageinstaller/u0a3 (adj 906): empty #17
09-26 18:17:50.819  2817  3579 I ActivityManager: Start proc 5156:com.android.keychain/1000 for service com.android.keychain/.KeyChainService
09-26 18:17:50.831  2817  3579 I ActivityManager: Killing 4112:com.android.messaging/u0a38 (adj 906): empty #17
09-26 18:17:50.878  2817  3579 I ActivityManager: Killing 4213:com.google.android.configupdater/u0a76 (adj 906): empty #17
09-26 18:18:19.089  2817  2817 I ActivityManager: Killing 4263:com.google.android.onetimeinitializer/u0a80 (adj 906): empty #17
09-26 18:18:40.723  2817  3579 I ActivityManager: START u0 {act=android.intent.action.VIEW dat=content://com.android.providers.downloads.documents/document/21 typ=application/vnd.android.package-archive flg=0x10000003 cmp=com.android.packageinstaller/.InstallStart (has extras)} from uid 10002
09-26 18:18:40.752  2817  4535 I ActivityManager: Start proc 6162:com.android.packageinstaller/u0a3 for activity com.android.packageinstaller/.InstallStart
09-26 18:18:40.844  2817  4535 W ActivityManager: Slow operation: 72ms so far, now at attachApplicationLocked: after mServices.attachApplicationLocked
09-26 18:18:40.919  2817  4535 I ActivityManager: START u0 {act=android.intent.action.VIEW dat=content://com.android.providers.downloads.documents/document/21 typ=application/vnd.android.package-archive flg=0x2000000 cmp=com.android.packageinstaller/.InstallStaging (has extras)} from uid 10003
09-26 18:18:41.110  2817  4535 I ActivityManager: START u0 {act=android.intent.action.VIEW dat=file:///data/user_de/0/com.android.packageinstaller/no_backup/package3460873125862230027.apk flg=0x10000 cmp=com.android.packageinstaller/.PackageInstallerActivity (has extras)} from uid 10003
09-26 18:18:41.345  2817  2817 W WindowManager: removeWindowToken: Attempted to remove non-existing token: android.os.Binder@8152429
09-26 18:18:42.123  2817  3565 I ActivityManager: START u0 {dat=file:///data/user_de/0/com.android.packageinstaller/no_backup/package3460873125862230027.apk cmp=com.android.packageinstaller/.InstallInstalling (has extras)} from uid 10003
09-26 18:18:42.295  2817  2847 I ActivityManager: Start proc 6244:com.android.defcontainer/u0a20 for service com.android.defcontainer/.DefaultContainerService
09-26 18:18:42.721  2817  2847 D PackageManager: Ephemeral installer not found with new action; try old one
09-26 18:18:42.721  2817  2847 D PackageManager: Clear ephemeral installer activity
09-26 18:18:42.722  2817  2847 V BackupManagerService: restoreAtInstall pkg=com.nolanlawson.logcat token=1 restoreSet=0
