09-26 18:18:42.722  2817  2847 W BackupTransportManager: Transport com.google.android.gms/.backup.BackupTransportService not bound.
09-26 18:18:42.722  2817  2847 W BackupManagerService: No transport
09-26 18:18:42.722  2817  2847 V BackupManagerService: Finishing install immediately
09-26 18:18:42.740  2817  4535 I ActivityManager: START u0 {dat=file:///data/user_de/0/com.android.packageinstaller/no_backup/package3460873125862230027.apk flg=0x2000000 cmp=com.android.packageinstaller/.InstallSuccess (has extras)} from uid 10003
09-26 18:18:42.767  2817  3163 W BroadcastQueue: Background execution not allowed: receiving Intent { act=android.intent.action.PACKAGE_ADDED dat=package:com.nolanlawson.logcat flg=0x4000010 (has extras) } to com.svox.pico/.VoiceDataInstallerReceiver
09-26 18:18:42.775  2817  2817 I Telecom : DefaultDialerCache: Refreshing default dialer for user 0: now com.android.dialer: DDC.oR@ACQ
09-26 18:18:42.818  2817  2833 D AutofillUI: destroySaveUiUiThread(): already destroyed
09-26 18:18:42.818  2817  2831 D AutofillManagerServiceImpl: Reset component for user 0
09-26 18:18:42.818  2817  2831 W VoiceInteractionManagerService: no available voice recognition services found for user 0
09-26 18:18:48.135  2817  2891 I ActivityManager: START u0 {act=android.intent.action.MAIN cat=[android.intent.category.LAUNCHER] flg=0x10000000 pkg=com.nolanlawson.logcat cmp=com.nolanlawson.logcat/.LogcatActivity} from uid 10003
09-26 18:18:48.162  2817  3163 I ActivityManager: Start proc 6390:com.nolanlawson.logcat/u0a101 for activity com.nolanlawson.logcat/.LogcatActivity
09-26 18:18:48.409  2817  3152 D AutofillManagerServiceImpl: Reset component for user 0
09-26 18:18:49.318  2817  3152 I ActivityManager: START u0 {act=android.intent.action.VIEW flg=0x18000020 pkg=com.topjohnwu.magisk cmp=com.topjohnwu.magisk/a.m (has extras)} from uid 0
09-26 18:18:51.962  2817  2817 W WindowManager: removeWindowToken: Attempted to remove non-existing token: android.os.Binder@a6398bb
09-26 18:18:52.409  2817  2891 I ActivityManager: Killing 4310:com.google.process.gapps/u0a77 (adj 906): empty #17
09-26 18:18:52.979  2817  2891 W WindowManager: Adding more than one toast window for UID at a time.
09-26 18:18:53.265  2817  3163 W WindowManager: Adding more than one toast window for UID at a time.
09-26 18:18:53.444  2817  3163 I chatty  : uid=1000(system) Binder:2817_6 identical 1 line
09-26 18:18:53.466  2817  3163 W WindowManager: Adding more than one toast window for UID at a time.
09-26 18:18:55.498  2817  2817 W WindowManager: removeWindowToken: Attempted to remove non-existing token: android.os.Binder@c33dc05
09-26 18:19:06.349  2817  3565 I ActivityManager: Killing 4286:com.google.android.partnersetup/u0a78 (adj 906): empty #17
--------- beginning of crash
09-26 18:19:07.562  6937  6937 F DEBUG   : *** *** *** *** *** *** *** *** *** *** *** *** *** *** *** ***
09-26 18:19:07.562  6937  6937 F DEBUG   : LineageOS Version: '15.1-20181103-UNOFFICIAL-j7y17lte'
09-26 18:19:07.562  6937  6937 F DEBUG   : Build fingerprint: 'samsung/star2ltexx/star2lte:8.0.0/R16NW/G965FXXU1ARCC:user/release-keys'
09-26 18:19:07.562  6937  6937 F DEBUG   : Revision: '7'
09-26 18:19:07.562  6937  6937 F DEBUG   : ABI: 'arm'
09-26 18:19:07.562  6937  6937 F DEBUG   : pid: 2640, tid: 3407, name: gpsd  >>> /system/bin/gpsd <<<
09-26 18:19:07.562  6937  6937 F DEBUG   : signal 11 (SIGSEGV), code 1 (SEGV_MAPERR), fault addr 0x30
09-26 18:19:07.562  6937  6937 F DEBUG   : Cause: null pointer dereference
09-26 18:19:07.562  6937  6937 F DEBUG   :     r0 00000000  r1 fff24be8  r2 fff24be8  r3 ffffffff
09-26 18:19:07.563  6937  6937 F DEBUG   :     r4 00000000  r5 f7141ebc  r6 00000002  r7 f67ff8d0
09-26 18:19:07.563  6937  6937 F DEBUG   :     r8 f67ff8cc  r9 f714133c  sl 00000000  fp e4b34640
09-26 18:19:07.563  6937  6937 F DEBUG   :     ip f718c998  sp f67ff868  lr f6bd7e13  pc f6bd7c84  cpsr a0000030
09-26 18:19:07.565  6937  6937 F DEBUG   : 
09-26 18:19:07.565  6937  6937 F DEBUG   : backtrace:
09-26 18:19:07.565  6937  6937 F DEBUG   :     #00 pc 00051c84  /system/lib/libc.so (__fseeko64(__sFILE*, long long, int, int)+9)
09-26 18:19:07.565  6937  6937 F DEBUG   :     #01 pc 00051e0f  /system/lib/libc.so (fseeko+14)
09-26 18:19:07.565  6937  6937 F DEBUG   :     #02 pc 00065a54  /system/bin/gpsd (kepler_codeload+844)
09-26 18:19:07.754  2817  3001 W NativeCrashListener: Couldn't find ProcessRecord for pid 2640
09-26 18:19:07.756  2817  2836 I BootReceiver: Copying /data/tombstones/tombstone_37 to DropBox (SYSTEM_TOMBSTONE)
09-26 18:19:10.588  2817  2817 W WindowManager: removeWindowToken: Attempted to remove non-existing token: android.os.Binder@bac6444
09-26 18:19:13.538  2817  2837 D AutofillManagerService: Close system dialogs
09-26 18:19:13.540  2817  2909 I ActivityManager: START u0 {act=android.intent.action.MAIN cat=[android.intent.category.HOME] flg=0x10200000 cmp=org.lineageos.trebuchet/com.android.launcher3.searchlauncher.SearchLauncher (has extras)} from uid 1000
09-26 18:19:13.575  2817  3152 W ActivityManager: Unable to start service Intent { act=com.android.launcher3.WINDOW_OVERLAY dat=app://org.lineageos.trebuchet:10007?v=7&cv=9 pkg=com.google.android.googlequicksearchbox } U=0: not found
09-26 18:19:19.106  2817  3579 I ActivityManager: START u0 {flg=0x10804000 cmp=com.android.systemui/.recents.RecentsActivity} from uid 10019
09-26 18:19:19.125  2817  2837 D AutofillManagerService: Close system dialogs
09-26 18:19:20.413  2817  2837 D AutofillManagerService: Close system dialogs
09-26 18:19:23.179  2817  4535 I ActivityManager: START u0 {flg=0x10804000 cmp=com.android.systemui/.recents.RecentsActivity} from uid 10019
09-26 18:19:23.209  2817  2837 D AutofillManagerService: Close system dialogs
09-26 18:19:24.956  2817  3152 I ActivityManager: Killing 3628:com.google.process.gservices/u0a77 (adj 906): empty #17
09-26 18:19:24.964  2817  3152 I ActivityManager: Killing 6390:com.nolanlawson.logcat/u0a101 (adj 900): remove task
09-26 18:19:24.982  2817  3565 I WindowManager: WIN DEATH: Window{566e6b5 u0 com.nolanlawson.logcat/com.nolanlawson.logcat.LogcatActivity}
09-26 18:19:24.993  2817  2839 W ActivityManager: setHasOverlayUi called on unknown pid: 6390
09-26 18:19:25.270  2817  2837 D AutofillManagerService: Close system dialogs
09-26 18:19:25.309  2817  2891 W ActivityManager: cancelTaskWindowTransition: taskId=189 not found
09-26 18:19:27.812  2817  2817 W WindowManager: removeWindowToken: Attempted to remove non-existing token: android.os.Binder@1259d96
09-26 18:19:28.335  2817  2833 D AutofillManagerService: onBackKeyPressed()
09-26 18:21:04.217  9022  9022 F DEBUG   : *** *** *** *** *** *** *** *** *** *** *** *** *** *** *** ***
09-26 18:21:04.217  9022  9022 F DEBUG   : LineageOS Version: '15.1-20181103-UNOFFICIAL-j7y17lte'
09-26 18:21:04.217  9022  9022 F DEBUG   : Build fingerprint: 'samsung/star2ltexx/star2lte:8.0.0/R16NW/G965FXXU1ARCC:user/release-keys'
09-26 18:21:04.217  9022  9022 F DEBUG   : Revision: '7'
09-26 18:21:04.217  9022  9022 F DEBUG   : ABI: 'arm'
09-26 18:21:04.217  9022  9022 F DEBUG   : pid: 6942, tid: 6943, name: gpsd  >>> /system/bin/gpsd <<<
09-26 18:21:04.217  9022  9022 F DEBUG   : signal 11 (SIGSEGV), code 1 (SEGV_MAPERR), fault addr 0x30
09-26 18:21:04.217  9022  9022 F DEBUG   : Cause: null pointer dereference
09-26 18:21:04.217  9022  9022 F DEBUG   :     r0 00000000  r1 fff24be8  r2 fff24be8  r3 ffffffff
09-26 18:21:04.217  9022  9022 F DEBUG   :     r4 00000000  r5 f700debc  r6 00000002  r7 f66978d0
09-26 18:21:04.217  9022  9022 F DEBUG   :     r8 f66978cc  r9 f700d33c  sl 00000000  fp e4803140
09-26 18:21:04.217  9022  9022 F DEBUG   :     ip f7058998  sp f6697868  lr f68f4e13  pc f68f4c84  cpsr a0000030
09-26 18:21:04.219  9022  9022 F DEBUG   : 
09-26 18:21:04.219  9022  9022 F DEBUG   : backtrace:
09-26 18:21:04.219  9022  9022 F DEBUG   :     #00 pc 00051c84  /system/lib/libc.so (__fseeko64(__sFILE*, long long, int, int)+9)
09-26 18:21:04.219  9022  9022 F DEBUG   :     #01 pc 00051e0f  /system/lib/libc.so (fseeko+14)
09-26 18:21:04.219  9022  9022 F DEBUG   :     #02 pc 00065a54  /system/bin/gpsd (kepler_codeload+844)
09-26 18:21:04.389  2817  3001 W NativeCrashListener: Couldn't find ProcessRecord for pid 6942
09-26 18:21:04.391  2817  2836 I BootReceiver: Copying /data/tombstones/tombstone_38 to DropBox (SYSTEM_TOMBSTONE)
09-26 18:22:35.849  2817  2833 W LocalDisplayAdapter: Unable to find color mode 0, ignoring request.
09-26 18:22:35.861  2817  2833 I ActivityManager: Config changes=480 {1.0 ?mcc?mnc [ru_RU] ldltr sw392dp w698dp h368dp 440dpi nrml long land finger -keyb/v/h -nav/h appBounds=Rect(0, 0 - 1920, 1080) s.9}
09-26 18:22:35.920  2817  2833 I ActivityManager: Override config changes=480 {1.0 ?mcc?mnc [ru_RU] ldltr sw392dp w698dp h368dp 440dpi nrml long land finger -keyb/v/h -nav/h appBounds=Rect(0, 0 - 1920, 1080) s.9} for displayId=0
09-26 18:22:35.945  2817  2833 W Looper  : Dispatch took 124ms on android.ui, h=Handler (com.android.server.policy.PhoneWindowManager$PolicyHandler) {64ba8cc} cb=com.android.server.policy.PhoneWindowManager$MyOrientationListener$1@56d3715 msg=0
09-26 18:22:36.232  2817  2866 I WindowManager: Screen frozen for +410ms due to Window{b8eff7f u0 StatusBar}
09-26 18:22:48.536  2817  2910 I PowerManagerService: Going to sleep due to power button (uid 1000)...
09-26 18:22:49.108  2817  2841 I DisplayPowerController: Blocking screen off
09-26 18:22:49.108  2817  2841 I DisplayPowerController: Unblocked screen off after 1 ms
09-26 18:22:49.110  2817  2841 E KernelWakelockReader: neither /proc/wakelocks nor /d/wakeup_sources exists
09-26 18:22:49.110  2817  2841 W BatteryStatsImpl: Couldn't get kernel wake lock stats
09-26 18:22:49.116  2817  2841 E KernelUidCpuFreqTimeReader: Failed to read /proc/uid_time_in_state: java.io.FileNotFoundException: /proc/uid_time_in_state (No such file or directory)
09-26 18:22:49.162  2817  2839 I DisplayManagerService: Display device changed state: "Встроенный экран", OFF
09-26 18:22:49.166  2817  2866 W LocalDisplayAdapter: Unable to find color mode 0, ignoring request.
09-26 18:22:49.489  2817  2841 I DreamManagerService: Entering dreamland.
09-26 18:22:49.491  2817  2841 I PowerManagerService: Dozing...
09-26 18:22:49.492  2817  2837 I DreamController: Starting dream: name=ComponentInfo{com.android.systemui/com.android.systemui.doze.DozeService}, isTest=false, canDoze=true, userId=0
09-26 18:22:49.497  2817  2837 D AutofillManagerService: Close system dialogs
09-26 18:22:49.708  2817  7288 W LocalDisplayAdapter: Unable to find color mode 0, ignoring request.
09-26 18:22:49.716  2817  7288 I ActivityManager: Config changes=480 {1.0 ?mcc?mnc [ru_RU] ldltr sw392dp w392dp h674dp 440dpi nrml long port finger -keyb/v/h -nav/h appBounds=Rect(0, 0 - 1080, 1920) s.10}
09-26 18:22:49.727  2817  7288 I ActivityManager: Override config changes=480 {1.0 ?mcc?mnc [ru_RU] ldltr sw392dp w392dp h674dp 440dpi nrml long port finger -keyb/v/h -nav/h appBounds=Rect(0, 0 - 1080, 1920) s.10} for displayId=0
09-26 18:23:00.563 11073 11073 F DEBUG   : *** *** *** *** *** *** *** *** *** *** *** *** *** *** *** ***
09-26 18:23:00.563 11073 11073 F DEBUG   : LineageOS Version: '15.1-20181103-UNOFFICIAL-j7y17lte'
09-26 18:23:00.563 11073 11073 F DEBUG   : Build fingerprint: 'samsung/star2ltexx/star2lte:8.0.0/R16NW/G965FXXU1ARCC:user/release-keys'
09-26 18:23:00.564 11073 11073 F DEBUG   : Revision: '7'
09-26 18:23:00.564 11073 11073 F DEBUG   : ABI: 'arm'
09-26 18:23:00.564 11073 11073 F DEBUG   : pid: 9027, tid: 9028, name: gpsd  >>> /system/bin/gpsd <<<
09-26 18:23:00.564 11073 11073 F DEBUG   : signal 11 (SIGSEGV), code 1 (SEGV_MAPERR), fault addr 0x30
09-26 18:23:00.564 11073 11073 F DEBUG   : Cause: null pointer dereference
09-26 18:23:00.564 11073 11073 F DEBUG   :     r0 00000000  r1 fff24be8  r2 fff24be8  r3 ffffffff
09-26 18:23:00.564 11073 11073 F DEBUG   :     r4 00000000  r5 f7371ebc  r6 00000002  r7 f6a008d0
09-26 18:23:00.564 11073 11073 F DEBUG   :     r8 f6a008cc  r9 f737133c  sl 00000000  fp e4d03ec0
09-26 18:23:00.564 11073 11073 F DEBUG   :     ip f73bc998  sp f6a00868  lr f6ddde13  pc f6dddc84  cpsr a0000030
09-26 18:23:00.566 11073 11073 F DEBUG   : 
09-26 18:23:00.566 11073 11073 F DEBUG   : backtrace:
09-26 18:23:00.566 11073 11073 F DEBUG   :     #00 pc 00051c84  /system/lib/libc.so (__fseeko64(__sFILE*, long long, int, int)+9)
09-26 18:23:00.566 11073 11073 F DEBUG   :     #01 pc 00051e0f  /system/lib/libc.so (fseeko+14)
09-26 18:23:00.566 11073 11073 F DEBUG   :     #02 pc 00065a54  /system/bin/gpsd (kepler_codeload+844)
09-26 18:23:00.727  2817  3001 W NativeCrashListener: Couldn't find ProcessRecord for pid 9027
09-26 18:23:00.729  2817  2836 I BootReceiver: Copying /data/tombstones/tombstone_39 to DropBox (SYSTEM_TOMBSTONE)
09-26 18:25:01.901 13124 13124 F DEBUG   : *** *** *** *** *** *** *** *** *** *** *** *** *** *** *** ***
09-26 18:25:01.901 13124 13124 F DEBUG   : LineageOS Version: '15.1-20181103-UNOFFICIAL-j7y17lte'
09-26 18:25:01.901 13124 13124 F DEBUG   : Build fingerprint: 'samsung/star2ltexx/star2lte:8.0.0/R16NW/G965FXXU1ARCC:user/release-keys'
09-26 18:25:01.901 13124 13124 F DEBUG   : Revision: '7'
09-26 18:25:01.901 13124 13124 F DEBUG   : ABI: 'arm'
09-26 18:25:01.901 13124 13124 F DEBUG   : pid: 11078, tid: 11079, name: gpsd  >>> /system/bin/gpsd <<<
09-26 18:25:01.901 13124 13124 F DEBUG   : signal 11 (SIGSEGV), code 1 (SEGV_MAPERR), fault addr 0x30
09-26 18:25:01.901 13124 13124 F DEBUG   : Cause: null pointer dereference
09-26 18:25:01.901 13124 13124 F DEBUG   :     r0 00000000  r1 fff24be8  r2 fff24be8  r3 ffffffff
09-26 18:25:01.901 13124 13124 F DEBUG   :     r4 00000000  r5 f7662ebc  r6 00000002  r7 f6d208d0
09-26 18:25:01.901 13124 13124 F DEBUG   :     r8 f6d208cc  r9 f766233c  sl 00000000  fp e5003bc0
09-26 18:25:01.901 13124 13124 F DEBUG   :     ip f76ad998  sp f6d20868  lr f71a7e13  pc f71a7c84  cpsr a0000030
09-26 18:25:01.903 13124 13124 F DEBUG   : 
09-26 18:25:01.903 13124 13124 F DEBUG   : backtrace:
09-26 18:25:01.903 13124 13124 F DEBUG   :     #00 pc 00051c84  /system/lib/libc.so (__fseeko64(__sFILE*, long long, int, int)+9)
09-26 18:25:01.903 13124 13124 F DEBUG   :     #01 pc 00051e0f  /system/lib/libc.so (fseeko+14)
09-26 18:25:01.903 13124 13124 F DEBUG   :     #02 pc 00065a54  /system/bin/gpsd (kepler_codeload+844)
09-26 18:25:02.077  2817  3001 W NativeCrashListener: Couldn't find ProcessRecord for pid 11078
09-26 18:25:02.079  2817  2836 I BootReceiver: Copying /data/tombstones/tombstone_40 to DropBox (SYSTEM_TOMBSTONE)
09-26 18:25:08.657  2817  2835 E BatteryExternalStatsWorker: no controller energy info supplied for bluetooth
09-26 18:25:08.665  2817  2835 E KernelUidCpuFreqTimeReader: Failed to read /proc/uid_time_in_state: java.io.FileNotFoundException: /proc/uid_time_in_state (No such file or directory)
09-26 18:25:08.667  2817  2835 E KernelWakelockReader: neither /proc/wakelocks nor /d/wakeup_sources exists
09-26 18:25:08.667  2817  2835 W BatteryStatsImpl: Couldn't get kernel wake lock stats
09-26 18:25:08.670  2817  2835 E BatteryExternalStatsWorker: modem info is invalid: ModemActivityInfo{ mTimestamp=0 mSleepTimeMs=0 mIdleTimeMs=0 mTxTimeMs[]=[0, 0, 0, 0, 0] mRxTimeMs=0 mEnergyUsed=0}
09-26 18:27:03.231 15174 15174 F DEBUG   : *** *** *** *** *** *** *** *** *** *** *** *** *** *** *** ***
09-26 18:27:03.231 15174 15174 F DEBUG   : LineageOS Version: '15.1-20181103-UNOFFICIAL-j7y17lte'
09-26 18:27:03.231 15174 15174 F DEBUG   : Build fingerprint: 'samsung/star2ltexx/star2lte:8.0.0/R16NW/G965FXXU1ARCC:user/release-keys'
09-26 18:27:03.231 15174 15174 F DEBUG   : Revision: '7'
09-26 18:27:03.231 15174 15174 F DEBUG   : ABI: 'arm'
09-26 18:27:03.231 15174 15174 F DEBUG   : pid: 13129, tid: 13130, name: gpsd  >>> /system/bin/gpsd <<<
09-26 18:27:03.231 15174 15174 F DEBUG   : signal 11 (SIGSEGV), code 1 (SEGV_MAPERR), fault addr 0x30
09-26 18:27:03.231 15174 15174 F DEBUG   : Cause: null pointer dereference
09-26 18:27:03.231 15174 15174 F DEBUG   :     r0 00000000  r1 fff24be8  r2 fff24be8  r3 ffffffff
09-26 18:27:03.231 15174 15174 F DEBUG   :     r4 00000000  r5 f7461ebc  r6 00000002  r7 f6b018d0
09-26 18:27:03.231 15174 15174 F DEBUG   :     r8 f6b018cc  r9 f746133c  sl 00000000  fp e4e03340
09-26 18:27:03.231 15174 15174 F DEBUG   :     ip f74ac998  sp f6b01868  lr f6e6fe13  pc f6e6fc84  cpsr a0000030
09-26 18:27:03.233 15174 15174 F DEBUG   : 
09-26 18:27:03.233 15174 15174 F DEBUG   : backtrace:
09-26 18:27:03.233 15174 15174 F DEBUG   :     #00 pc 00051c84  /system/lib/libc.so (__fseeko64(__sFILE*, long long, int, int)+9)
09-26 18:27:03.233 15174 15174 F DEBUG   :     #01 pc 00051e0f  /system/lib/libc.so (fseeko+14)
09-26 18:27:03.233 15174 15174 F DEBUG   :     #02 pc 00065a54  /system/bin/gpsd (kepler_codeload+844)
09-26 18:27:03.411  2817  3001 W NativeCrashListener: Couldn't find ProcessRecord for pid 13129
09-26 18:27:03.413  2817  2836 I BootReceiver: Copying /data/tombstones/tombstone_41 to DropBox (SYSTEM_TOMBSTONE)
09-26 18:29:06.671 17209 17209 F DEBUG   : *** *** *** *** *** *** *** *** *** *** *** *** *** *** *** ***
09-26 18:29:06.671 17209 17209 F DEBUG   : LineageOS Version: '15.1-20181103-UNOFFICIAL-j7y17lte'
09-26 18:29:06.671 17209 17209 F DEBUG   : Build fingerprint: 'samsung/star2ltexx/star2lte:8.0.0/R16NW/G965FXXU1ARCC:user/release-keys'
09-26 18:29:06.671 17209 17209 F DEBUG   : Revision: '7'
09-26 18:29:06.671 17209 17209 F DEBUG   : ABI: 'arm'
09-26 18:29:06.671 17209 17209 F DEBUG   : pid: 15179, tid: 15180, name: gpsd  >>> /system/bin/gpsd <<<
09-26 18:29:06.671 17209 17209 F DEBUG   : signal 11 (SIGSEGV), code 1 (SEGV_MAPERR), fault addr 0x30
09-26 18:29:06.671 17209 17209 F DEBUG   : Cause: null pointer dereference
09-26 18:29:06.671 17209 17209 F DEBUG   :     r0 00000000  r1 fff24be8  r2 fff24be8  r3 ffffffff
09-26 18:29:06.671 17209 17209 F DEBUG   :     r4 00000000  r5 f6fb1ebc  r6 00000002  r7 f66198d0
09-26 18:29:06.671 17209 17209 F DEBUG   :     r8 f66198cc  r9 f6fb133c  sl 00000000  fp e4903d80
09-26 18:29:06.671 17209 17209 F DEBUG   :     ip f6ffc998  sp f6619868  lr f6818e13  pc f6818c84  cpsr a0000030
09-26 18:29:06.673 17209 17209 F DEBUG   : 
09-26 18:29:06.673 17209 17209 F DEBUG   : backtrace:
09-26 18:29:06.673 17209 17209 F DEBUG   :     #00 pc 00051c84  /system/lib/libc.so (__fseeko64(__sFILE*, long long, int, int)+9)
09-26 18:29:06.673 17209 17209 F DEBUG   :     #01 pc 00051e0f  /system/lib/libc.so (fseeko+14)
09-26 18:29:06.673 17209 17209 F DEBUG   :     #02 pc 00065a54  /system/bin/gpsd (kepler_codeload+844)
09-26 18:29:06.876  2817  3001 W NativeCrashListener: Couldn't find ProcessRecord for pid 15179
09-26 18:29:06.878  2817  2836 I BootReceiver: Copying /data/tombstones/tombstone_42 to DropBox (SYSTEM_TOMBSTONE)
09-26 18:31:08.084 19255 19255 F DEBUG   : *** *** *** *** *** *** *** *** *** *** *** *** *** *** *** ***
09-26 18:31:08.084 19255 19255 F DEBUG   : LineageOS Version: '15.1-20181103-UNOFFICIAL-j7y17lte'
09-26 18:31:08.084 19255 19255 F DEBUG   : Build fingerprint: 'samsung/star2ltexx/star2lte:8.0.0/R16NW/G965FXXU1ARCC:user/release-keys'
09-26 18:31:08.084 19255 19255 F DEBUG   : Revision: '7'
09-26 18:31:08.084 19255 19255 F DEBUG   : ABI: 'arm'
09-26 18:31:08.084 19255 19255 F DEBUG   : pid: 17214, tid: 17215, name: gpsd  >>> /system/bin/gpsd <<<
09-26 18:31:08.084 19255 19255 F DEBUG   : signal 11 (SIGSEGV), code 1 (SEGV_MAPERR), fault addr 0x30
09-26 18:31:08.084 19255 19255 F DEBUG   : Cause: null pointer dereference
09-26 18:31:08.084 19255 19255 F DEBUG   :     r0 00000000  r1 fff24be8  r2 fff24be8  r3 ffffffff
09-26 18:31:08.084 19255 19255 F DEBUG   :     r4 00000000  r5 f6fa7ebc  r6 00000002  r7 f661f8d0
09-26 18:31:08.084 19255 19255 F DEBUG   :     r8 f661f8cc  r9 f6fa733c  sl 00000000  fp e4903d80
09-26 18:31:08.084 19255 19255 F DEBUG   :     ip f6ff2998  sp f661f868  lr f68eee13  pc f68eec84  cpsr a0000030
09-26 18:31:08.086 19255 19255 F DEBUG   : 
09-26 18:31:08.086 19255 19255 F DEBUG   : backtrace:
09-26 18:31:08.086 19255 19255 F DEBUG   :     #00 pc 00051c84  /system/lib/libc.so (__fseeko64(__sFILE*, long long, int, int)+9)
09-26 18:31:08.086 19255 19255 F DEBUG   :     #01 pc 00051e0f  /system/lib/libc.so (fseeko+14)
09-26 18:31:08.086 19255 19255 F DEBUG   :     #02 pc 00065a54  /system/bin/gpsd (kepler_codeload+844)
09-26 18:31:08.273  2817  3001 W NativeCrashListener: Couldn't find ProcessRecord for pid 17214
09-26 18:31:08.275  2817  2836 I BootReceiver: Copying /data/tombstones/tombstone_43 to DropBox (SYSTEM_TOMBSTONE)
09-26 18:33:09.460 21302 21302 F DEBUG   : *** *** *** *** *** *** *** *** *** *** *** *** *** *** *** ***
09-26 18:33:09.461 21302 21302 F DEBUG   : LineageOS Version: '15.1-20181103-UNOFFICIAL-j7y17lte'
09-26 18:33:09.461 21302 21302 F DEBUG   : Build fingerprint: 'samsung/star2ltexx/star2lte:8.0.0/R16NW/G965FXXU1ARCC:user/release-keys'
09-26 18:33:09.461 21302 21302 F DEBUG   : Revision: '7'
09-26 18:33:09.461 21302 21302 F DEBUG   : ABI: 'arm'
09-26 18:33:09.461 21302 21302 F DEBUG   : pid: 19260, tid: 19261, name: gpsd  >>> /system/bin/gpsd <<<
09-26 18:33:09.461 21302 21302 F DEBUG   : signal 11 (SIGSEGV), code 1 (SEGV_MAPERR), fault addr 0x30
09-26 18:33:09.461 21302 21302 F DEBUG   : Cause: null pointer dereference
09-26 18:33:09.461 21302 21302 F DEBUG   :     r0 00000000  r1 fff24be8  r2 fff24be8  r3 ffffffff
09-26 18:33:09.461 21302 21302 F DEBUG   :     r4 00000000  r5 f72efebc  r6 00000002  r7 f69878d0
09-26 18:33:09.461 21302 21302 F DEBUG   :     r8 f69878cc  r9 f72ef33c  sl 00000000  fp e4c834c0
09-26 18:33:09.461 21302 21302 F DEBUG   :     ip f733a998  sp f6987868  lr f6bd3e13  pc f6bd3c84  cpsr a0000030
09-26 18:33:09.463 21302 21302 F DEBUG   : 
09-26 18:33:09.463 21302 21302 F DEBUG   : backtrace:
09-26 18:33:09.463 21302 21302 F DEBUG   :     #00 pc 00051c84  /system/lib/libc.so (__fseeko64(__sFILE*, long long, int, int)+9)
09-26 18:33:09.463 21302 21302 F DEBUG   :     #01 pc 00051e0f  /system/lib/libc.so (fseeko+14)
09-26 18:33:09.463 21302 21302 F DEBUG   :     #02 pc 00065a54  /system/bin/gpsd (kepler_codeload+844)
09-26 18:33:09.678  2817  3001 W NativeCrashListener: Couldn't find ProcessRecord for pid 19260
09-26 18:33:09.680  2817  2836 I BootReceiver: Copying /data/tombstones/tombstone_44 to DropBox (SYSTEM_TOMBSTONE)
09-26 18:35:10.986 23335 23335 F DEBUG   : *** *** *** *** *** *** *** *** *** *** *** *** *** *** *** ***
09-26 18:35:10.986 23335 23335 F DEBUG   : LineageOS Version: '15.1-20181103-UNOFFICIAL-j7y17lte'
09-26 18:35:10.986 23335 23335 F DEBUG   : Build fingerprint: 'samsung/star2ltexx/star2lte:8.0.0/R16NW/G965FXXU1ARCC:user/release-keys'
09-26 18:35:10.987 23335 23335 F DEBUG   : Revision: '7'
09-26 18:35:10.987 23335 23335 F DEBUG   : ABI: 'arm'
09-26 18:35:10.987 23335 23335 F DEBUG   : pid: 21307, tid: 21308, name: gpsd  >>> /system/bin/gpsd <<<
09-26 18:35:10.987 23335 23335 F DEBUG   : signal 11 (SIGSEGV), code 1 (SEGV_MAPERR), fault addr 0x30
09-26 18:35:10.987 23335 23335 F DEBUG   : Cause: null pointer dereference
09-26 18:35:10.987 23335 23335 F DEBUG   :     r0 00000000  r1 fff24be8  r2 fff24be8  r3 ffffffff
09-26 18:35:10.987 23335 23335 F DEBUG   :     r4 00000000  r5 f7539ebc  r6 00000002  r7 f6bad8d0
09-26 18:35:10.987 23335 23335 F DEBUG   :     r8 f6bad8cc  r9 f753933c  sl 00000000  fp e4f03d40
09-26 18:35:10.987 23335 23335 F DEBUG   :     ip f7584998  sp f6bad868  lr f6e22e13  pc f6e22c84  cpsr a0000030
09-26 18:35:10.989 23335 23335 F DEBUG   : 
09-26 18:35:10.989 23335 23335 F DEBUG   : backtrace:
09-26 18:35:10.989 23335 23335 F DEBUG   :     #00 pc 00051c84  /system/lib/libc.so (__fseeko64(__sFILE*, long long, int, int)+9)
09-26 18:35:10.989 23335 23335 F DEBUG   :     #01 pc 00051e0f  /system/lib/libc.so (fseeko+14)
09-26 18:35:10.989 23335 23335 F DEBUG   :     #02 pc 00065a54  /system/bin/gpsd (kepler_codeload+844)
09-26 18:35:11.168  2817  3001 W NativeCrashListener: Couldn't find ProcessRecord for pid 21307
09-26 18:35:11.170  2817  2836 I BootReceiver: Copying /data/tombstones/tombstone_45 to DropBox (SYSTEM_TOMBSTONE)
09-26 18:36:51.340  2817  2910 I PowerManagerService: Waking up from dozing (uid=1000 reason=android.policy:POWER)...
09-26 18:36:51.343  2817  2841 E KernelWakelockReader: neither /proc/wakelocks nor /d/wakeup_sources exists
09-26 18:36:51.343  2817  2841 W BatteryStatsImpl: Couldn't get kernel wake lock stats
09-26 18:36:51.349  2817  2841 I DisplayPowerController: Blocking screen on until initial contents have been drawn.
09-26 18:36:51.476  2817  2910 I WindowManager: Suppressed redundant power key press while already in the process of turning the screen on.
09-26 18:36:51.508  2817  2833 W Looper  : Dispatch took 110ms on android.ui, h=Handler (com.android.server.policy.PhoneWindowManager$PolicyHandler) {64ba8cc} cb=com.android.server.policy.-$Lambda$pV_TcBBXJOcgD8CpVRVZuDc_ff8@3bea02d msg=0
09-26 18:36:51.510  2817  2841 I DisplayPowerController: Unblocked screen on after 161 ms
09-26 18:36:51.510  2817  2839 I DisplayManagerService: Display device changed state: "Встроенный экран", ON
09-26 18:36:51.513  2817  2866 W LocalDisplayAdapter: Unable to find color mode 0, ignoring request.
09-26 18:36:51.647  2817  2841 W PowerManagerService: Screen on took 311 ms
09-26 18:36:51.648  2817  2841 I DreamManagerService: Gently waking up from dream.
09-26 18:36:51.648  2817  2837 I DreamManagerService: Performing gentle wake from dream.
09-26 18:36:51.657  2817  3581 I DreamManagerService: Leaving dreamland.
09-26 18:36:51.658  2817  2837 I DreamManagerService: Performing gentle wake from dream.
09-26 18:36:51.658  2817  2837 I DreamController: Stopping dream: name=ComponentInfo{com.android.systemui/com.android.systemui.doze.DozeService}, isTest=false, canDoze=true, userId=0
09-26 18:36:53.140  2817  3581 W LocalDisplayAdapter: Unable to find color mode 0, ignoring request.
09-26 18:37:03.060  2817  2833 W LocalDisplayAdapter: Unable to find color mode 0, ignoring request.
09-26 18:37:03.080  2817  2833 I ActivityManager: Config changes=480 {1.0 ?mcc?mnc [ru_RU] ldltr sw392dp w698dp h368dp 440dpi nrml long land finger -keyb/v/h -nav/h appBounds=Rect(0, 0 - 1920, 1080) s.11}
09-26 18:37:03.128  2817  2833 I ActivityManager: Override config changes=480 {1.0 ?mcc?mnc [ru_RU] ldltr sw392dp w698dp h368dp 440dpi nrml long land finger -keyb/v/h -nav/h appBounds=Rect(0, 0 - 1920, 1080) s.11} for displayId=0
09-26 18:37:03.150  2817  2833 W Looper  : Dispatch took 106ms on android.ui, h=Handler (com.android.server.policy.PhoneWindowManager$PolicyHandler) {64ba8cc} cb=com.android.server.policy.PhoneWindowManager$MyOrientationListener$1@56d3715 msg=0
09-26 18:37:03.316  2817  2866 I WindowManager: Screen frozen for +270ms due to Window{b8eff7f u0 StatusBar}
09-26 18:37:03.779  2817  2866 W LocalDisplayAdapter: Unable to find color mode 0, ignoring request.
09-26 18:37:03.797  2817  2839 I ActivityManager: Config changes=480 {1.0 ?mcc?mnc [ru_RU] ldltr sw392dp w392dp h674dp 440dpi nrml long port finger -keyb/v/h -nav/h appBounds=Rect(0, 0 - 1080, 1920) s.12}
09-26 18:37:03.834  2817  2839 I ActivityManager: Override config changes=480 {1.0 ?mcc?mnc [ru_RU] ldltr sw392dp w392dp h674dp 440dpi nrml long port finger -keyb/v/h -nav/h appBounds=Rect(0, 0 - 1080, 1920) s.12} for displayId=0
09-26 18:37:04.010  2817  2866 I WindowManager: Screen frozen for +249ms due to Window{b8eff7f u0 StatusBar}
09-26 18:37:07.650  2817 10892 I ActivityManager: START u0 {act=android.settings.SETTINGS flg=0x14000000 cmp=com.android.settings/.Settings} from uid 10019
09-26 18:37:07.662  2817  3587 E ActivityManager: applyOptionsLocked: Unknown animationType=0
09-26 18:37:07.674  2817  3587 I ActivityManager: Start proc 25344:com.android.settings/1000 for activity com.android.settings/.Settings
09-26 18:37:08.014  2817  2835 E BatteryExternalStatsWorker: no controller energy info supplied for bluetooth
09-26 18:37:08.023  2817  2835 E KernelWakelockReader: neither /proc/wakelocks nor /d/wakeup_sources exists
09-26 18:37:08.023  2817  2835 W BatteryStatsImpl: Couldn't get kernel wake lock stats
09-26 18:37:08.025  2817  2835 E BatteryExternalStatsWorker: modem info is invalid: ModemActivityInfo{ mTimestamp=0 mSleepTimeMs=0 mIdleTimeMs=0 mTxTimeMs[]=[0, 0, 0, 0, 0] mRxTimeMs=0 mEnergyUsed=0}
09-26 18:37:10.545 25442 25442 F DEBUG   : *** *** *** *** *** *** *** *** *** *** *** *** *** *** *** ***
09-26 18:37:10.545 25442 25442 F DEBUG   : LineageOS Version: '15.1-20181103-UNOFFICIAL-j7y17lte'
09-26 18:37:10.545 25442 25442 F DEBUG   : Build fingerprint: 'samsung/star2ltexx/star2lte:8.0.0/R16NW/G965FXXU1ARCC:user/release-keys'
09-26 18:37:10.545 25442 25442 F DEBUG   : Revision: '7'
09-26 18:37:10.545 25442 25442 F DEBUG   : ABI: 'arm'
09-26 18:37:10.545 25442 25442 F DEBUG   : pid: 23340, tid: 23341, name: gpsd  >>> /system/bin/gpsd <<<
09-26 18:37:10.545 25442 25442 F DEBUG   : signal 11 (SIGSEGV), code 1 (SEGV_MAPERR), fault addr 0x30
09-26 18:37:10.545 25442 25442 F DEBUG   : Cause: null pointer dereference
09-26 18:37:10.545 25442 25442 F DEBUG   :     r0 00000000  r1 fff24be8  r2 fff24be8  r3 ffffffff
09-26 18:37:10.545 25442 25442 F DEBUG   :     r4 00000000  r5 f76bbebc  r6 00000002  r7 f6d098d0
09-26 18:37:10.545 25442 25442 F DEBUG   :     r8 f6d098cc  r9 f76bb33c  sl 00000000  fp e5083bc0
09-26 18:37:10.545 25442 25442 F DEBUG   :     ip f7706998  sp f6d09868  lr f6f63e13  pc f6f63c84  cpsr a0000030
09-26 18:37:10.547 25442 25442 F DEBUG   : 
09-26 18:37:10.547 25442 25442 F DEBUG   : backtrace:
09-26 18:37:10.547 25442 25442 F DEBUG   :     #00 pc 00051c84  /system/lib/libc.so (__fseeko64(__sFILE*, long long, int, int)+9)
09-26 18:37:10.547 25442 25442 F DEBUG   :     #01 pc 00051e0f  /system/lib/libc.so (fseeko+14)
09-26 18:37:10.547 25442 25442 F DEBUG   :     #02 pc 00065a54  /system/bin/gpsd (kepler_codeload+844)
09-26 18:37:10.735  2817  3001 W NativeCrashListener: Couldn't find ProcessRecord for pid 23340
09-26 18:37:10.737  2817  2836 I BootReceiver: Copying /data/tombstones/tombstone_46 to DropBox (SYSTEM_TOMBSTONE)
09-26 18:37:12.568  2817  4535 I ActivityManager: START u0 {cmp=com.google.android.setupwizard/.deferred.DeferredSettingsSuggestionActivity} from uid 1000
09-26 18:37:12.614  2817  3587 I ActivityManager: START u0 {flg=0x10000000 cmp=com.google.android.setupwizard/.deferred.DeferredSetupWizardActivity} from uid 10079
09-26 18:37:12.672  2817  3587 I ActivityManager: START u0 {act=com.android.setupwizard.DEFERRED_WELCOME flg=0x4000000 cmp=com.google.android.setupwizard/.deferred.DeferredSetupWelcomeActivity (has extras)} from uid 10079
09-26 18:37:12.740  2817  3587 I ActivityManager: Start proc 25503:com.google.process.gservices/u0a77 for content provider com.google.android.gsf/.gservices.GservicesProvider
09-26 18:37:17.642  2817  3587 I ActivityManager: START u0 {act=com.android.wizard.NEXT cmp=android/com.android.internal.app.ResolverActivity (has extras)} from uid 10079
09-26 18:37:17.662  2817  3587 I ActivityManager: Start proc 25619:system:ui/1000 for activity android/com.android.internal.app.ResolverActivity
09-26 18:37:17.752  2817  3587 I ActivityManager: START u0 {act=com.android.wizard.NEXT flg=0x3000000 cmp=com.google.android.setupwizard/.WizardManagerActivity (has extras)} from uid 10079
09-26 18:37:17.762  2817  3587 I ActivityManager: START u0 {act=com.android.wizard.NEXT flg=0x3000000 cmp=com.google.android.setupwizard/.WizardManagerActivity (has extras)} from uid 10079
09-26 18:37:17.763  2817  3587 W ActivityManager: startActivity called from finishing ActivityRecord{88bc390 u0 android/com.android.internal.app.ResolverActivity t193 f}; forcing Intent.FLAG_ACTIVITY_NEW_TASK for: Intent { act=com.android.wizard.NEXT flg=0x3800000 cmp=com.google.android.setupwizard/.WizardManagerActivity (has extras) }
09-26 18:37:17.768  2817  3587 W ActivityManager: Duplicate finish request for ActivityRecord{88bc390 u0 android/com.android.internal.app.ResolverActivity t193 f}
09-26 18:37:17.787  2817  3587 I ActivityManager: START u0 {act=com.google.android.setupwizard.COMPLETE_IN_FLIGHT_UPDATES flg=0x4000000 cmp=com.google.android.setupwizard/.update.CompleteInFlightUpdates (has extras)} from uid 10079
09-26 18:37:17.821  2817  3581 I ActivityManager: START u0 {act=com.google.android.setupwizard.COMPLETE_IN_FLIGHT_UPDATES flg=0x4000000 cmp=com.google.android.setupwizard/.update.CompleteInFlightUpdates (has extras)} from uid 10079
09-26 18:37:17.887  2817  3587 I ActivityManager: START u0 {act=com.android.wizard.NEXT cmp=android/com.android.internal.app.ResolverActivity (has extras)} from uid 10079
09-26 18:37:17.924  2817 10892 I ActivityManager: START u0 {act=com.android.wizard.NEXT flg=0x3000000 cmp=com.google.android.setupwizard/.WizardManagerActivity (has extras)} from uid 10079
09-26 18:37:17.932  2817 10892 I ActivityManager: START u0 {act=com.android.wizard.NEXT flg=0x3000000 cmp=com.google.android.setupwizard/.WizardManagerActivity (has extras)} from uid 10079
09-26 18:37:17.933  2817 10892 W ActivityManager: startActivity called from finishing ActivityRecord{95a57d8 u0 android/com.android.internal.app.ResolverActivity t193 f}; forcing Intent.FLAG_ACTIVITY_NEW_TASK for: Intent { act=com.android.wizard.NEXT flg=0x3800000 cmp=com.google.android.setupwizard/.WizardManagerActivity (has extras) }
09-26 18:37:17.937  2817  3581 W ActivityManager: Duplicate finish request for ActivityRecord{95a57d8 u0 android/com.android.internal.app.ResolverActivity t193 f}
09-26 18:37:17.951  2817 10892 I ActivityManager: START u0 {act=com.android.setupwizard.NETWORK_SETTINGS flg=0x4000000 cmp=com.google.android.setupwizard/.network.NetworkActivity (has extras)} from uid 10079
09-26 18:37:17.972  2817  3581 I ActivityManager: START u0 {act=com.android.setupwizard.NETWORK_SETTINGS flg=0x4000000 cmp=com.google.android.setupwizard/.network.NetworkActivity (has extras)} from uid 10079
09-26 18:37:18.041  2817  3581 I ActivityManager: START u0 {act=com.android.wizard.NEXT cmp=android/com.android.internal.app.ResolverActivity (has extras)} from uid 10079
09-26 18:37:18.100  2817  4535 I ActivityManager: START u0 {act=com.android.wizard.NEXT flg=0x3000000 cmp=com.google.android.setupwizard/.WizardManagerActivity (has extras)} from uid 10079
09-26 18:37:18.112  2817 10892 I ActivityManager: START u0 {act=com.android.wizard.NEXT flg=0x3000000 cmp=com.google.android.setupwizard/.WizardManagerActivity (has extras)} from uid 10079
09-26 18:37:18.112  2817 10892 W ActivityManager: startActivity called from finishing ActivityRecord{124597f u0 android/com.android.internal.app.ResolverActivity t193 f}; forcing Intent.FLAG_ACTIVITY_NEW_TASK for: Intent { act=com.android.wizard.NEXT flg=0x3800000 cmp=com.google.android.setupwizard/.WizardManagerActivity (has extras) }
09-26 18:37:18.118  2817 10892 W ActivityManager: Duplicate finish request for ActivityRecord{124597f u0 android/com.android.internal.app.ResolverActivity t193 f}
09-26 18:37:18.221  2817 10892 I ActivityManager: START u0 {act=com.android.setupwizard.CAPTIVE_PORTAL flg=0x4000000 cmp=com.google.android.setupwizard/.network.CaptivePortal (has extras)} from uid 10079
09-26 18:37:18.253  2817 10892 I ActivityManager: START u0 {act=com.android.setupwizard.CAPTIVE_PORTAL flg=0x4000000 cmp=com.google.android.setupwizard/.network.CaptivePortal (has extras)} from uid 10079
09-26 18:37:18.380  2817  2929 D ConnectivityService: reportNetworkConnectivity(100, false) by 10079
09-26 18:37:18.384  2817  2929 D ConnectivityService: reportNetworkConnectivity(100, false) by 10079
09-26 18:37:18.475  2817 10892 I ActivityManager: START u0 {act=com.android.wizard.NEXT cmp=android/com.android.internal.app.ResolverActivity (has extras)} from uid 10079
09-26 18:37:18.486  2817  2831 I UsageStatsService: User[0] Flushing usage stats to disk
09-26 18:37:18.542  2817 10892 I ActivityManager: START u0 {act=com.android.wizard.NEXT flg=0x3000000 cmp=com.google.android.setupwizard/.WizardManagerActivity (has extras)} from uid 10079
09-26 18:37:18.558  2817 10892 I ActivityManager: START u0 {act=com.android.wizard.NEXT flg=0x3000000 cmp=com.google.android.setupwizard/.WizardManagerActivity (has extras)} from uid 10079
09-26 18:37:18.559  2817 10892 W ActivityManager: startActivity called from finishing ActivityRecord{daa8929 u0 android/com.android.internal.app.ResolverActivity t193 f}; forcing Intent.FLAG_ACTIVITY_NEW_TASK for: Intent { act=com.android.wizard.NEXT flg=0x3800000 cmp=com.google.android.setupwizard/.WizardManagerActivity (has extras) }
09-26 18:37:18.569  2817 10892 W ActivityManager: Duplicate finish request for ActivityRecord{daa8929 u0 android/com.android.internal.app.ResolverActivity t193 f}
09-26 18:37:18.590  2817  4535 I ActivityManager: START u0 {act=com.google.android.setupwizard.GMS_CHECKIN flg=0x4000000 cmp=com.google.android.setupwizard/.network.GmsCheckin (has extras)} from uid 10079
09-26 18:37:18.601  2817  4535 W ActivityManager: Duplicate finish request for ActivityRecord{cf93461 u0 com.google.android.setupwizard/.WizardManagerActivity t193 f}
09-26 18:37:18.605  2817  2929 D ConnectivityService: NetworkAgentInfo [WIFI () - 100] validation passed
09-26 18:37:18.620  2817  4535 I ActivityManager: START u0 {act=com.google.android.setupwizard.GMS_CHECKIN flg=0x4000000 cmp=com.google.android.setupwizard/.network.GmsCheckin (has extras)} from uid 10079
09-26 18:37:18.621  2817  4535 W ActivityManager: startActivity called from finishing ActivityRecord{90a6c74 u0 com.google.android.setupwizard/.WizardManagerActivity t193 f}; forcing Intent.FLAG_ACTIVITY_NEW_TASK for: Intent { act=com.google.android.setupwizard.GMS_CHECKIN flg=0x4000000 cmp=com.google.android.setupwizard/.network.GmsCheckin (has extras) }
09-26 18:37:18.627  2817  4535 W ActivityManager: Duplicate finish request for ActivityRecord{90a6c74 u0 com.google.android.setupwizard/.WizardManagerActivity t193 f}
09-26 18:37:18.648  2817  2929 D ConnectivityService: NetworkAgentInfo [WIFI () - 100] validation passed
09-26 18:37:26.999  2817  2833 D AutofillManagerService: onBackKeyPressed()
09-26 18:37:27.218  2817  2833 D AutofillManagerService: onBackKeyPressed()
09-26 18:37:27.701  2817  4535 I ActivityManager: START u0 {flg=0x10804000 cmp=com.android.systemui/.recents.RecentsActivity} from uid 10019
09-26 18:37:27.736  2817  2837 D AutofillManagerService: Close system dialogs
09-26 18:37:28.970  2817  4535 W WindowManager: Attempted to set replacing window on non-existing app token Token{8030260 ActivityRecord{35b663 u0 com.google.android.setupwizard/.deferred.DeferredSetupWelcomeActivity t193}}
09-26 18:37:28.982  2817  2837 D AutofillManagerService: Close system dialogs
09-26 18:37:33.368  2817  3557 W ActivityManager: Unable to start service Intent { act=com.android.launcher3.WINDOW_OVERLAY dat=app://org.lineageos.trebuchet:10007?v=7&cv=9 pkg=com.google.android.googlequicksearchbox } U=0: not found
09-26 18:37:34.359  2817  4535 I ActivityManager: START u0 {flg=0x10804000 cmp=com.android.systemui/.recents.RecentsActivity} from uid 10019
09-26 18:37:34.377  2817  2837 D AutofillManagerService: Close system dialogs
09-26 18:37:38.017  2817  4535 I ActivityManager: Killing 4476:org.lineageos.updater/u0a18 (adj 906): empty #17
09-26 18:37:38.017  2817  4535 I ActivityManager: Killing 4354:com.google.process.gapps/u0a87 (adj 906): empty #18
09-26 18:37:38.022  2817  4535 I ActivityManager: Killing 25344:com.android.settings/1000 (adj 900): remove task
09-26 18:37:38.097  2817  2839 W ActivityManager: setHasOverlayUi called on unknown pid: 25344
09-26 18:37:38.748  2817 26040 I ActivityManager: Killing 4506:ru.fourpda.client/u0a91 (adj 900): remove task
09-26 18:37:38.819  2817  3560 I WindowManager: WIN DEATH: Window{bf5d387 u0 ru.fourpda.client/ru.fourpda.client.MainActivity}
09-26 18:37:38.831  2817  2839 W ActivityManager: setHasOverlayUi called on unknown pid: 4506
09-26 18:37:40.171  2817  2837 D AutofillManagerService: Close system dialogs
09-26 18:37:40.183  2817 10892 I ActivityManager: START u0 {act=android.intent.action.MAIN cat=[android.intent.category.HOME] flg=0x10200000 cmp=org.lineageos.trebuchet/com.android.launcher3.searchlauncher.SearchLauncher} from uid 10019
09-26 18:37:40.206  2817 10892 W ActivityManager: Unable to start service Intent { act=com.android.launcher3.WINDOW_OVERLAY dat=app://org.lineageos.trebuchet:10007?v=7&cv=9 pkg=com.google.android.googlequicksearchbox } U=0: not found
09-26 18:37:41.392  2817  2817 I EntropyMixer: Writing entropy...
09-26 18:37:41.405  2817  2835 E BatteryExternalStatsWorker: no controller energy info supplied for bluetooth
09-26 18:37:41.411  2817  2835 E KernelWakelockReader: neither /proc/wakelocks nor /d/wakeup_sources exists
09-26 18:37:41.412  2817  2835 W BatteryStatsImpl: Couldn't get kernel wake lock stats
09-26 18:37:41.421  2817  2835 E BatteryExternalStatsWorker: modem info is invalid: ModemActivityInfo{ mTimestamp=0 mSleepTimeMs=0 mIdleTimeMs=0 mTxTimeMs[]=[0, 0, 0, 0, 0] mRxTimeMs=0 mEnergyUsed=0}
09-26 18:37:41.756  2817  2837 D UsbDeviceManager: push notification:Зарядка через USB
09-26 18:38:08.540  2817  2817 I ActivityManager: Start proc 26583:ru.fourpda.client/u0a91 for service ru.fourpda.client/.FourpdaJobService
09-26 18:39:08.458 27627 27627 F DEBUG   : *** *** *** *** *** *** *** *** *** *** *** *** *** *** *** ***
09-26 18:39:08.459 27627 27627 F DEBUG   : LineageOS Version: '15.1-20181103-UNOFFICIAL-j7y17lte'
09-26 18:39:08.459 27627 27627 F DEBUG   : Build fingerprint: 'samsung/star2ltexx/star2lte:8.0.0/R16NW/G965FXXU1ARCC:user/release-keys'
09-26 18:39:08.459 27627 27627 F DEBUG   : Revision: '7'
09-26 18:39:08.459 27627 27627 F DEBUG   : ABI: 'arm'
09-26 18:39:08.459 27627 27627 F DEBUG   : pid: 25447, tid: 25448, name: gpsd  >>> /system/bin/gpsd <<<
09-26 18:39:08.459 27627 27627 F DEBUG   : signal 11 (SIGSEGV), code 1 (SEGV_MAPERR), fault addr 0x30
09-26 18:39:08.459 27627 27627 F DEBUG   : Cause: null pointer dereference
09-26 18:39:08.459 27627 27627 F DEBUG   :     r0 00000000  r1 fff24be8  r2 fff24be8  r3 ffffffff
09-26 18:39:08.459 27627 27627 F DEBUG   :     r4 00000000  r5 f7571ebc  r6 00000002  r7 f6c1d8d0
09-26 18:39:08.459 27627 27627 F DEBUG   :     r8 f6c1d8cc  r9 f757133c  sl 00000000  fp e4f03780
09-26 18:39:08.459 27627 27627 F DEBUG   :     ip f75bc998  sp f6c1d868  lr f6faee13  pc f6faec84  cpsr a0000030
09-26 18:39:08.461 27627 27627 F DEBUG   : 
09-26 18:39:08.461 27627 27627 F DEBUG   : backtrace:
09-26 18:39:08.461 27627 27627 F DEBUG   :     #00 pc 00051c84  /system/lib/libc.so (__fseeko64(__sFILE*, long long, int, int)+9)
09-26 18:39:08.461 27627 27627 F DEBUG   :     #01 pc 00051e0f  /system/lib/libc.so (fseeko+14)
09-26 18:39:08.461 27627 27627 F DEBUG   :     #02 pc 00065a54  /system/bin/gpsd (kepler_codeload+844)
09-26 18:39:08.636  2817  3001 W NativeCrashListener: Couldn't find ProcessRecord for pid 25447
09-26 18:39:08.638  2817  2836 I BootReceiver: Copying /data/tombstones/tombstone_47 to DropBox (SYSTEM_TOMBSTONE)
09-26 18:41:09.009 29664 29664 F DEBUG   : *** *** *** *** *** *** *** *** *** *** *** *** *** *** *** ***
09-26 18:41:09.009 29664 29664 F DEBUG   : LineageOS Version: '15.1-20181103-UNOFFICIAL-j7y17lte'
09-26 18:41:09.009 29664 29664 F DEBUG   : Build fingerprint: 'samsung/star2ltexx/star2lte:8.0.0/R16NW/G965FXXU1ARCC:user/release-keys'
09-26 18:41:09.009 29664 29664 F DEBUG   : Revision: '7'
09-26 18:41:09.009 29664 29664 F DEBUG   : ABI: 'arm'
09-26 18:41:09.009 29664 29664 F DEBUG   : pid: 27632, tid: 27633, name: gpsd  >>> /system/bin/gpsd <<<
09-26 18:41:09.009 29664 29664 F DEBUG   : signal 11 (SIGSEGV), code 1 (SEGV_MAPERR), fault addr 0x30
09-26 18:41:09.009 29664 29664 F DEBUG   : Cause: null pointer dereference
09-26 18:41:09.009 29664 29664 F DEBUG   :     r0 00000000  r1 fff24be8  r2 fff24be8  r3 ffffffff
09-26 18:41:09.009 29664 29664 F DEBUG   :     r4 00000000  r5 f7750ebc  r6 00000002  r7 f6e048d0
09-26 18:41:09.009 29664 29664 F DEBUG   :     r8 f6e048cc  r9 f775033c  sl 00000000  fp e5183040
09-26 18:41:09.009 29664 29664 F DEBUG   :     ip f779b998  sp f6e04868  lr f71a2e13  pc f71a2c84  cpsr a0000030
09-26 18:41:09.011 29664 29664 F DEBUG   : 
09-26 18:41:09.011 29664 29664 F DEBUG   : backtrace:
09-26 18:41:09.011 29664 29664 F DEBUG   :     #00 pc 00051c84  /system/lib/libc.so (__fseeko64(__sFILE*, long long, int, int)+9)
09-26 18:41:09.011 29664 29664 F DEBUG   :     #01 pc 00051e0f  /system/lib/libc.so (fseeko+14)
09-26 18:41:09.011 29664 29664 F DEBUG   :     #02 pc 00065a54  /system/bin/gpsd (kepler_codeload+844)
09-26 18:41:09.250  2817  3001 W NativeCrashListener: Couldn't find ProcessRecord for pid 27632
09-26 18:41:09.252  2817  2836 I BootReceiver: Copying /data/tombstones/tombstone_48 to DropBox (SYSTEM_TOMBSTONE)
09-26 18:41:56.375  2817  3560 I ActivityManager: START u0 {act=android.settings.SETTINGS flg=0x14000000 cmp=com.android.settings/.Settings} from uid 10019
09-26 18:41:56.385  2817  2829 E ActivityManager: applyOptionsLocked: Unknown animationType=0
09-26 18:41:56.402  2817  2829 I ActivityManager: Start proc 30492:com.android.settings/1000 for activity com.android.settings/.Settings
09-26 18:41:56.779  2817  2835 E BatteryExternalStatsWorker: no controller energy info supplied for bluetooth
09-26 18:41:56.786  2817  2835 E KernelWakelockReader: neither /proc/wakelocks nor /d/wakeup_sources exists
09-26 18:41:56.786  2817  2835 W BatteryStatsImpl: Couldn't get kernel wake lock stats
09-26 18:41:56.787  2817  2835 E BatteryExternalStatsWorker: modem info is invalid: ModemActivityInfo{ mTimestamp=0 mSleepTimeMs=0 mIdleTimeMs=0 mTxTimeMs[]=[0, 0, 0, 0, 0] mRxTimeMs=0 mEnergyUsed=0}
09-26 18:42:04.036  2817 10892 I ActivityManager: START u0 {flg=0x8000 cmp=com.android.settings/.Settings$SystemDashboardActivity (has extras)} from uid 1000
09-26 18:42:05.427  2817 10892 I ActivityManager: START u0 {act=android.intent.action.MAIN cmp=com.android.settings/.SubSettings (has extras)} from uid 1000
09-26 18:42:05.534  2817  3560 E UserRestrictionsUtils: Unknown restriction: null
09-26 18:42:05.537  2817  3560 E UserRestrictionsUtils: Unknown restriction: null
09-26 18:42:05.551  2817 10892 E UserRestrictionsUtils: Unknown restriction: null
09-26 18:42:05.591  2817 10892 D CryptdConnector: SND -> {6 cryptfs isConvertibleToFBE}
09-26 18:42:05.592  2519  2524 D VoldCryptCmdListener: cryptfs isConvertibleToFBE
09-26 18:42:05.593  2817  2914 D CryptdConnector: RCV <- {200 6 0}
09-26 18:42:24.178  2817  3560 D PackageManager: Ephemeral installer not found with new action; try old one
09-26 18:42:24.178  2817  3560 D PackageManager: Clear ephemeral installer activity
09-26 18:42:24.200  2817  2817 I Telecom : DefaultDialerCache: Refreshing default dialer for user 0: now com.android.dialer: DDC.oR@ADA
09-26 18:42:24.280  2817  2831 W VoiceInteractionManagerService: no available voice interaction services found for user 0
09-26 18:42:25.896  2817  3560 D PackageManager: Ephemeral installer not found with new action; try old one
09-26 18:42:25.896  2817  3560 D PackageManager: Clear ephemeral installer activity
09-26 18:42:25.903  2817  2817 I Telecom : DefaultDialerCache: Refreshing default dialer for user 0: now com.android.dialer: DDC.oR@ADE
09-26 18:42:25.904  2817  2831 W VoiceInteractionManagerService: no available voice interaction services found for user 0
09-26 18:42:34.901  2817  3350 D UsbDebuggingManager: Received public key: QAAAAL8r2qnBO5CxY83McMHaKIxGE7k0PF2ZxFJsgez64GTRrH806TpiQz+cJvlXcjqD4WfcB/JlmRlTO07tPhTlhnH7TDvj2fM8avfcW5UsG8VfESlI64S1MxjJ64F78bNikufXNigYp8I2pc4TKwuPiolwFEyjbiQFLVhjLdDIg9QCw0yl9LqUJLT/tBGOzpP6iAqhtOth9tpIwAob0jOIJPt0TidfdLHv1mk7BxJihpVCFqKFypt8GCv2AZWV2TizEe5KckbxgSBAuWdPd8c0ymRGBcNqsuYCqjCYNJi+fXAdOkSk3QK1DuLrlD2f581tWoH3ptpCbz8tyTAyR6h0r1aLYYyjydspewbrlOtxbk+V+Iafs1HlR3X+NLtMrefidenEBSz76zUbSzZRc2yQQFkMQmdUuABQhdIvXqKtNUYkErZAvzDIsjyTtnmb7cUtjem0hOsxhjiJT9+7Il2ptUXqJ0nf40wI0FFGAFI+IJxhI1m4iF00+umYO6e9sOxhJLat5LyiPGQlMt95My7DH6JoCcZE1OElFdZrz+pFtRfITB2C2gbYVvaBi/RyQCe9AZPafOePA7VEC1YGkDy3twyQfPnrtE5YgUfcBFJ3DIDYhyybSr+Srn/aTmKQPr6lOlWRBzDncSfvjKrPWzcoget3E7Id/yu/Il3l5j0JYCJ+R6oELwEAAQA= unknown@unknown
09-26 18:42:34.904  2817  2837 I ActivityManager: START u0 {flg=0x10000000 cmp=com.android.systemui/.usb.UsbDebuggingActivity (has extras)} from uid 1000
09-26 18:42:43.469  2817  2837 D AutofillManagerService: Close system dialogs
09-26 18:42:43.470  2817  2909 I ActivityManager: START u0 {act=android.intent.action.MAIN cat=[android.intent.category.HOME] flg=0x10200000 cmp=org.lineageos.trebuchet/com.android.launcher3.searchlauncher.SearchLauncher (has extras)} from uid 1000
09-26 18:42:43.489  2817 26064 W ActivityManager: Unable to start service Intent { act=com.android.launcher3.WINDOW_OVERLAY dat=app://org.lineageos.trebuchet:10007?v=7&cv=9 pkg=com.google.android.googlequicksearchbox } U=0: not found
09-26 18:42:49.186  2817 10892 I ActivityManager: START u0 {act=android.intent.action.MAIN cat=[android.intent.category.LAUNCHER] flg=0x10200000 cmp=su.sniff.cepter/.SplashActivity bnds=[235,1023][438,1322]} from uid 10007
09-26 18:42:49.219  2817  2829 I ActivityManager: Start proc 31480:su.sniff.cepter/u0a90 for activity su.sniff.cepter/.SplashActivity
09-26 18:42:49.845  2817  2829 I ActivityManager: START u0 {cmp=su.sniff.cepter/.ChooseActivity} from uid 10090
09-26 18:42:49.873  2817  3581 W ActivityManager: Duplicate finish request for ActivityRecord{ddbfff6 u0 su.sniff.cepter/.SplashActivity t196 f}
09-26 18:42:51.637  2817  3581 W WindowManager: Adding more than one toast window for UID at a time.
09-26 18:42:53.449  2817 10892 I ActivityManager: START u0 {cmp=su.sniff.cepter/.ScanActivity (has extras)} from uid 10090
