* daemon not running. starting it now on port 5037 *
* daemon started successfully *
--------- beginning of system
09-26 18:18:27.847  2519  2519 I vold    : Vold 3.0 (the awakening) firing up
09-26 18:18:27.848  2519  2519 V vold    : Detected support for: exfat ext4 ntfs vfat
09-26 18:18:27.862  2519  2524 D vold    : e4crypt_init_user0
09-26 18:18:27.862  2519  2524 D vold    : e4crypt_prepare_user_storage for volume null, user 0, serial 0, flags 1
09-26 18:18:27.862  2519  2524 D vold    : Preparing: /data/system/users/0
09-26 18:18:27.862  2519  2524 D vold    : Preparing: /data/misc/profiles/cur/0
09-26 18:18:27.863  2519  2524 D vold    : Preparing: /data/system_de/0
09-26 18:18:27.863  2519  2524 D vold    : Preparing: /data/misc_de/0
09-26 18:18:27.863  2519  2524 D vold    : Preparing: /data/user_de/0
09-26 18:18:27.864  2519  2524 D vold    : e4crypt_unlock_user_key 0 serial=0 token_present=0
09-26 18:18:27.864  2519  2522 V vold    : /system/bin/sgdisk
09-26 18:18:27.864  2519  2522 V vold    :     --android-dump
09-26 18:18:27.865  2519  2522 V vold    :     /dev/block/vold/disk:179_32
09-26 18:18:27.893  2519  2522 V vold    : DISK mbr
09-26 18:18:27.893  2519  2522 V vold    : 
09-26 18:18:27.893  2519  2522 V vold    : PART 1 7
09-26 18:18:27.893  2519  2522 V vold    : 
09-26 18:18:28.292  2616  2616 I android.hardware.wifi@1.0-service: Wifi Hal is booting up...
09-26 18:18:28.451  2650  2650 I installd: installd firing up
09-26 18:18:28.498  2657  2657 I wificond: wificond is starting up...
09-26 18:18:28.697  2656  2711 I /system/bin/storaged: storaged: Start
09-26 18:18:29.425  2598  2598 D Zygote32Timing: BeginIcuCachePinning took to complete: 61ms
09-26 18:18:30.004  2598  2598 D Zygote32Timing: PreloadClasses took to complete: 579ms
09-26 18:18:30.153  2598  2598 D Zygote32Timing: PreloadResources took to complete: 149ms
09-26 18:18:30.277  2598  2598 D Zygote32Timing: ZygotePreload took to complete: 914ms
09-26 18:18:30.322  2598  2598 D Zygote32Timing: PostZygoteInitGC took to complete: 44ms
09-26 18:18:30.322  2598  2598 D Zygote32Timing: ZygoteInit took to complete: 960ms
09-26 18:18:30.498  2817  2817 I SystemServer: InitBeforeStartServices
09-26 18:18:30.499  2817  2817 I SystemServer: Entered the Android system server!
09-26 18:18:30.745  2817  2817 D SystemServerTiming: InitBeforeStartServices took to complete: 247ms
09-26 18:18:30.745  2817  2817 I SystemServer: StartServices
09-26 18:18:30.745  2817  2817 I SystemServer: Reading configuration...
09-26 18:18:30.745  2817  2817 I SystemServer: ReadingSystemConfig
09-26 18:18:30.746  2817  2817 D SystemServerTiming: ReadingSystemConfig took to complete: 0ms
09-26 18:18:30.746  2817  2817 I SystemServer: StartInstaller
09-26 18:18:30.746  2817  2817 I SystemServiceManager: Starting com.android.server.pm.Installer
09-26 18:18:30.747  2817  2830 D SystemServerInitThreadPool: Started executing ReadingSystemConfig
09-26 18:18:30.748  2817  2817 D SystemServerTiming: StartInstaller took to complete: 2ms
09-26 18:18:30.748  2817  2817 I SystemServer: DeviceIdentifiersPolicyService
09-26 18:18:30.748  2817  2817 I SystemServiceManager: Starting com.android.server.os.DeviceIdentifiersPolicyService
09-26 18:18:30.750  2817  2817 D SystemServerTiming: DeviceIdentifiersPolicyService took to complete: 2ms
09-26 18:18:30.750  2817  2817 I SystemServer: StartActivityManager
09-26 18:18:30.750  2817  2817 I SystemServiceManager: Starting com.android.server.am.ActivityManagerService$Lifecycle
09-26 18:18:30.768  2817  2817 I ActivityManager: Memory class: 288
09-26 18:18:30.769  2817  2832 I ServiceThread: Enabled StrictMode logging for ActivityManager looper.
09-26 18:18:30.770  2817  2833 I ServiceThread: Enabled StrictMode logging for android.ui looper.
09-26 18:18:30.797  2817  2817 D BatteryStatsImpl: Reading daily items from /data/system/batterystats-daily.xml
09-26 18:18:30.801  2817  2830 D SystemServerInitThreadPool: Finished executing ReadingSystemConfig
09-26 18:18:30.819  2817  2835 E BatteryExternalStatsWorker: no controller energy info supplied for telephony
09-26 18:18:30.821  2817  2835 E KernelUidCpuFreqTimeReader: Failed to read /proc/uid_time_in_state: java.io.FileNotFoundException: /proc/uid_time_in_state (No such file or directory)
09-26 18:18:30.822  2817  2835 E KernelWakelockReader: neither /proc/wakelocks nor /d/wakeup_sources exists
09-26 18:18:30.823  2817  2835 E AndroidRuntime: Error reporting WTF
09-26 18:18:30.823  2817  2835 E AndroidRuntime: java.lang.NullPointerException: Attempt to invoke interface method 'boolean android.app.IActivityManager.handleApplicationWtf(android.os.IBinder, java.lang.String, boolean, android.app.ApplicationErrorReport$ParcelableCrashInfo)' on a null object reference
09-26 18:18:30.823  2817  2835 E AndroidRuntime: 	at com.android.internal.os.RuntimeInit.wtf(RuntimeInit.java:334)
09-26 18:18:30.823  2817  2835 E AndroidRuntime: 	at android.util.Log$1.onTerribleFailure(Log.java:110)
09-26 18:18:30.823  2817  2835 E AndroidRuntime: 	at android.util.Log.wtf(Log.java:304)
09-26 18:18:30.823  2817  2835 E AndroidRuntime: 	at android.util.Slog.wtf(Slog.java:82)
09-26 18:18:30.823  2817  2835 E AndroidRuntime: 	at com.android.internal.os.KernelWakelockReader.readKernelWakelockStats(KernelWakelockReader.java:82)
09-26 18:18:30.823  2817  2835 E AndroidRuntime: 	at com.android.internal.os.BatteryStatsImpl.updateKernelWakelocksLocked(BatteryStatsImpl.java:10380)
09-26 18:18:30.823  2817  2835 E AndroidRuntime: 	at com.android.server.am.BatteryExternalStatsWorker.updateExternalStatsLocked(BatteryExternalStatsWorker.java:263)
09-26 18:18:30.823  2817  2835 E AndroidRuntime: 	at com.android.server.am.BatteryExternalStatsWorker.-wrap0(Unknown Source:0)
09-26 18:18:30.823  2817  2835 E AndroidRuntime: 	at com.android.server.am.BatteryExternalStatsWorker$1.run(BatteryExternalStatsWorker.java:180)
09-26 18:18:30.823  2817  2835 E AndroidRuntime: 	at java.util.concurrent.Executors$RunnableAdapter.call(Executors.java:457)
09-26 18:18:30.823  2817  2835 E AndroidRuntime: 	at java.util.concurrent.FutureTask.run(FutureTask.java:266)
09-26 18:18:30.823  2817  2835 E AndroidRuntime: 	at java.util.concurrent.ThreadPoolExecutor.runWorker(ThreadPoolExecutor.java:1162)
09-26 18:18:30.823  2817  2835 E AndroidRuntime: 	at java.util.concurrent.ThreadPoolExecutor$Worker.run(ThreadPoolExecutor.java:636)
09-26 18:18:30.823  2817  2835 E AndroidRuntime: 	at java.lang.Thread.run(Thread.java:764)
09-26 18:18:30.824  2817  2835 E AndroidRuntime: Original WTF:
09-26 18:18:30.824  2817  2835 E AndroidRuntime: android.util.Log$TerribleFailure: neither /proc/wakelocks nor /d/wakeup_sources exists
09-26 18:18:30.824  2817  2835 E AndroidRuntime: 	at android.util.Log.wtf(Log.java:299)
09-26 18:18:30.824  2817  2835 E AndroidRuntime: 	at android.util.Slog.wtf(Slog.java:82)
09-26 18:18:30.824  2817  2835 E AndroidRuntime: 	at com.android.internal.os.KernelWakelockReader.readKernelWakelockStats(KernelWakelockReader.java:82)
09-26 18:18:30.824  2817  2835 E AndroidRuntime: 	at com.android.internal.os.BatteryStatsImpl.updateKernelWakelocksLocked(BatteryStatsImpl.java:10380)
09-26 18:18:30.824  2817  2835 E AndroidRuntime: 	at com.android.server.am.BatteryExternalStatsWorker.updateExternalStatsLocked(BatteryExternalStatsWorker.java:263)
09-26 18:18:30.824  2817  2835 E AndroidRuntime: 	at com.android.server.am.BatteryExternalStatsWorker.-wrap0(Unknown Source:0)
09-26 18:18:30.824  2817  2835 E AndroidRuntime: 	at com.android.server.am.BatteryExternalStatsWorker$1.run(BatteryExternalStatsWorker.java:180)
09-26 18:18:30.824  2817  2835 E AndroidRuntime: 	at java.util.concurrent.Executors$RunnableAdapter.call(Executors.java:457)
09-26 18:18:30.824  2817  2835 E AndroidRuntime: 	at java.util.concurrent.FutureTask.run(FutureTask.java:266)
09-26 18:18:30.824  2817  2835 E AndroidRuntime: 	at java.util.concurrent.ThreadPoolExecutor.runWorker(ThreadPoolExecutor.java:1162)
09-26 18:18:30.824  2817  2835 E AndroidRuntime: 	at java.util.concurrent.ThreadPoolExecutor$Worker.run(ThreadPoolExecutor.java:636)
09-26 18:18:30.824  2817  2835 E AndroidRuntime: 	at java.lang.Thread.run(Thread.java:764)
09-26 18:18:30.824  2817  2835 W BatteryStatsImpl: Couldn't get kernel wake lock stats
09-26 18:18:30.824  2817  2835 W KernelMemoryBandwidthStats: No kernel memory bandwidth stats available
09-26 18:18:30.940  2817  2817 I IntentFirewall: Read new rules (A:0 B:0 S:0)
09-26 18:18:30.946  2817  2839 I ServiceThread: Enabled StrictMode logging for android.display looper.
09-26 18:18:30.954  2817  2817 D AppOps  : AppOpsService published
09-26 18:18:30.955  2817  2817 D SystemServerTiming: StartActivityManager took to complete: 205ms
09-26 18:18:30.955  2817  2817 I SystemServer: StartPowerManager
09-26 18:18:30.955  2817  2817 I SystemServiceManager: Starting com.android.server.power.PowerManagerService
09-26 18:18:30.956  2817  2841 I ServiceThread: Enabled StrictMode logging for PowerManagerService looper.
09-26 18:18:30.965  2817  2817 D SystemServerTiming: StartPowerManager took to complete: 10ms
09-26 18:18:30.965  2817  2817 I SystemServer: InitPowerManagement
09-26 18:18:30.966  2817  2817 D SystemServerTiming: InitPowerManagement took to complete: 1ms
09-26 18:18:30.966  2817  2817 I SystemServer: StartRecoverySystemService
09-26 18:18:30.966  2817  2817 I SystemServiceManager: Starting com.android.server.RecoverySystemService
09-26 18:18:30.968  2817  2817 D SystemServerTiming: StartRecoverySystemService took to complete: 2ms
09-26 18:18:30.970  2817  2817 W RescueParty: Noticed 1 events for UID 0 in last 11 sec
09-26 18:18:30.970  2817  2817 I SystemServer: StartLightsService
09-26 18:18:30.970  2817  2817 I SystemServiceManager: Starting com.android.server.lights.LightsService
09-26 18:18:30.970  2817  2817 D SystemServerTiming: StartLightsService took to complete: 0ms
09-26 18:18:30.970  2817  2817 I SystemServer: StartDisplayManager
09-26 18:18:30.970  2817  2817 I SystemServiceManager: Starting com.android.server.display.DisplayManagerService
09-26 18:18:30.973  2817  2817 D SystemServerTiming: StartDisplayManager took to complete: 3ms
09-26 18:18:30.973  2817  2817 I SystemServer: WaitForDisplay
09-26 18:18:30.973  2817  2817 I SystemServiceManager: Starting phase 100
09-26 18:18:30.974  2817  2839 W LocalDisplayAdapter: Unable to get active color mode for display device 0
09-26 18:18:30.974  2817  2839 E LocalDisplayAdapter: Default and active color mode is no longer available! Reverting to first available mode.
09-26 18:18:30.982  2817  2839 I DisplayManagerService: Display device added: DisplayDeviceInfo{"Встроенный экран": uniqueId="local:0", 1080 x 1920, modeId 1, defaultModeId 1, supportedModes [{id=1, width=1080, height=1920, fps=59.0}], colorMode -22, supportedColorModes [-22], HdrCapabilities android.view.Display$HdrCapabilities@a69d6308, density 440, 403.411 x 403.041 dpi, appVsyncOff 1000000, presDeadline 16949152, touch INTERNAL, rotation 0, type BUILT_IN, state UNKNOWN, FLAG_DEFAULT_DISPLAY, FLAG_ROTATES_WITH_CONTENT, FLAG_SECURE, FLAG_SUPPORTS_PROTECTED_BUFFERS}
09-26 18:18:31.012  2817  2817 D SystemServerTiming: WaitForDisplay took to complete: 40ms
09-26 18:18:31.013  2817  2839 I DisplayManagerService: Display device changed state: "Встроенный экран", ON
09-26 18:18:31.013  2817  2817 I SystemServer: StartPackageManagerService
09-26 18:18:31.035  2817  2817 D SELinuxMMAC: Using policy file /system/etc/selinux/plat_mac_permissions.xml
09-26 18:18:31.038  2817  2817 D SELinuxMMAC: Using policy file /vendor/etc/selinux/nonplat_mac_permissions.xml
09-26 18:18:31.183  2817  2817 W PackageManager: Failed to parse /system/framework/arm: Missing base APK in /system/framework/arm
09-26 18:18:31.183  2817  2817 W PackageManager: Failed to parse /system/framework/oat: Missing base APK in /system/framework/oat
09-26 18:18:31.398  2817  2817 W PackageManager: Failed to parse /system/priv-app/PrebuiltGmsCorePix: No packages found in split
09-26 18:18:31.505  2817  2852 W PackageParser: No actions in intent filter at /system/priv-app/CarrierSetup/CarrierSetup.apk Binary XML file line #27
09-26 18:18:31.506  2817  2853 W PackageParser: No actions in intent filter at /system/priv-app/Contacts/Contacts.apk Binary XML file line #444
09-26 18:18:31.534  2817  2855 I PackageParser: Parse times for '/system/priv-app/Settings': parse=150ms, update_cache=45 ms
09-26 18:18:31.539  2817  2817 W PackageManager: Failed to parse /system/priv-app/Phonesky: No packages found in split
09-26 18:18:31.562  2817  2817 W PackageManager: Failed to parse /system/priv-app/GmsCoreSetupPrebuilt: No packages found in split
09-26 18:18:31.604  2817  2855 W PackageParser: Ignoring duplicate uses-permissions/uses-permissions-sdk-m: android.permission.CONFIGURE_WIFI_DISPLAY in package: com.android.systemui at: Binary XML file line #124
09-26 18:18:31.671  2817  2854 W PackageParser: Ignoring duplicate uses-permissions/uses-permissions-sdk-m: android.permission.INSTALL_GRANT_RUNTIME_PERMISSIONS in package: com.android.shell at: Binary XML file line #106
09-26 18:18:31.920  2817  2859 W PackageParser: No actions in intent filter at /system/app/CarrierDefaultApp/CarrierDefaultApp.apk Binary XML file line #50
09-26 18:18:32.050  2817  2817 W PackageManager: Failed to scan /system/app/NetHunter-Store: Package com.offsec.nethunter.store at /system/app/NetHunter-Store ignored: updated version 2019030200 better than this 2019030200
09-26 18:18:32.073  2817  2859 W PackageParser: No actions in intent filter at /system/app/NetHunter/NetHunter.apk Binary XML file line #56
09-26 18:18:32.076  2817  2817 W PackageManager: Failed to scan /system/app/NetHunter: Package com.offsec.nethunter at /system/app/NetHunter ignored: updated version 2020022600 better than this 2020010800
09-26 18:18:32.086  2817  2817 W PackageManager: Failed to parse /system/app/mcRegistry: Missing base APK in /system/app/mcRegistry
09-26 18:18:32.121  2817  2858 W PackageParser: No actions in intent filter at /system/app/NetHunter-Terminal/NetHunterTerminal.apk Binary XML file line #200
09-26 18:18:32.126  2817  2817 W PackageManager: Failed to scan /system/app/NetHunter-Terminal: Package com.offsec.nhterm at /system/app/NetHunter-Terminal ignored: updated version 2020010200 better than this 2020010200
09-26 18:18:32.172  2817  2857 W PackageParser: Ignoring duplicate uses-permissions/uses-permissions-sdk-m: android.permission.READ_CONTACTS in package: com.android.bluetooth at: Binary XML file line #61
09-26 18:18:32.174  2817  2857 W PackageParser: No actions in intent filter at /system/app/Bluetooth/Bluetooth.apk Binary XML file line #225
09-26 18:18:32.186  2817  2817 I PackageManager: Finished scanning system apps. Time: 1009 ms, packageCount: 112 , timePerPackage: 9 , cached: 2
09-26 18:18:32.264  2817  2860 W PackageParser: No actions in intent filter at /data/app/com.offsec.nethunter-J3JShSau8iU4tLL_zjKOGQ==/base.apk Binary XML file line #59
09-26 18:18:32.275  2817  2863 W PackageParser: No actions in intent filter at /data/app/com.offsec.nhterm-OyYa3rYZ1x2HkfoxH-GGZw==/base.apk Binary XML file line #200
09-26 18:18:32.378  2817  2862 W PackageParser: Ignoring duplicate uses-permissions/uses-permissions-sdk-m: android.permission.RECEIVE_BOOT_COMPLETED in package: me.twrp.twrpapp at: Binary XML file line #18
09-26 18:18:32.381  2817  2817 I PackageManager: /data/app/me.twrp.twrpapp-1 changed; collecting certs
09-26 18:18:32.388  2817  2817 W PackageManager: Failed to scan /data/app/me.twrp.twrpapp-1: Application package me.twrp.twrpapp not found; ignoring.
09-26 18:18:32.398  2817  2817 I PackageManager: Finished scanning non-system apps. Time: 212 ms, packageCount: 15 , timePerPackage: 14 , cached: 0
09-26 18:18:32.400  2817  2817 E PackageManager: updateAllSharedLibrariesLPw failed: Package com.google.android.carriersetup requires unavailable shared library com.verizon.provider; failing!
09-26 18:18:32.405  2817  2817 I PackageManager: Time to scan packages: 1.228 seconds
09-26 18:18:32.408  2817  2817 I PackageManager: Un-granting permission android.permission.CLEAR_APP_USER_DATA from package com.android.packageinstaller (protectionLevel=258 flags=0x38483e45)
09-26 18:18:32.408  2817  2817 I PackageManager: Un-granting permission android.permission.GRANT_RUNTIME_PERMISSIONS from package com.android.packageinstaller (protectionLevel=770 flags=0x38483e45)
09-26 18:18:32.408  2817  2817 I PackageManager: Un-granting permission android.permission.REVOKE_RUNTIME_PERMISSIONS from package com.android.packageinstaller (protectionLevel=770 flags=0x38483e45)
09-26 18:18:32.408  2817  2817 I PackageManager: Un-granting permission android.permission.INSTALL_GRANT_RUNTIME_PERMISSIONS from package com.android.packageinstaller (protectionLevel=770 flags=0x38483e45)
09-26 18:18:32.408  2817  2817 I PackageManager: Un-granting permission android.permission.INTERACT_ACROSS_USERS_FULL from package com.android.packageinstaller (protectionLevel=258 flags=0x38483e45)
09-26 18:18:32.408  2817  2817 I PackageManager: Un-granting permission android.permission.KILL_UID from package com.android.packageinstaller (protectionLevel=258 flags=0x38483e45)
09-26 18:18:32.408  2817  2817 I PackageManager: Un-granting permission android.permission.MANAGE_APP_OPS_RESTRICTIONS from package com.android.packageinstaller (protectionLevel=258 flags=0x38483e45)
09-26 18:18:32.408  2817  2817 I PackageManager: Un-granting permission android.permission.HIDE_NON_SYSTEM_OVERLAY_WINDOWS from package com.android.packageinstaller (protectionLevel=258 flags=0x38483e45)
09-26 18:18:32.408  2817  2817 I PackageManager: Un-granting permission android.permission.ACCESS_INSTANT_APPS from package com.android.packageinstaller (protectionLevel=770 flags=0x38483e45)
09-26 18:18:32.410  2817  2817 V PackageManager: reconcileAppsData for null u0 0x3 migrateAppData=true
09-26 18:18:32.520  2817  2817 V PackageManager: reconcileAppsData finished 20 packages
09-26 18:18:32.520  2817  2817 V PackageManager: Disabling com.google.android.gsf/com.google.android.gsf.update.SystemUpdateActivity
09-26 18:18:32.521  2817  2864 D SystemServerInitThreadPool: Started executing prepareAppData
09-26 18:18:32.521  2817  2817 W PackageManager: Unable to disable com.google.android.gsf/com.google.android.gsf.update.SystemUpdateActivity
09-26 18:18:32.521  2817  2817 V PackageManager: Disabling com.google.android.gsf/com.google.android.gsf.update.SystemUpdateService$Receiver
09-26 18:18:32.521  2817  2817 W PackageManager: Unable to disable com.google.android.gsf/com.google.android.gsf.update.SystemUpdateService$Receiver
09-26 18:18:32.521  2817  2817 V PackageManager: Disabling com.google.android.gsf/com.google.android.gsf.update.SystemUpdateService$SecretCodeReceiver
09-26 18:18:32.521  2817  2817 W PackageManager: Unable to disable com.google.android.gsf/com.google.android.gsf.update.SystemUpdateService$SecretCodeReceiver
09-26 18:18:32.521  2817  2817 V PackageManager: Disabling com.google.android.gsf/com.google.android.gsf.update.SystemUpdateServiceReceiver
09-26 18:18:32.521  2817  2817 W PackageManager: Unable to disable com.google.android.gsf/com.google.android.gsf.update.SystemUpdateServiceReceiver
09-26 18:18:32.521  2817  2817 V PackageManager: Disabling com.google.android.gms/com.google.android.gms.update.SystemUpdateActivity
09-26 18:18:32.521  2817  2817 W PackageManager: Unable to disable com.google.android.gms/com.google.android.gms.update.SystemUpdateActivity
09-26 18:18:32.521  2817  2817 V PackageManager: Disabling com.google.android.gms/com.google.android.gms.update.SystemUpdateService$Receiver
09-26 18:18:32.521  2817  2817 W PackageManager: Unable to disable com.google.android.gms/com.google.android.gms.update.SystemUpdateService$Receiver
09-26 18:18:32.521  2817  2817 V PackageManager: Disabling com.google.android.gms/com.google.android.gms.update.SystemUpdateService$ActiveReceiver
09-26 18:18:32.521  2817  2817 W PackageManager: Unable to disable com.google.android.gms/com.google.android.gms.update.SystemUpdateService$ActiveReceiver
09-26 18:18:32.521  2817  2817 V PackageManager: Disabling com.google.android.gms/com.google.android.gms.update.SystemUpdateService$SecretCodeReceiver
09-26 18:18:32.521  2817  2817 W PackageManager: Unable to disable com.google.android.gms/com.google.android.gms.update.SystemUpdateService$SecretCodeReceiver
09-26 18:18:32.521  2817  2817 V PackageManager: Disabling com.google.android.gms/com.google.android.gms.update.SystemUpdateServiceReceiver
09-26 18:18:32.521  2817  2817 W PackageManager: Unable to disable com.google.android.gms/com.google.android.gms.update.SystemUpdateServiceReceiver
09-26 18:18:32.521  2817  2817 V PackageManager: Disabling com.google.android.setupwizard/com.google.android.setupwizard.time.DateTimeCheck
09-26 18:18:32.521  2817  2817 V PackageManager: Enabling com.google.android.gsf/com.google.android.gsf.update.SystemUpdateService
09-26 18:18:32.521  2817  2817 W PackageManager: Unable to enable com.google.android.gsf/com.google.android.gsf.update.SystemUpdateService
09-26 18:18:32.521  2817  2817 V PackageManager: Enabling com.google.android.gms/com.google.android.gms.update.SystemUpdateService
09-26 18:18:32.521  2817  2817 W PackageManager: Unable to enable com.google.android.gms/com.google.android.gms.update.SystemUpdateService
09-26 18:18:32.646  2817  2817 D PackageManager: Ephemeral resolver not found with new action; try old one
09-26 18:18:32.646  2817  2817 D PackageManager: Ephemeral resolver NOT found; no matching intent filters
09-26 18:18:32.647  2817  2817 D PackageManager: Ephemeral installer not found with new action; try old one
09-26 18:18:32.647  2817  2817 D PackageManager: Clear ephemeral installer activity
09-26 18:18:32.700  2817  2864 D SystemServerTimingAsync: AppDataFixup took to complete: 180ms
09-26 18:18:32.735  2817  2817 D SystemServerTiming: StartPackageManagerService took to complete: 1722ms
09-26 18:18:32.736  2817  2817 I SystemServer: StartOtaDexOptService
09-26 18:18:32.742  2817  2817 D OTADexopt: No upgrade, skipping A/B artifacts check.
09-26 18:18:32.742  2817  2817 D SystemServerTiming: StartOtaDexOptService took to complete: 6ms
09-26 18:18:32.742  2817  2817 I SystemServer: StartUserManagerService
09-26 18:18:32.743  2817  2817 I SystemServiceManager: Starting com.android.server.pm.UserManagerService$LifeCycle
09-26 18:18:32.743  2817  2817 D SystemServerTiming: StartUserManagerService took to complete: 0ms
09-26 18:18:32.743  2817  2817 I SystemServer: InitAttributerCache
09-26 18:18:32.744  2817  2817 D SystemServerTiming: InitAttributerCache took to complete: 0ms
09-26 18:18:32.744  2817  2817 I SystemServer: SetSystemProcess
09-26 18:18:32.753  2817  2817 D SystemServerTiming: SetSystemProcess took to complete: 9ms
09-26 18:18:32.754  2817  2866 I ServiceThread: Enabled StrictMode logging for android.anim looper.
09-26 18:18:32.754  2817  2817 I SystemServer: StartOverlayManagerService
09-26 18:18:32.756  2817  2817 D SystemServerTiming: StartOverlayManagerService took to complete: 2ms
09-26 18:18:32.757  2817  2867 D SystemServerInitThreadPool: Started executing Init OverlayManagerService
09-26 18:18:32.757  2817  2817 I SystemServer: StartDropBoxManager
09-26 18:18:32.757  2817  2868 D SystemServerInitThreadPool: Started executing StartSensorService
09-26 18:18:32.757  2817  2817 I SystemServiceManager: Starting com.android.server.DropBoxManagerService
09-26 18:18:32.761  2817  2817 D SystemServerTiming: StartDropBoxManager took to complete: 4ms
09-26 18:18:32.762  2817  2817 I SystemServer: StartBatteryService
09-26 18:18:32.762  2817  2817 I SystemServiceManager: Starting com.android.server.BatteryService
09-26 18:18:32.774  2817  2817 D SystemServerTiming: StartBatteryService took to complete: 12ms
09-26 18:18:32.774  2817  2817 I SystemServer: StartUsageService
09-26 18:18:32.774  2817  2835 E BatteryExternalStatsWorker: no controller energy info supplied for telephony
09-26 18:18:32.774  2817  2817 I SystemServiceManager: Starting com.android.server.usage.UsageStatsService
09-26 18:18:32.775  2817  2835 E KernelUidCpuFreqTimeReader: Failed to read /proc/uid_time_in_state: java.io.FileNotFoundException: /proc/uid_time_in_state (No such file or directory)
09-26 18:18:32.777  2817  2835 E KernelWakelockReader: neither /proc/wakelocks nor /d/wakeup_sources exists
09-26 18:18:32.777  2817  2835 W BatteryStatsImpl: Couldn't get kernel wake lock stats
09-26 18:18:32.780  2817  2832 D ActivityThread: Loading provider settings: com.android.providers.settings.SettingsProvider
09-26 18:18:32.780  2817  2835 E KernelUidCpuFreqTimeReader: Failed to read /proc/uid_time_in_state: java.io.FileNotFoundException: /proc/uid_time_in_state (No such file or directory)
09-26 18:18:32.780  2817  2868 D SystemServerTimingAsync: StartSensorService took to complete: 23ms
09-26 18:18:32.780  2817  2868 D SystemServerInitThreadPool: Finished executing StartSensorService
09-26 18:18:32.783  2817  2817 D SystemServerTiming: StartUsageService took to complete: 9ms
09-26 18:18:32.783  2817  2817 I SystemServer: StartWebViewUpdateService
09-26 18:18:32.783  2817  2817 I SystemServiceManager: Starting com.android.server.webkit.WebViewUpdateService
09-26 18:18:32.791  2817  2817 D SystemServerTiming: StartWebViewUpdateService took to complete: 8ms
09-26 18:18:32.792  2817  2817 I SystemServer: StartKeyAttestationApplicationIdProviderService
09-26 18:18:32.792  2817  2830 D SystemServerInitThreadPool: Started executing SecondaryZygotePreload
09-26 18:18:32.792  2817  2830 I SystemServer: SecondaryZygotePreload
09-26 18:18:32.793  2817  2817 D SystemServerTiming: StartKeyAttestationApplicationIdProviderService took to complete: 1ms
09-26 18:18:32.794  2817  2817 I SystemServer: StartKeyChainSystemService
09-26 18:18:32.794  2817  2817 I SystemServiceManager: Starting com.android.server.security.KeyChainSystemService
09-26 18:18:32.794  2817  2817 D SystemServerTiming: StartKeyChainSystemService took to complete: 0ms
09-26 18:18:32.795  2817  2817 I SystemServer: StartSchedulingPolicyService
09-26 18:18:32.796  2817  2817 D SystemServerTiming: StartSchedulingPolicyService took to complete: 1ms
09-26 18:18:32.796  2817  2817 I SystemServer: StartTelecomLoaderService
09-26 18:18:32.797  2817  2817 I SystemServiceManager: Starting com.android.server.telecom.TelecomLoaderService
09-26 18:18:32.802  2817  2817 D SystemServerTiming: StartTelecomLoaderService took to complete: 6ms
09-26 18:18:32.802  2817  2817 I SystemServer: StartTelephonyRegistry
09-26 18:18:32.806  2817  2817 D SystemServerTiming: StartTelephonyRegistry took to complete: 4ms
09-26 18:18:32.806  2817  2817 I SystemServer: StartEntropyMixer
09-26 18:18:32.814  2817  2830 E SystemServer: Unable to preload default resources
09-26 18:18:32.814  2817  2830 D SystemServerTimingAsync: SecondaryZygotePreload took to complete: 22ms
09-26 18:18:32.814  2817  2830 D SystemServerInitThreadPool: Finished executing SecondaryZygotePreload
09-26 18:18:32.832  2817  2817 I EntropyMixer: Added HW RNG output to entropy pool
09-26 18:18:32.832  2817  2817 I EntropyMixer: Writing entropy...
09-26 18:18:32.838  2817  2817 D SystemServerTiming: StartEntropyMixer took to complete: 32ms
09-26 18:18:32.838  2817  2817 I SystemServer: StartAccountManagerService
09-26 18:18:32.839  2817  2817 I SystemServiceManager: Starting com.android.server.accounts.AccountManagerService$Lifecycle
09-26 18:18:32.846  2817  2817 D SystemServerTiming: StartAccountManagerService took to complete: 8ms
09-26 18:18:32.846  2817  2817 I SystemServer: StartContentService
09-26 18:18:32.847  2817  2817 I SystemServiceManager: Starting com.android.server.content.ContentService$Lifecycle
09-26 18:18:32.849  2817  2817 D SystemServerTiming: StartContentService took to complete: 3ms
09-26 18:18:32.849  2817  2817 I SystemServer: InstallSystemProviders
09-26 18:18:32.893  2817  2817 D SystemServerTiming: InstallSystemProviders took to complete: 44ms
09-26 18:18:32.893  2817  2817 I SystemServer: StartVibratorService
09-26 18:18:32.899  2817  2817 D SystemServerTiming: StartVibratorService took to complete: 6ms
09-26 18:18:32.899  2817  2817 I SystemServer: StartConsumerIrService
09-26 18:18:32.902  2817  2817 D SystemServerTiming: StartConsumerIrService took to complete: 3ms
09-26 18:18:32.902  2817  2817 I SystemServer: StartAlarmManagerService
09-26 18:18:32.902  2817  2817 I SystemServiceManager: Starting com.android.server.AlarmManagerService
09-26 18:18:32.908  2817  2817 D SystemServerTiming: StartAlarmManagerService took to complete: 6ms
09-26 18:18:32.909  2817  2817 I SystemServer: InitWatchdog
09-26 18:18:32.909  2817  2817 D SystemServerTiming: InitWatchdog took to complete: 0ms
09-26 18:18:32.909  2817  2817 I SystemServer: StartInputManagerService
09-26 18:18:32.909  2817  2817 I InputManager: Initializing input manager, mUseDevInputEventForAudioJack=false
09-26 18:18:32.910  2817  2817 D SystemServerTiming: StartInputManagerService took to complete: 1ms
09-26 18:18:32.910  2817  2817 I SystemServer: StartWindowManagerService
09-26 18:18:32.926  2817  2839 I WindowManager: No existing display settings /data/system/display_settings.xml; starting empty
09-26 18:18:33.145  2817  2833 W Looper  : Dispatch took 200ms on android.ui, h=Handler (android.os.Handler) {a562902} cb=android.os.Handler$BlockingRunnable@d221c50 msg=0
09-26 18:18:33.147  2817  2817 D SystemServerTiming: StartWindowManagerService took to complete: 237ms
09-26 18:18:33.148  2817  2868 D SystemServerInitThreadPool: Started executing StartHidlServices
09-26 18:18:33.148  2817  2817 I SystemServer: StartVrManagerService
09-26 18:18:33.148  2817  2817 I SystemServiceManager: Starting com.android.server.vr.VrManagerService
09-26 18:18:33.154  2817  2868 D SystemServerTimingAsync: StartHidlServices took to complete: 6ms
09-26 18:18:33.154  2817  2868 D SystemServerInitThreadPool: Finished executing StartHidlServices
09-26 18:18:33.155  2817  2817 D SystemServerTiming: StartVrManagerService took to complete: 7ms
09-26 18:18:33.155  2817  2817 I SystemServer: SetWindowManagerService
09-26 18:18:33.160  2817  2817 D SystemServerTiming: SetWindowManagerService took to complete: 5ms
09-26 18:18:33.160  2817  2817 I SystemServer: StartInputManager
09-26 18:18:33.160  2817  2817 I InputManager: Starting input manager
09-26 18:18:33.164  2817  2817 D SystemServerTiming: StartInputManager took to complete: 4ms
09-26 18:18:33.164  2817  2817 I SystemServer: DisplayManagerWindowManagerAndInputReady
09-26 18:18:33.164  2817  2817 D SystemServerTiming: DisplayManagerWindowManagerAndInputReady took to complete: 0ms
09-26 18:18:33.164  2817  2817 I SystemServer: StartBluetoothService
09-26 18:18:33.165  2817  2817 I SystemServiceManager: Starting com.android.server.BluetoothService
09-26 18:18:33.168  2817  2817 D BluetoothManagerService: Loading stored name and address
09-26 18:18:33.168  2817  2817 D BluetoothManagerService: Stored bluetooth Name=Galaxy J7 Pro,Address=80:4E:70:53:3D:13
09-26 18:18:33.169  2817  2817 D BluetoothManagerService: Bluetooth persisted state: 0
09-26 18:18:33.169  2817  2817 D SystemServerTiming: StartBluetoothService took to complete: 4ms
09-26 18:18:33.169  2817  2817 I SystemServer: IpConnectivityMetrics
09-26 18:18:33.169  2817  2817 I SystemServiceManager: Starting com.android.server.connectivity.IpConnectivityMetrics
09-26 18:18:33.174  2817  2817 D SystemServerTiming: IpConnectivityMetrics took to complete: 5ms
09-26 18:18:33.174  2817  2817 I SystemServer: PinnerService
09-26 18:18:33.175  2817  2817 I SystemServiceManager: Starting com.android.server.PinnerService
09-26 18:18:33.177  2817  2817 D SystemServerTiming: PinnerService took to complete: 3ms
09-26 18:18:33.177  2817  2817 I SystemServer: StartInputMethodManagerLifecycle
09-26 18:18:33.177  2817  2817 I SystemServiceManager: Starting com.android.server.InputMethodManagerService$Lifecycle
09-26 18:18:33.187  2817  2817 D SystemServerTiming: StartInputMethodManagerLifecycle took to complete: 10ms
09-26 18:18:33.187  2817  2817 I SystemServer: StartAccessibilityManagerService
09-26 18:18:33.191  2817  2817 D SystemServerTiming: StartAccessibilityManagerService took to complete: 4ms
09-26 18:18:33.192  2817  2817 I SystemServer: MakeDisplayReady
09-26 18:18:33.193  2817  2817 I ActivityManager: Config changes=5df8 {1.0 ?mcc?mnc [ru_RU] ldltr sw392dp w392dp h698dp 440dpi nrml long port ?uimode ?night -touch -keyb/h/h -nav/h appBounds=Rect(0, 0 - 1080, 1920) s.2}
09-26 18:18:33.203  2817  2817 I ActivityManager: Override config changes=40007dfc {1.0 ?mcc?mnc [ru_RU] ldltr sw392dp w392dp h698dp 440dpi nrml long port ?uimode ?night -touch -keyb/h/h -nav/h appBounds=Rect(0, 0 - 1080, 1920) s.2} for displayId=0
09-26 18:18:33.206  2817  2817 W LocalDisplayAdapter: Unable to find color mode 0, ignoring request.
09-26 18:18:33.224  2817  2831 I UsageStatsService: User[0] Rollover scheduled @ 2020-06-23 12:02:52(1592902972865)
09-26 18:18:33.224  2817  2817 I ActivityManager: Config changes=400 {1.0 ?mcc?mnc [ru_RU] ldltr sw392dp w392dp h674dp 440dpi nrml long port ?uimode ?night -touch -keyb/h/h -nav/h appBounds=Rect(0, 0 - 1080, 1920) s.3}
09-26 18:18:33.224  2817  2831 I UsageStatsService: User[0] Rolling over usage stats
09-26 18:18:33.235  2817  2817 I ActivityManager: Override config changes=400 {1.0 ?mcc?mnc [ru_RU] ldltr sw392dp w392dp h674dp 440dpi nrml long port ?uimode ?night -touch -keyb/h/h -nav/h appBounds=Rect(0, 0 - 1080, 1920) s.3} for displayId=0
09-26 18:18:33.241  2817  2817 W LocalDisplayAdapter: Unable to find color mode 0, ignoring request.
09-26 18:18:33.241  2817  2817 D SystemServerTiming: MakeDisplayReady took to complete: 49ms
09-26 18:18:33.241  2817  2817 I SystemServer: StartStorageManagerService
09-26 18:18:33.242  2817  2817 I SystemServiceManager: Starting com.android.server.StorageManagerService$Lifecycle
09-26 18:18:33.251  2817  2831 I UsageStatsService: User[0] Rollover scheduled @ 2020-09-27 18:18:33(1601219913194)
09-26 18:18:33.251  2817  2831 I UsageStatsService: User[0] Rolling over usage stats complete. Took 27 milliseconds
09-26 18:18:33.252  2817  2817 D SystemServerTiming: StartStorageManagerService took to complete: 10ms
09-26 18:18:33.252  2817  2817 I SystemServer: StartStorageStatsService
09-26 18:18:33.252  2817  2817 I SystemServiceManager: Starting com.android.server.usage.StorageStatsService$Lifecycle
09-26 18:18:33.252  2817  2912 D StorageManagerService: Thinking about init, mSystemReady=false, mDaemonConnected=true
09-26 18:18:33.252  2817  2912 D StorageManagerService: Thinking about reset, mSystemReady=false, mDaemonConnected=true
09-26 18:18:33.252  2817  2912 D StorageManagerService: Thinking about init, mSystemReady=false, mDaemonConnected=true
09-26 18:18:33.252  2817  2912 D StorageManagerService: Thinking about reset, mSystemReady=false, mDaemonConnected=true
09-26 18:18:33.253  2817  2912 D CryptdConnector: SND -> {1 cryptfs getfield SystemLocale}
09-26 18:18:33.256  2817  2817 D SystemServerTiming: StartStorageStatsService took to complete: 4ms
09-26 18:18:33.256  2817  2817 I SystemServer: StartUiModeManager
09-26 18:18:33.257  2817  2817 I SystemServiceManager: Starting com.android.server.UiModeManagerService
09-26 18:18:33.259  2817  2830 D SystemServerInitThreadPool: Started executing UiModeManager.onStart
09-26 18:18:33.259  2817  2830 I ActivityManager: Config changes=200 {1.0 ?mcc?mnc [ru_RU] ldltr sw392dp w392dp h674dp 440dpi nrml long port -touch -keyb/h/h -nav/h appBounds=Rect(0, 0 - 1080, 1920) s.4}
09-26 18:18:33.259  2817  2817 D SystemServerTiming: StartUiModeManager took to complete: 3ms
09-26 18:18:33.259  2817  2817 I SystemServer: UpdatePackagesIfNeeded
09-26 18:18:33.259  2817  2817 D SystemServerTiming: UpdatePackagesIfNeeded took to complete: 0ms
09-26 18:18:33.259  2817  2817 I SystemServer: PerformFstrimIfNeeded
09-26 18:18:33.260  2817  2817 W PackageManager: No disk maintenance in 8316653260; running immediately
09-26 18:18:33.260  2817  2817 D SystemServerTiming: PerformFstrimIfNeeded took to complete: 1ms
09-26 18:18:33.261  2817  2817 I SystemServer: StartLockSettingsService
09-26 18:18:33.261  2817  2817 I SystemServiceManager: Starting com.android.server.locksettings.LockSettingsService$Lifecycle
09-26 18:18:33.271  2817  2830 I ActivityManager: Override config changes=200 {1.0 ?mcc?mnc [ru_RU] ldltr sw392dp w392dp h674dp 440dpi nrml long port -touch -keyb/h/h -nav/h appBounds=Rect(0, 0 - 1080, 1920) s.4} for displayId=0
09-26 18:18:33.272  2817  2830 D SystemServerInitThreadPool: Finished executing UiModeManager.onStart
09-26 18:18:33.275  2817  2817 D SystemServerTiming: StartLockSettingsService took to complete: 14ms
09-26 18:18:33.275  2817  2817 I SystemServer: StartPersistentDataBlock
09-26 18:18:33.276  2817  2817 I SystemServiceManager: Starting com.android.server.PersistentDataBlockService
09-26 18:18:33.277  2817  2817 D SystemServerTiming: StartPersistentDataBlock took to complete: 1ms
09-26 18:18:33.277  2817  2868 D SystemServerInitThreadPool: Started executing PersistentDataBlockService.onStart
09-26 18:18:33.277  2817  2817 I SystemServer: StartOemLockService
09-26 18:18:33.278  2817  2817 I SystemServiceManager: Starting com.android.server.oemlock.OemLockService
09-26 18:18:33.278  2817  2868 E PersistentDataBlockService: not able to find package com.google.android.gms
09-26 18:18:33.278  2817  2868 E PersistentDataBlockService: android.content.pm.PackageManager$NameNotFoundException: com.google.android.gms
09-26 18:18:33.278  2817  2868 E PersistentDataBlockService: 	at android.app.ApplicationPackageManager.getPackageUidAsUser(ApplicationPackageManager.java:282)
09-26 18:18:33.278  2817  2868 E PersistentDataBlockService: 	at com.android.server.PersistentDataBlockService.getAllowedUid(PersistentDataBlockService.java:112)
09-26 18:18:33.278  2817  2868 E PersistentDataBlockService: 	at com.android.server.PersistentDataBlockService.lambda$-com_android_server_PersistentDataBlockService_5033(PersistentDataBlockService.java:125)
09-26 18:18:33.278  2817  2868 E PersistentDataBlockService: 	at com.android.server.-$Lambda$VaVGUZuNs2jqHMhhxPzwNl4zK-M.$m$3(Unknown Source:4)
09-26 18:18:33.278  2817  2868 E PersistentDataBlockService: 	at com.android.server.-$Lambda$VaVGUZuNs2jqHMhhxPzwNl4zK-M.run(Unknown Source:23)
09-26 18:18:33.278  2817  2868 E PersistentDataBlockService: 	at com.android.server.SystemServerInitThreadPool.lambda$-com_android_server_SystemServerInitThreadPool_2249(SystemServerInitThreadPool.java:64)
09-26 18:18:33.278  2817  2868 E PersistentDataBlockService: 	at com.android.server.-$Lambda$Ganck_s9Kl5o2K6eVDoQTKLc-6g.$m$2(Unknown Source:8)
09-26 18:18:33.278  2817  2868 E PersistentDataBlockService: 	at com.android.server.-$Lambda$Ganck_s9Kl5o2K6eVDoQTKLc-6g.run(Unknown Source:19)
09-26 18:18:33.278  2817  2868 E PersistentDataBlockService: 	at java.util.concurrent.Executors$RunnableAdapter.call(Executors.java:457)
09-26 18:18:33.278  2817  2868 E PersistentDataBlockService: 	at java.util.concurrent.FutureTask.run(FutureTask.java:266)
09-26 18:18:33.278  2817  2868 E PersistentDataBlockService: 	at java.util.concurrent.ThreadPoolExecutor.runWorker(ThreadPoolExecutor.java:1162)
09-26 18:18:33.278  2817  2868 E PersistentDataBlockService: 	at java.util.concurrent.ThreadPoolExecutor$Worker.run(ThreadPoolExecutor.java:636)
09-26 18:18:33.278  2817  2868 E PersistentDataBlockService: 	at com.android.internal.util.ConcurrentUtils$1$1.run(ConcurrentUtils.java:59)
09-26 18:18:33.280  2817  2817 I OemLock : OemLock HAL not present on device
09-26 18:18:33.280  2817  2817 I OemLock : Using persistent data block based lock
09-26 18:18:33.283  2817  2817 D SystemServerTiming: StartOemLockService took to complete: 6ms
09-26 18:18:33.283  2817  2817 I SystemServer: StartDeviceIdleController
09-26 18:18:33.284  2817  2817 I SystemServiceManager: Starting com.android.server.DeviceIdleController
09-26 18:18:33.288  2817  2817 D SystemServerTiming: StartDeviceIdleController took to complete: 5ms
09-26 18:18:33.289  2817  2817 I SystemServer: StartDevicePolicyManager
09-26 18:18:33.289  2817  2817 I SystemServiceManager: Starting com.android.server.devicepolicy.DevicePolicyManagerService$Lifecycle
09-26 18:18:33.292  2817  2914 D CryptdConnector: RCV <- {200 1 -1}
09-26 18:18:33.293  2817  2912 W StorageManagerService: No primary storage mounted!
09-26 18:18:33.293  2817  2912 D VoldConnector: SND -> {1 asec list}
09-26 18:18:33.294  2817  2913 D VoldConnector: RCV <- {200 1 asec operation succeeded}
09-26 18:18:33.299  2817  2868 D SystemServerInitThreadPool: Finished executing PersistentDataBlockService.onStart
09-26 18:18:33.299  2817  2817 D SystemServerTiming: StartDevicePolicyManager took to complete: 10ms
09-26 18:18:33.299  2817  2817 I SystemServer: StartStatusBarManagerService
09-26 18:18:33.302  2817  2817 D SystemServerTiming: StartStatusBarManagerService took to complete: 3ms
09-26 18:18:33.302  2817  2817 I SystemServer: StartClipboardService
09-26 18:18:33.303  2817  2817 I SystemServiceManager: Starting com.android.server.clipboard.ClipboardService
09-26 18:18:33.305  2817  2817 D SystemServerTiming: StartClipboardService took to complete: 3ms
09-26 18:18:33.305  2817  2817 I SystemServer: StartNetworkManagementService
09-26 18:18:33.309  2817  2916 I NetworkManagement: onDaemonConnected()
09-26 18:18:33.312  2817  2817 D SystemServerTiming: StartNetworkManagementService took to complete: 7ms
09-26 18:18:33.312  2817  2817 I SystemServer: StartTextServicesManager
09-26 18:18:33.312  2817  2817 I SystemServiceManager: Starting com.android.server.TextServicesManagerService$Lifecycle
09-26 18:18:33.354  2817  2912 W StorageManagerService: No primary storage mounted!
09-26 18:18:33.354  2817  2912 D VoldConnector: SND -> {2 asec list}
09-26 18:18:33.355  2817  2913 D VoldConnector: RCV <- {200 2 asec operation succeeded}
09-26 18:18:33.355  2817  2912 I StorageManagerService: Running fstrim idle maintenance
09-26 18:18:33.356  2817  2912 D VoldConnector: SND -> {3 fstrim dotrim}
09-26 18:18:33.358  2817  2913 D VoldConnector: RCV <- {200 3 Command succeeded}
09-26 18:18:33.358  2519  2917 D vold    : Starting trim of /cache
09-26 18:18:33.359  2817  2817 D SystemServerTiming: StartTextServicesManager took to complete: 47ms
09-26 18:18:33.359  2817  2817 I SystemServer: StartNetworkScoreService
09-26 18:18:33.362  2817  2817 D SystemServerTiming: StartNetworkScoreService took to complete: 3ms
09-26 18:18:33.362  2817  2817 I SystemServer: StartNetworkStatsService
09-26 18:18:33.365  2519  2917 I vold    : Trimmed 96546816 bytes on /cache in 7ms
09-26 18:18:33.365  2519  2917 D vold    : Starting trim of /data
09-26 18:18:33.366  2817  2913 D VoldConnector: RCV <- {662 /cache 96546816 7220346}
09-26 18:18:33.366  2817  2817 D SystemServerTiming: StartNetworkStatsService took to complete: 4ms
09-26 18:18:33.366  2817  2817 I SystemServer: StartNetworkPolicyManagerService
09-26 18:18:33.371  2817  2921 I ServiceThread: Enabled StrictMode logging for NetworkPolicy.uid looper.
09-26 18:18:33.372  2817  2817 D SystemServerTiming: StartNetworkPolicyManagerService took to complete: 6ms
09-26 18:18:33.373  2817  2817 I SystemServer: StartWifi
09-26 18:18:33.378  2817  2817 I SystemServiceManager: Starting com.android.server.wifi.WifiService
09-26 18:18:33.578  2817  2817 D SystemServerTiming: StartWifi took to complete: 205ms
09-26 18:18:33.578  2817  2817 I SystemServer: StartWifiScanning
09-26 18:18:33.579  2817  2817 I SystemServiceManager: Starting com.android.server.wifi.scanner.WifiScanningService
09-26 18:18:33.582  2817  2817 D SystemServerTiming: StartWifiScanning took to complete: 4ms
09-26 18:18:33.582  2817  2817 I SystemServer: StartWifiRtt
09-26 18:18:33.583  2817  2817 I SystemServiceManager: Starting com.android.server.wifi.RttService
09-26 18:18:33.584  2817  2817 D SystemServerTiming: StartWifiRtt took to complete: 2ms
09-26 18:18:33.585  2817  2817 I SystemServer: No Wi-Fi Aware Service (Aware support Not Present)
09-26 18:18:33.585  2817  2817 I SystemServer: StartWifiP2P
09-26 18:18:33.585  2817  2817 I SystemServiceManager: Starting com.android.server.wifi.p2p.WifiP2pService
09-26 18:18:33.594  2817  2817 D SystemServerTiming: StartWifiP2P took to complete: 9ms
09-26 18:18:33.594  2817  2817 I SystemServer: StartEthernet
09-26 18:18:33.595  2817  2817 I SystemServiceManager: Starting com.android.server.ethernet.EthernetService
09-26 18:18:33.603  2817  2817 D SystemServerTiming: StartEthernet took to complete: 9ms
09-26 18:18:33.603  2817  2817 I SystemServer: StartConnectivityService
09-26 18:18:33.610  2817  2817 D ConnectivityService: ConnectivityService starting up
09-26 18:18:33.613  2817  2817 D ConnectivityService: wifiOnly=false
09-26 18:18:33.613  2817  2817 E ConnectivityService: Error in networkAttributes - ignoring attempt to define type 23
09-26 18:18:33.613  2817  2817 E ConnectivityService: Error in networkAttributes - ignoring attempt to define type 24
09-26 18:18:33.613  2817  2817 E ConnectivityService: Error in networkAttributes - ignoring attempt to define type 27
09-26 18:18:33.613  2817  2817 E ConnectivityService: Error in networkAttributes - ignoring attempt to define type 28
09-26 18:18:33.627  2817  2817 D SystemServerTiming: StartConnectivityService took to complete: 24ms
09-26 18:18:33.628  2817  2817 I SystemServer: StartNsdService
09-26 18:18:33.630  2817  2817 D NsdService: Network service discovery is enabled
09-26 18:18:33.633  2817  2817 D SystemServerTiming: StartNsdService took to complete: 5ms
09-26 18:18:33.633  2817  2817 I SystemServer: StartUpdateLockService
09-26 18:18:33.635  2817  2817 D SystemServerTiming: StartUpdateLockService took to complete: 2ms
09-26 18:18:33.635  2817  2817 I SystemServer: WaitForAsecScan
09-26 18:18:33.635  2817  2817 D SystemServerTiming: WaitForAsecScan took to complete: 0ms
09-26 18:18:33.635  2817  2817 I SystemServer: StartNotificationManager
09-26 18:18:33.636  2817  2817 I SystemServiceManager: Starting com.android.server.notification.NotificationManagerService
09-26 18:18:33.684  2817  2817 D ConditionProviders.SCP: new ScheduleConditionProvider()
09-26 18:18:33.692  2817  2817 D ZenLog  : config: readXml,ZenModeConfig[user=0,allowCalls=true,allowRepeatCallers=false,allowMessages=false,allowCallsFrom=contacts,allowMessagesFrom=contacts,allowReminders=true,allowEvents=true,allowWhenScreenOff=true,allowWhenScreenOn=true,automaticRules={EVENTS_DEFAULT_RULE=ZenRule[enabled=false,snoozing=false,name=Event,zenMode=ZEN_MODE_ALARMS,conditionId=condition://android/event?userId=-10000&calendar=&reply=1,condition=Condition[id=condition://android/event?userId=-10000&calendar=&reply=1,summary=...,line1=...,line2=...,icon=0,state=STATE_FALSE,flags=2],component=ComponentInfo{android/com.android.server.notification.EventConditionProvider},id=EVENTS_DEFAULT_RULE,creationTime=1591885584315,enabler=null], SCHEDULED_DEFAULT_RULE_1=ZenRule[enabled=false,snoozing=false,name=Weeknight,zenMode=ZEN_MODE_ALARMS,conditionId=condition://android/schedule?days=1.2.3.4.5&start=22.0&end=7.0&exitAtAlarm=false,condition=Condition[id=condition://android/schedule?days=1.2.3.4.5&start=22.0&end=7.0&exitAtAlarm=false,summary=...,line1=...,line2=...,icon=0,state=STATE_FALSE,flags=2],component=ComponentInfo{android/com.android.server.notification.ScheduleConditionProvider},id=SCHEDULED_DEFAULT_RULE_1,creationTime=1591885584314,enabler=null], SCHEDULED_DEFAULT_RULE_2=ZenRule[enabled=false,snoozing=false,name=Weekend,zenMode=ZEN_MODE_ALARMS,conditionId=condition://android/schedule?days=6.7&start=23.30&end=10.0&exitAtAlarm=false,condition=Condition[id=condition://android/schedule?days=6.7&start=23.30&end=10.0&exitAtAlarm=false,summary=...,line1=...,line2=...,icon=0,state=STATE_FALSE,flags=2],component=ComponentInfo{android/com.android.server.notification.ScheduleConditionProvider},id=SCHEDULED_DEFAULT_RULE_2,creationTime=1591885584314,enabler=null]},manualRule=null],Diff[automaticRule[EVENTS_DEFAULT_RULE].name:Мероприятие->Event,automaticRule[EVENTS_DEFAULT_RULE].condition:null->Condition[id=condition://android/event?userId=-10000&calendar=&reply=1,summary=...,line1=...,line2=...,icon=0,state=STATE_FALSE,flags=2],automaticRule[EVENTS_DEFAULT_RULE].creationTime:1601133513682->1591885584315,automaticRule[SCHEDULED_DEFAULT_RULE_1].name:Будний вечер->Weeknight,automaticRule[SCHEDULED_DEFAULT_RULE_1].condition:null->Condition[id=condition://android/schedule?days=1.2.3.4.5&start=22.0&end=7.0&exitAtAlarm=false,summary=...,line1=...,line2=...,icon=0,state=STATE_FALSE,flags=2],automaticRule[SCHEDULED_DEFAULT_RULE_1].creationTime:1601133513681->1591885584314,automaticRule[SCHEDULED_DEFAULT_RULE_2].name:Выходные->Weekend,automaticRule[SCHEDULED_DEFAULT_RULE_2].condition:null->Condition[id=condition://android/schedule?days=6.7&start=23.30&end=10.0&exitAtAlarm=false,summary=...,line1=...,line2=...,icon=0,state=STATE_FALSE,flags=2],automaticRule[SCHEDULED_DEFAULT_RULE_2].creationTime:1601133513681->1591885584314]
09-26 18:18:33.696  2817  2817 E RankingHelper: createDefaultChannelIfNeeded - Exception: android.content.pm.PackageManager$NameNotFoundException: com.google.android.gms
09-26 18:18:33.699  2817  2817 E RankingHelper: createDefaultChannelIfNeeded - Exception: android.content.pm.PackageManager$NameNotFoundException: com.android.vending
09-26 18:18:33.700  2817  2817 I NotificationListeners: Read notification listener permissions from xml
09-26 18:18:33.700  2817  2817 I ConditionProviders: Read condition provider permissions from xml
09-26 18:18:33.700  2817  2817 I ConditionProviders: Read condition provider permissions from xml
09-26 18:18:33.701  2817  2817 D ZenLog  : set_zen_mode: off,init
